
> scrum-calendar@1.12.0 test
> jest

node.exe : ts-jest[ts-jest-transformer] (WARN) Define `ts-jest` config under `globals` is deprecated. Please do
At line:1 char:1
+ & "C:\Program Files\nodejs/node.exe" "C:\Program Files\nodejs/node_mo ...
+ ~~~~~~~~~~~~~~~~~~~~~~~~~~~~~~~~~~~~~~~~~~~~~~~~~~~~~~~~~~~~~~~~~~~~~
    + CategoryInfo          : NotSpecified: (ts-jest[ts-jest...ated. Please do:String) [], RemoteException
    + FullyQualifiedErrorId : NativeCommandError
 
transform: {
    <transform_regex>: ['ts-jest', { /* ts-jest config goes here in Jest */ }],
},
See more at https://kulshekhar.github.io/ts-jest/docs/getting-started/presets#advanced
ts-jest[ts-jest-transformer] (WARN) Define `ts-jest` config under `globals` is deprecated. Please do
transform: {
    <transform_regex>: ['ts-jest', { /* ts-jest config goes here in Jest */ }],
},
See more at https://kulshekhar.github.io/ts-jest/docs/getting-started/presets#advanced
ts-jest[ts-jest-transformer] (WARN) Define `ts-jest` config under `globals` is deprecated. Please do
transform: {
    <transform_regex>: ['ts-jest', { /* ts-jest config goes here in Jest */ }],
},
See more at https://kulshekhar.github.io/ts-jest/docs/getting-started/presets#advanced
ts-jest[ts-jest-transformer] (WARN) Define `ts-jest` config under `globals` is deprecated. Please do
transform: {
    <transform_regex>: ['ts-jest', { /* ts-jest config goes here in Jest */ }],
},
See more at https://kulshekhar.github.io/ts-jest/docs/getting-started/presets#advanced
ts-jest[ts-jest-transformer] (WARN) Define `ts-jest` config under `globals` is deprecated. Please do
transform: {
    <transform_regex>: ['ts-jest', { /* ts-jest config goes here in Jest */ }],
},
See more at https://kulshekhar.github.io/ts-jest/docs/getting-started/presets#advanced
ts-jest[ts-jest-transformer] (WARN) Define `ts-jest` config under `globals` is deprecated. Please do
transform: {
    <transform_regex>: ['ts-jest', { /* ts-jest config goes here in Jest */ }],
},
See more at https://kulshekhar.github.io/ts-jest/docs/getting-started/presets#advanced
ts-jest[ts-jest-transformer] (WARN) Define `ts-jest` config under `globals` is deprecated. Please do
transform: {
    <transform_regex>: ['ts-jest', { /* ts-jest config goes here in Jest */ }],
},
See more at https://kulshekhar.github.io/ts-jest/docs/getting-started/presets#advanced
ts-jest[ts-jest-transformer] (WARN) Define `ts-jest` config under `globals` is deprecated. Please do
transform: {
    <transform_regex>: ['ts-jest', { /* ts-jest config goes here in Jest */ }],
},
See more at https://kulshekhar.github.io/ts-jest/docs/getting-started/presets#advanced
ts-jest[ts-jest-transformer] (WARN) Define `ts-jest` config under `globals` is deprecated. Please do
transform: {
    <transform_regex>: ['ts-jest', { /* ts-jest config goes here in Jest */ }],
},
See more at https://kulshekhar.github.io/ts-jest/docs/getting-started/presets#advanced
ts-jest[ts-jest-transformer] (WARN) Define `ts-jest` config under `globals` is deprecated. Please do
transform: {
    <transform_regex>: ['ts-jest', { /* ts-jest config goes here in Jest */ }],
},
See more at https://kulshekhar.github.io/ts-jest/docs/getting-started/presets#advanced
ts-jest[ts-jest-transformer] (WARN) Define `ts-jest` config under `globals` is deprecated. Please do
transform: {
    <transform_regex>: ['ts-jest', { /* ts-jest config goes here in Jest */ }],
},
See more at https://kulshekhar.github.io/ts-jest/docs/getting-started/presets#advanced

<--- Last few GCs --->

[43188:0000028F18469000]   131576 ms: Scavenge (during sweeping) 757.3 (823.7) -> 737.0 (847.2) MB, pooled: 0.0 MB, 
46.61 / 0.00 ms (average mu = 0.995, current mu = 0.995) allocation failure; 
[43188:0000028F18469000]   142094 ms: Scavenge (during sweeping) 794.5 (860.8) -> 760.6 (882.3) MB, pooled: 0.0 MB, 
115.92 / 0.18 ms (average mu = 0.995, current mu = 0.995) allocation failure; 

FATAL ERROR: AlignedAlloc Allocation failed - process out of memory
----- Native stack trace -----

FAIL server src/server/__tests__/uiPlan.test.ts
  ΓùÅ Test suite failed to run

    A jest worker process (pid=43188) was terminated by another process: signal=SIGTERM, exitCode=null. Operating 
system logs may contain more information on why this occurred.

      at ChildProcessWorker._onExit (node_modules/jest-worker/build/workers/ChildProcessWorker.js:370:23)

PASS server src/server/__tests__/designDocValidationFlow.test.ts (170.814 s)
  ΓùÅ Console

    console.error
      [syncValidationResult] Failed to notify approvers (docId=doc-1) TypeError: Cannot read properties of undefined 
(reading 'from')
          at C:\Users\ryamiller\ASM\ai-poc\AI-Pilot\src\server\services\documentApprovalService.ts:140:13
          at Generator.next (<anonymous>)
          at C:\Users\ryamiller\ASM\ai-poc\AI-Pilot\src\server\services\documentApprovalService.ts:8:71
          at new Promise (<anonymous>)
          at Object.<anonymous>.__awaiter 
(C:\Users\ryamiller\ASM\ai-poc\AI-Pilot\src\server\services\documentApprovalService.ts:4:12)
          at getAssignments 
(C:\Users\ryamiller\ASM\ai-poc\AI-Pilot\src\server\services\documentApprovalService.ts:126:12)
          at C:\Users\ryamiller\ASM\ai-poc\AI-Pilot\src\server\services\documentApprovalService.ts:370:29
          at Generator.next (<anonymous>)
          at C:\Users\ryamiller\ASM\ai-poc\AI-Pilot\src\server\services\documentApprovalService.ts:8:71
          at new Promise (<anonymous>)
          at Object.<anonymous>.__awaiter 
(C:\Users\ryamiller\ASM\ai-poc\AI-Pilot\src\server\services\documentApprovalService.ts:4:12)
          at notifyApproversDocumentReady 
(C:\Users\ryamiller\ASM\ai-poc\AI-Pilot\src\server\services\documentApprovalService.ts:270:12)
          at C:\Users\ryamiller\ASM\ai-poc\AI-Pilot\src\server\services\designDocService.ts:1184:33
          at Generator.next (<anonymous>)
          at fulfilled (C:\Users\ryamiller\ASM\ai-poc\AI-Pilot\src\server\services\designDocService.ts:38:58)
          at processTicksAndRejections (node:internal/process/task_queues:103:5)

      1183 |   if (newStatus === 'pending_review') {
      1184 |     notifyApproversDocumentReady(designDocId, 'design_doc').catch((err) =>
    > 1185 |       console.error(`[syncValidationResult] Failed to notify approvers (docId=${designDocId})`, err),
           |               ^
      1186 |     );
      1187 |   }
      1188 | }

      at src/server/services/designDocService.ts:1185:15

    console.error
      [aiCompletionNotifier] Failed to send notification: TypeError: Cannot read properties of undefined (reading 
'from')
          at C:\Users\ryamiller\ASM\ai-poc\AI-Pilot\src\server\services\aiCompletionNotifier.ts:103:13
          at Generator.next (<anonymous>)
          at C:\Users\ryamiller\ASM\ai-poc\AI-Pilot\src\server\services\aiCompletionNotifier.ts:8:71
          at new Promise (<anonymous>)
          at Object.<anonymous>.__awaiter 
(C:\Users\ryamiller\ASM\ai-poc\AI-Pilot\src\server\services\aiCompletionNotifier.ts:4:12)
          at getAssignedReviewerIds 
(C:\Users\ryamiller\ASM\ai-poc\AI-Pilot\src\server\services\aiCompletionNotifier.ts:100:12)
          at C:\Users\ryamiller\ASM\ai-poc\AI-Pilot\src\server\services\aiCompletionNotifier.ts:224:31
          at Generator.next (<anonymous>)
          at fulfilled (C:\Users\ryamiller\ASM\ai-poc\AI-Pilot\src\server\services\aiCompletionNotifier.ts:5:58)
          at processTicksAndRejections (node:internal/process/task_queues:103:5)

      252 |     );
      253 |   } catch (err) {
    > 254 |     console.error('[aiCompletionNotifier] Failed to send notification:', err);
          |             ^
      255 |   }
      256 | }
      257 |

      at src/server/services/aiCompletionNotifier.ts:254:13
          at Generator.throw (<anonymous>)
      at rejected (src/server/services/aiCompletionNotifier.ts:6:65)

    console.error
      [syncValidationResult] Failed to notify approvers (docId=doc-1) TypeError: Cannot read properties of undefined 
(reading 'from')
          at C:\Users\ryamiller\ASM\ai-poc\AI-Pilot\src\server\services\documentApprovalService.ts:140:13
          at Generator.next (<anonymous>)
          at C:\Users\ryamiller\ASM\ai-poc\AI-Pilot\src\server\services\documentApprovalService.ts:8:71
          at new Promise (<anonymous>)
          at Object.<anonymous>.__awaiter 
(C:\Users\ryamiller\ASM\ai-poc\AI-Pilot\src\server\services\documentApprovalService.ts:4:12)
          at getAssignments 
(C:\Users\ryamiller\ASM\ai-poc\AI-Pilot\src\server\services\documentApprovalService.ts:126:12)
          at C:\Users\ryamiller\ASM\ai-poc\AI-Pilot\src\server\services\documentApprovalService.ts:370:29
          at Generator.next (<anonymous>)
          at C:\Users\ryamiller\ASM\ai-poc\AI-Pilot\src\server\services\documentApprovalService.ts:8:71
          at new Promise (<anonymous>)
          at Object.<anonymous>.__awaiter 
(C:\Users\ryamiller\ASM\ai-poc\AI-Pilot\src\server\services\documentApprovalService.ts:4:12)
          at notifyApproversDocumentReady 
(C:\Users\ryamiller\ASM\ai-poc\AI-Pilot\src\server\services\documentApprovalService.ts:270:12)
          at C:\Users\ryamiller\ASM\ai-poc\AI-Pilot\src\server\services\designDocService.ts:1184:33
          at Generator.next (<anonymous>)
          at fulfilled (C:\Users\ryamiller\ASM\ai-poc\AI-Pilot\src\server\services\designDocService.ts:38:58)
          at processTicksAndRejections (node:internal/process/task_queues:103:5)

      1183 |   if (newStatus === 'pending_review') {
      1184 |     notifyApproversDocumentReady(designDocId, 'design_doc').catch((err) =>
    > 1185 |       console.error(`[syncValidationResult] Failed to notify approvers (docId=${designDocId})`, err),
           |               ^
      1186 |     );
      1187 |   }
      1188 | }

      at src/server/services/designDocService.ts:1185:15

    console.error
      [aiCompletionNotifier] Failed to send notification: TypeError: Cannot read properties of undefined (reading 
'from')
          at C:\Users\ryamiller\ASM\ai-poc\AI-Pilot\src\server\services\aiCompletionNotifier.ts:103:13
          at Generator.next (<anonymous>)
          at C:\Users\ryamiller\ASM\ai-poc\AI-Pilot\src\server\services\aiCompletionNotifier.ts:8:71
          at new Promise (<anonymous>)
          at Object.<anonymous>.__awaiter 
(C:\Users\ryamiller\ASM\ai-poc\AI-Pilot\src\server\services\aiCompletionNotifier.ts:4:12)
          at getAssignedReviewerIds 
(C:\Users\ryamiller\ASM\ai-poc\AI-Pilot\src\server\services\aiCompletionNotifier.ts:100:12)
          at C:\Users\ryamiller\ASM\ai-poc\AI-Pilot\src\server\services\aiCompletionNotifier.ts:224:31
          at Generator.next (<anonymous>)
          at fulfilled (C:\Users\ryamiller\ASM\ai-poc\AI-Pilot\src\server\services\aiCompletionNotifier.ts:5:58)
          at processTicksAndRejections (node:internal/process/task_queues:103:5)

      252 |     );
      253 |   } catch (err) {
    > 254 |     console.error('[aiCompletionNotifier] Failed to send notification:', err);
          |             ^
      255 |   }
      256 | }
      257 |

      at src/server/services/aiCompletionNotifier.ts:254:13
          at Generator.throw (<anonymous>)
      at rejected (src/server/services/aiCompletionNotifier.ts:6:65)

    console.error
      [syncValidationResult] Failed to notify approvers (docId=doc-1) TypeError: Cannot read properties of undefined 
(reading 'from')
          at C:\Users\ryamiller\ASM\ai-poc\AI-Pilot\src\server\services\documentApprovalService.ts:140:13
          at Generator.next (<anonymous>)
          at C:\Users\ryamiller\ASM\ai-poc\AI-Pilot\src\server\services\documentApprovalService.ts:8:71
          at new Promise (<anonymous>)
          at Object.<anonymous>.__awaiter 
(C:\Users\ryamiller\ASM\ai-poc\AI-Pilot\src\server\services\documentApprovalService.ts:4:12)
          at getAssignments 
(C:\Users\ryamiller\ASM\ai-poc\AI-Pilot\src\server\services\documentApprovalService.ts:126:12)
          at C:\Users\ryamiller\ASM\ai-poc\AI-Pilot\src\server\services\documentApprovalService.ts:370:29
          at Generator.next (<anonymous>)
          at C:\Users\ryamiller\ASM\ai-poc\AI-Pilot\src\server\services\documentApprovalService.ts:8:71
          at new Promise (<anonymous>)
          at Object.<anonymous>.__awaiter 
(C:\Users\ryamiller\ASM\ai-poc\AI-Pilot\src\server\services\documentApprovalService.ts:4:12)
          at notifyApproversDocumentReady 
(C:\Users\ryamiller\ASM\ai-poc\AI-Pilot\src\server\services\documentApprovalService.ts:270:12)
          at C:\Users\ryamiller\ASM\ai-poc\AI-Pilot\src\server\services\designDocService.ts:1184:33
          at Generator.next (<anonymous>)
          at fulfilled (C:\Users\ryamiller\ASM\ai-poc\AI-Pilot\src\server\services\designDocService.ts:38:58)
          at processTicksAndRejections (node:internal/process/task_queues:103:5)

      1183 |   if (newStatus === 'pending_review') {
      1184 |     notifyApproversDocumentReady(designDocId, 'design_doc').catch((err) =>
    > 1185 |       console.error(`[syncValidationResult] Failed to notify approvers (docId=${designDocId})`, err),
           |               ^
      1186 |     );
      1187 |   }
      1188 | }

      at src/server/services/designDocService.ts:1185:15

    console.error
      [aiCompletionNotifier] Failed to send notification: TypeError: Cannot read properties of undefined (reading 
'from')
          at C:\Users\ryamiller\ASM\ai-poc\AI-Pilot\src\server\services\aiCompletionNotifier.ts:103:13
          at Generator.next (<anonymous>)
          at C:\Users\ryamiller\ASM\ai-poc\AI-Pilot\src\server\services\aiCompletionNotifier.ts:8:71
          at new Promise (<anonymous>)
          at Object.<anonymous>.__awaiter 
(C:\Users\ryamiller\ASM\ai-poc\AI-Pilot\src\server\services\aiCompletionNotifier.ts:4:12)
          at getAssignedReviewerIds 
(C:\Users\ryamiller\ASM\ai-poc\AI-Pilot\src\server\services\aiCompletionNotifier.ts:100:12)
          at C:\Users\ryamiller\ASM\ai-poc\AI-Pilot\src\server\services\aiCompletionNotifier.ts:224:31
          at Generator.next (<anonymous>)
          at fulfilled (C:\Users\ryamiller\ASM\ai-poc\AI-Pilot\src\server\services\aiCompletionNotifier.ts:5:58)
          at processTicksAndRejections (node:internal/process/task_queues:103:5)

      252 |     );
      253 |   } catch (err) {
    > 254 |     console.error('[aiCompletionNotifier] Failed to send notification:', err);
          |             ^
      255 |   }
      256 | }
      257 |

      at src/server/services/aiCompletionNotifier.ts:254:13
          at Generator.throw (<anonymous>)
      at rejected (src/server/services/aiCompletionNotifier.ts:6:65)

    console.error
      [syncValidationResult] Failed to notify approvers (docId=doc-1) TypeError: Cannot read properties of undefined 
(reading 'from')
          at C:\Users\ryamiller\ASM\ai-poc\AI-Pilot\src\server\services\documentApprovalService.ts:140:13
          at Generator.next (<anonymous>)
          at C:\Users\ryamiller\ASM\ai-poc\AI-Pilot\src\server\services\documentApprovalService.ts:8:71
          at new Promise (<anonymous>)
          at Object.<anonymous>.__awaiter 
(C:\Users\ryamiller\ASM\ai-poc\AI-Pilot\src\server\services\documentApprovalService.ts:4:12)
          at getAssignments 
(C:\Users\ryamiller\ASM\ai-poc\AI-Pilot\src\server\services\documentApprovalService.ts:126:12)
          at C:\Users\ryamiller\ASM\ai-poc\AI-Pilot\src\server\services\documentApprovalService.ts:370:29
          at Generator.next (<anonymous>)
          at C:\Users\ryamiller\ASM\ai-poc\AI-Pilot\src\server\services\documentApprovalService.ts:8:71
          at new Promise (<anonymous>)
          at Object.<anonymous>.__awaiter 
(C:\Users\ryamiller\ASM\ai-poc\AI-Pilot\src\server\services\documentApprovalService.ts:4:12)
          at notifyApproversDocumentReady 
(C:\Users\ryamiller\ASM\ai-poc\AI-Pilot\src\server\services\documentApprovalService.ts:270:12)
          at C:\Users\ryamiller\ASM\ai-poc\AI-Pilot\src\server\services\designDocService.ts:1184:33
          at Generator.next (<anonymous>)
          at fulfilled (C:\Users\ryamiller\ASM\ai-poc\AI-Pilot\src\server\services\designDocService.ts:38:58)
          at processTicksAndRejections (node:internal/process/task_queues:103:5)

      1183 |   if (newStatus === 'pending_review') {
      1184 |     notifyApproversDocumentReady(designDocId, 'design_doc').catch((err) =>
    > 1185 |       console.error(`[syncValidationResult] Failed to notify approvers (docId=${designDocId})`, err),
           |               ^
      1186 |     );
      1187 |   }
      1188 | }

      at src/server/services/designDocService.ts:1185:15

    console.error
      [aiCompletionNotifier] Failed to send notification: TypeError: Cannot read properties of undefined (reading 
'from')
          at C:\Users\ryamiller\ASM\ai-poc\AI-Pilot\src\server\services\aiCompletionNotifier.ts:103:13
          at Generator.next (<anonymous>)
          at C:\Users\ryamiller\ASM\ai-poc\AI-Pilot\src\server\services\aiCompletionNotifier.ts:8:71
          at new Promise (<anonymous>)
          at Object.<anonymous>.__awaiter 
(C:\Users\ryamiller\ASM\ai-poc\AI-Pilot\src\server\services\aiCompletionNotifier.ts:4:12)
          at getAssignedReviewerIds 
(C:\Users\ryamiller\ASM\ai-poc\AI-Pilot\src\server\services\aiCompletionNotifier.ts:100:12)
          at C:\Users\ryamiller\ASM\ai-poc\AI-Pilot\src\server\services\aiCompletionNotifier.ts:224:31
          at Generator.next (<anonymous>)
          at fulfilled (C:\Users\ryamiller\ASM\ai-poc\AI-Pilot\src\server\services\aiCompletionNotifier.ts:5:58)
          at processTicksAndRejections (node:internal/process/task_queues:103:5)

      252 |     );
      253 |   } catch (err) {
    > 254 |     console.error('[aiCompletionNotifier] Failed to send notification:', err);
          |             ^
      255 |   }
      256 | }
      257 |

      at src/server/services/aiCompletionNotifier.ts:254:13
          at Generator.throw (<anonymous>)
      at rejected (src/server/services/aiCompletionNotifier.ts:6:65)

    console.error
      [syncValidationResult] Failed to notify approvers (docId=doc-1) TypeError: Cannot read properties of undefined 
(reading 'from')
          at C:\Users\ryamiller\ASM\ai-poc\AI-Pilot\src\server\services\documentApprovalService.ts:140:13
          at Generator.next (<anonymous>)
          at C:\Users\ryamiller\ASM\ai-poc\AI-Pilot\src\server\services\documentApprovalService.ts:8:71
          at new Promise (<anonymous>)
          at Object.<anonymous>.__awaiter 
(C:\Users\ryamiller\ASM\ai-poc\AI-Pilot\src\server\services\documentApprovalService.ts:4:12)
          at getAssignments 
(C:\Users\ryamiller\ASM\ai-poc\AI-Pilot\src\server\services\documentApprovalService.ts:126:12)
          at C:\Users\ryamiller\ASM\ai-poc\AI-Pilot\src\server\services\documentApprovalService.ts:370:29
          at Generator.next (<anonymous>)
          at C:\Users\ryamiller\ASM\ai-poc\AI-Pilot\src\server\services\documentApprovalService.ts:8:71
          at new Promise (<anonymous>)
          at Object.<anonymous>.__awaiter 
(C:\Users\ryamiller\ASM\ai-poc\AI-Pilot\src\server\services\documentApprovalService.ts:4:12)
          at notifyApproversDocumentReady 
(C:\Users\ryamiller\ASM\ai-poc\AI-Pilot\src\server\services\documentApprovalService.ts:270:12)
          at C:\Users\ryamiller\ASM\ai-poc\AI-Pilot\src\server\services\designDocService.ts:1184:33
          at Generator.next (<anonymous>)
          at fulfilled (C:\Users\ryamiller\ASM\ai-poc\AI-Pilot\src\server\services\designDocService.ts:38:58)
          at processTicksAndRejections (node:internal/process/task_queues:103:5)

      1183 |   if (newStatus === 'pending_review') {
      1184 |     notifyApproversDocumentReady(designDocId, 'design_doc').catch((err) =>
    > 1185 |       console.error(`[syncValidationResult] Failed to notify approvers (docId=${designDocId})`, err),
           |               ^
      1186 |     );
      1187 |   }
      1188 | }

      at src/server/services/designDocService.ts:1185:15

    console.error
      [aiCompletionNotifier] Failed to send notification: TypeError: Cannot read properties of undefined (reading 
'from')
          at C:\Users\ryamiller\ASM\ai-poc\AI-Pilot\src\server\services\aiCompletionNotifier.ts:103:13
          at Generator.next (<anonymous>)
          at C:\Users\ryamiller\ASM\ai-poc\AI-Pilot\src\server\services\aiCompletionNotifier.ts:8:71
          at new Promise (<anonymous>)
          at Object.<anonymous>.__awaiter 
(C:\Users\ryamiller\ASM\ai-poc\AI-Pilot\src\server\services\aiCompletionNotifier.ts:4:12)
          at getAssignedReviewerIds 
(C:\Users\ryamiller\ASM\ai-poc\AI-Pilot\src\server\services\aiCompletionNotifier.ts:100:12)
          at C:\Users\ryamiller\ASM\ai-poc\AI-Pilot\src\server\services\aiCompletionNotifier.ts:224:31
          at Generator.next (<anonymous>)
          at fulfilled (C:\Users\ryamiller\ASM\ai-poc\AI-Pilot\src\server\services\aiCompletionNotifier.ts:5:58)
          at processTicksAndRejections (node:internal/process/task_queues:103:5)

      252 |     );
      253 |   } catch (err) {
    > 254 |     console.error('[aiCompletionNotifier] Failed to send notification:', err);
          |             ^
      255 |   }
      256 | }
      257 |

      at src/server/services/aiCompletionNotifier.ts:254:13
          at Generator.throw (<anonymous>)
      at rejected (src/server/services/aiCompletionNotifier.ts:6:65)

    console.log
      [validationWatcher] Started ΓÇö designDocId=doc-1 threadId=thread-v1

      at startValidationWatcher (src/server/services/designDocService.ts:1025:11)

    console.log
      [validationWatcher] Cancelled ΓÇö designDocId=doc-1

      at stopValidationWatcher (src/server/services/designDocService.ts:428:13)

    console.log
      [validationWatcher] Started ΓÇö designDocId=doc-1 threadId=thread-v1

      at startValidationWatcher (src/server/services/designDocService.ts:1025:11)

    console.log
      [validationWatcher] Cancelled ΓÇö designDocId=doc-1

      at stopValidationWatcher (src/server/services/designDocService.ts:428:13)

    console.log
      [validationWatcher] Started ΓÇö designDocId=doc-1 threadId=thread-v1

      at startValidationWatcher (src/server/services/designDocService.ts:1025:11)

    console.log
      [validationWatcher] Cancelled ΓÇö designDocId=doc-1

      at stopValidationWatcher (src/server/services/designDocService.ts:428:13)

    console.log
      [validationWatcher] Started ΓÇö designDocId=doc-1 threadId=thread-v2

      at startValidationWatcher (src/server/services/designDocService.ts:1025:11)

    console.log
      [validationWatcher] Cancelled ΓÇö designDocId=doc-1

      at stopValidationWatcher (src/server/services/designDocService.ts:428:13)

    console.log
      [validationWatcher] Started ΓÇö designDocId=doc-1 threadId=thread-v1

      at startValidationWatcher (src/server/services/designDocService.ts:1025:11)

    console.error
      [aiCompletionNotifier] Failed to send notification: TypeError: rows.map is not a function
          at C:\Users\ryamiller\ASM\ai-poc\AI-Pilot\src\server\services\aiCompletionNotifier.ts:115:15
          at Generator.next (<anonymous>)
          at fulfilled (C:\Users\ryamiller\ASM\ai-poc\AI-Pilot\src\server\services\aiCompletionNotifier.ts:5:58)
          at processTicksAndRejections (node:internal/process/task_queues:103:5)

      252 |     );
      253 |   } catch (err) {
    > 254 |     console.error('[aiCompletionNotifier] Failed to send notification:', err);
          |             ^
      255 |   }
      256 | }
      257 |

      at src/server/services/aiCompletionNotifier.ts:254:13
          at Generator.throw (<anonymous>)
      at rejected (src/server/services/aiCompletionNotifier.ts:6:65)

    console.error
      [aiCompletionNotifier] Failed to send notification: TypeError: rows.map is not a function
          at C:\Users\ryamiller\ASM\ai-poc\AI-Pilot\src\server\services\aiCompletionNotifier.ts:115:15
          at Generator.next (<anonymous>)
          at fulfilled (C:\Users\ryamiller\ASM\ai-poc\AI-Pilot\src\server\services\aiCompletionNotifier.ts:5:58)
          at processTicksAndRejections (node:internal/process/task_queues:103:5)

      252 |     );
      253 |   } catch (err) {
    > 254 |     console.error('[aiCompletionNotifier] Failed to send notification:', err);
          |             ^
      255 |   }
      256 | }
      257 |

      at src/server/services/aiCompletionNotifier.ts:254:13
          at Generator.throw (<anonymous>)
      at rejected (src/server/services/aiCompletionNotifier.ts:6:65)

    console.log
      [validationWatcher] Cancelled ΓÇö designDocId=doc-1

      at stopValidationWatcher (src/server/services/designDocService.ts:428:13)

    console.log
      [validationWatcher] Started ΓÇö designDocId=doc-1 threadId=re-validate-thread

      at startValidationWatcher (src/server/services/designDocService.ts:1025:11)

    console.log
      [validationWatcher] Started ΓÇö designDocId=doc-watcher-1 threadId=thread-v1

      at startValidationWatcher (src/server/services/designDocService.ts:1025:11)

    console.log
      [validationWatcher] Started ΓÇö designDocId=doc-sync-1 threadId=thread-v1

      at startValidationWatcher (src/server/services/designDocService.ts:1025:11)

    console.log
      [validationWatcher] Scorecard synced ΓÇö score=92 is_ready=true (designDocId=doc-sync-1)

      at src/server/services/designDocService.ts:1091:15

    console.error
      [syncValidationResult] Failed to notify approvers (docId=doc-sync-1) TypeError: 
drizzle_1.db.select(...).from(...).innerJoin is not a function
          at C:\Users\ryamiller\ASM\ai-poc\AI-Pilot\src\server\services\documentApprovalService.ts:155:6
          at Generator.next (<anonymous>)
          at C:\Users\ryamiller\ASM\ai-poc\AI-Pilot\src\server\services\documentApprovalService.ts:8:71
          at new Promise (<anonymous>)
          at Object.<anonymous>.__awaiter 
(C:\Users\ryamiller\ASM\ai-poc\AI-Pilot\src\server\services\documentApprovalService.ts:4:12)
          at getAssignments 
(C:\Users\ryamiller\ASM\ai-poc\AI-Pilot\src\server\services\documentApprovalService.ts:126:12)
          at C:\Users\ryamiller\ASM\ai-poc\AI-Pilot\src\server\services\documentApprovalService.ts:370:29
          at Generator.next (<anonymous>)
          at C:\Users\ryamiller\ASM\ai-poc\AI-Pilot\src\server\services\documentApprovalService.ts:8:71
          at new Promise (<anonymous>)
          at Object.<anonymous>.__awaiter 
(C:\Users\ryamiller\ASM\ai-poc\AI-Pilot\src\server\services\documentApprovalService.ts:4:12)
          at notifyApproversDocumentReady 
(C:\Users\ryamiller\ASM\ai-poc\AI-Pilot\src\server\services\documentApprovalService.ts:270:12)
          at C:\Users\ryamiller\ASM\ai-poc\AI-Pilot\src\server\services\designDocService.ts:1184:33
          at Generator.next (<anonymous>)
          at fulfilled (C:\Users\ryamiller\ASM\ai-poc\AI-Pilot\src\server\services\designDocService.ts:38:58)
          at processTicksAndRejections (node:internal/process/task_queues:103:5)

      1183 |   if (newStatus === 'pending_review') {
      1184 |     notifyApproversDocumentReady(designDocId, 'design_doc').catch((err) =>
    > 1185 |       console.error(`[syncValidationResult] Failed to notify approvers (docId=${designDocId})`, err),
           |               ^
      1186 |     );
      1187 |   }
      1188 | }

      at src/server/services/designDocService.ts:1185:15

    console.error
      [aiCompletionNotifier] Failed to send notification: TypeError: rows.map is not a function
          at C:\Users\ryamiller\ASM\ai-poc\AI-Pilot\src\server\services\aiCompletionNotifier.ts:115:15
          at Generator.next (<anonymous>)
          at fulfilled (C:\Users\ryamiller\ASM\ai-poc\AI-Pilot\src\server\services\aiCompletionNotifier.ts:5:58)
          at processTicksAndRejections (node:internal/process/task_queues:103:5)

      252 |     );
      253 |   } catch (err) {
    > 254 |     console.error('[aiCompletionNotifier] Failed to send notification:', err);
          |             ^
      255 |   }
      256 | }
      257 |

      at src/server/services/aiCompletionNotifier.ts:254:13
          at Generator.throw (<anonymous>)
      at rejected (src/server/services/aiCompletionNotifier.ts:6:65)

    console.log
      [validationWatcher] Started ΓÇö designDocId=doc-idle-1 threadId=thread-idle

      at startValidationWatcher (src/server/services/designDocService.ts:1025:11)

    console.warn
      [validationWatcher] Agent completed/errored without scorecard ΓÇö setting to pending_review 
(designDocId=doc-idle-1 threadId=thread-idle)

      1058 |         clearInterval(interval);
      1059 |         activeValidationWatchers.delete(designDocId);
    > 1060 |         console.warn(`[validationWatcher] Agent completed/errored without scorecard ΓÇö setting to 
pending_review (designDocId=${designDocId} threadId=${validationThreadId})`);
           |                 ^
      1061 |         // #region agent log
      1062 |         try{fs.appendFileSync('debug-d6e0f6.log',JSON.stringify({sessionId:'d6e0f6',location:'designDocSer
vice.ts:watcher:agent-error-reset',message:'agent completed without scorecard, setting to pending_review',data:{designD
ocId,validationThreadId,attempts},timestamp:Date.now(),hypothesisId:'H-A'})+'\n');}catch(_){}
      1063 |         // #endregion

      at src/server/services/designDocService.ts:1060:17
      at src/server/services/designDocService.ts:41:71
      at Object.<anonymous>.__awaiter (src/server/services/designDocService.ts:37:12)
      at src/server/services/designDocService.ts:1027:43
      at callTimer (node_modules/@sinonjs/fake-timers/src/fake-timers-src.js:744:24)
      at doTickInner (node_modules/@sinonjs/fake-timers/src/fake-timers-src.js:1312:29)
      at doTick (node_modules/@sinonjs/fake-timers/src/fake-timers-src.js:1393:20)
      at Object.tick (node_modules/@sinonjs/fake-timers/src/fake-timers-src.js:1401:20)
      at FakeTimers.advanceTimersByTime (node_modules/@jest/fake-timers/build/modernFakeTimers.js:94:19)
      at src/server/__tests__/designDocValidationFlow.test.ts:801:10
      at src/server/__tests__/designDocValidationFlow.test.ts:19:71
      at Object.<anonymous>.__awaiter (src/server/__tests__/designDocValidationFlow.test.ts:15:12)
      at Object.<anonymous> (src/server/__tests__/designDocValidationFlow.test.ts:794:102)

    console.log
      [validationWatcher] Started ΓÇö designDocId=doc-running-1 threadId=thread-running

      at startValidationWatcher (src/server/services/designDocService.ts:1025:11)

    console.log
      [validationWatcher] Started ΓÇö designDocId=doc-stale-1 threadId=thread-v1

      at startValidationWatcher (src/server/services/designDocService.ts:1025:11)

    console.log
      [validationWatcher] Discarded stale result ΓÇö thread thread-v1 no longer active (designDocId=doc-stale-1)

      at src/server/services/designDocService.ts:1083:17

    console.log
      [validationWatcher] Started ΓÇö designDocId=doc-timeout-1 threadId=thread-slow

      at startValidationWatcher (src/server/services/designDocService.ts:1025:11)

    console.warn
      [validationWatcher] Timed out (designDocId=doc-timeout-1)

      1031 |       clearInterval(interval);
      1032 |       activeValidationWatchers.delete(designDocId);
    > 1033 |       console.warn(`[validationWatcher] Timed out (designDocId=${designDocId})`);
           |               ^
      1034 |       await db.update(designDocs)
      1035 |         .set({ status: 'pending_review', updatedAt: new Date().toISOString() })
      1036 |         .where(and(eq(designDocs.id, designDocId), eq(designDocs.status, 'validating')));

      at src/server/services/designDocService.ts:1033:15
      at src/server/services/designDocService.ts:41:71
      at Object.<anonymous>.__awaiter (src/server/services/designDocService.ts:37:12)
      at src/server/services/designDocService.ts:1027:43
      at callTimer (node_modules/@sinonjs/fake-timers/src/fake-timers-src.js:744:24)
      at doTickInner (node_modules/@sinonjs/fake-timers/src/fake-timers-src.js:1312:29)
      at doTick (node_modules/@sinonjs/fake-timers/src/fake-timers-src.js:1393:20)
      at Object.tick (node_modules/@sinonjs/fake-timers/src/fake-timers-src.js:1401:20)
      at FakeTimers.advanceTimersByTime (node_modules/@jest/fake-timers/build/modernFakeTimers.js:94:19)
      at src/server/__tests__/designDocValidationFlow.test.ts:854:10
      at src/server/__tests__/designDocValidationFlow.test.ts:19:71
      at Object.<anonymous>.__awaiter (src/server/__tests__/designDocValidationFlow.test.ts:15:12)
      at Object.<anonymous> (src/server/__tests__/designDocValidationFlow.test.ts:845:82)

    console.log
      [validationWatcher] Started ΓÇö designDocId=doc-replace-1 threadId=thread-v1

      at startValidationWatcher (src/server/services/designDocService.ts:1025:11)

    console.log
      [validationWatcher] Cancelled ΓÇö designDocId=doc-replace-1

      at stopValidationWatcher (src/server/services/designDocService.ts:428:13)

    console.log
      [validationWatcher] Started ΓÇö designDocId=doc-replace-1 threadId=thread-v2

      at startValidationWatcher (src/server/services/designDocService.ts:1025:11)


<--- Last few GCs --->

[25504:0000022E3CED9000]   160125 ms: Scavenge (during sweeping) 742.9 (810.3) -> 724.7 (840.1) MB, pooled: 0.0 MB, 
33.29 / 0.00 ms (average mu = 0.898, current mu = 0.869) allocation failure; 
[25504:0000022E3CED9000]   167539 ms: Scavenge (during sweeping) 782.5 (849.1) -> 750.8 (866.2) MB, pooled: 0.0 MB, 
44.67 / 0.04 ms (average mu = 0.898, current mu = 0.869) allocation failure; 

FAIL server src/server/__tests__/testCaseService.test.ts
  ΓùÅ Test suite failed to run

    A jest worker process (pid=25504) was terminated by another process: signal=SIGTERM, exitCode=null. Operating 
system logs may contain more information on why this occurred.

      at ChildProcessWorker._onExit (node_modules/jest-worker/build/workers/ChildProcessWorker.js:370:23)

PASS server src/server/__tests__/askApexRoute.test.ts (12.153 s)
PASS server src/server/__tests__/prdAssistantThread.test.ts (186.017 s)
PASS server src/server/__tests__/featureRequestService.test.ts (5.415 s)
PASS server src/server/__tests__/prdService.test.ts (7.063 s)
  ΓùÅ Console

    console.log
      [prdWatcher] Started ΓÇö prdId=prd-1 threadId=thread-1

      at startPrdWatcher (src/server/services/prdService.ts:607:11)

    console.log
      [prdWatcher] tick #1 ΓÇö prdFile=found (15 chars) backlogFile=found (prdId=prd-1)

      at src/server/services/prdService.ts:625:13

    console.log
      [prdWatcher] Both files ready ΓÇö syncing to DB (prdId=prd-1)

      at src/server/services/prdService.ts:632:15

    console.log
      [prdWatcher] Sync complete ΓÇö PRD is now draft (prdId=prd-1)

      at src/server/services/prdService.ts:635:17

    console.log
      [prdWatcher] Started ΓÇö prdId=prd-1 threadId=thread-1

      at startPrdWatcher (src/server/services/prdService.ts:607:11)

    console.log
      [prdWatcher] tick #1 ΓÇö prdFile=missing backlogFile=missing (prdId=prd-1)

      at src/server/services/prdService.ts:625:13

    console.log
      [prdWatcher] tick #2 ΓÇö prdFile=missing backlogFile=missing (prdId=prd-1)

      at src/server/services/prdService.ts:625:13

    console.log
      [prdWatcher] tick #3 ΓÇö prdFile=missing backlogFile=missing (prdId=prd-1)

      at src/server/services/prdService.ts:625:13

    console.log
      [prdWatcher] tick #4 ΓÇö prdFile=missing backlogFile=missing (prdId=prd-1)

      at src/server/services/prdService.ts:625:13

    console.log
      [prdWatcher] tick #5 ΓÇö prdFile=missing backlogFile=missing (prdId=prd-1)

      at src/server/services/prdService.ts:625:13

    console.log
      [prdWatcher] tick #6 ΓÇö prdFile=missing backlogFile=missing (prdId=prd-1)

      at src/server/services/prdService.ts:625:13

    console.log
      [prdWatcher] tick #7 ΓÇö prdFile=missing backlogFile=missing (prdId=prd-1)

      at src/server/services/prdService.ts:625:13

    console.log
      [prdWatcher] tick #8 ΓÇö prdFile=missing backlogFile=missing (prdId=prd-1)

      at src/server/services/prdService.ts:625:13

    console.log
      [prdWatcher] tick #9 ΓÇö prdFile=missing backlogFile=missing (prdId=prd-1)

      at src/server/services/prdService.ts:625:13

    console.log
      [prdWatcher] tick #10 ΓÇö prdFile=missing backlogFile=missing (prdId=prd-1)

      at src/server/services/prdService.ts:625:13

    console.log
      [prdWatcher] tick #11 ΓÇö prdFile=missing backlogFile=missing (prdId=prd-1)

      at src/server/services/prdService.ts:625:13

    console.log
      [prdWatcher] tick #12 ΓÇö prdFile=missing backlogFile=missing (prdId=prd-1)

      at src/server/services/prdService.ts:625:13

    console.log
      [prdWatcher] tick #13 ΓÇö prdFile=missing backlogFile=missing (prdId=prd-1)

      at src/server/services/prdService.ts:625:13

    console.log
      [prdWatcher] tick #14 ΓÇö prdFile=missing backlogFile=missing (prdId=prd-1)

      at src/server/services/prdService.ts:625:13

    console.log
      [prdWatcher] tick #15 ΓÇö prdFile=missing backlogFile=missing (prdId=prd-1)

      at src/server/services/prdService.ts:625:13

    console.log
      [prdWatcher] tick #16 ΓÇö prdFile=missing backlogFile=missing (prdId=prd-1)

      at src/server/services/prdService.ts:625:13

    console.log
      [prdWatcher] tick #17 ΓÇö prdFile=missing backlogFile=missing (prdId=prd-1)

      at src/server/services/prdService.ts:625:13

    console.log
      [prdWatcher] tick #18 ΓÇö prdFile=missing backlogFile=missing (prdId=prd-1)

      at src/server/services/prdService.ts:625:13

    console.log
      [prdWatcher] tick #19 ΓÇö prdFile=missing backlogFile=missing (prdId=prd-1)

      at src/server/services/prdService.ts:625:13

    console.log
      [prdWatcher] tick #20 ΓÇö prdFile=missing backlogFile=missing (prdId=prd-1)

      at src/server/services/prdService.ts:625:13

    console.log
      [prdWatcher] tick #21 ΓÇö prdFile=missing backlogFile=missing (prdId=prd-1)

      at src/server/services/prdService.ts:625:13

    console.log
      [prdWatcher] tick #22 ΓÇö prdFile=missing backlogFile=missing (prdId=prd-1)

      at src/server/services/prdService.ts:625:13

    console.log
      [prdWatcher] tick #23 ΓÇö prdFile=missing backlogFile=missing (prdId=prd-1)

      at src/server/services/prdService.ts:625:13

    console.log
      [prdWatcher] tick #24 ΓÇö prdFile=missing backlogFile=missing (prdId=prd-1)

      at src/server/services/prdService.ts:625:13

    console.log
      [prdWatcher] tick #25 ΓÇö prdFile=missing backlogFile=missing (prdId=prd-1)

      at src/server/services/prdService.ts:625:13

    console.log
      [prdWatcher] tick #26 ΓÇö prdFile=missing backlogFile=missing (prdId=prd-1)

      at src/server/services/prdService.ts:625:13

    console.log
      [prdWatcher] tick #27 ΓÇö prdFile=missing backlogFile=missing (prdId=prd-1)

      at src/server/services/prdService.ts:625:13

    console.log
      [prdWatcher] tick #28 ΓÇö prdFile=missing backlogFile=missing (prdId=prd-1)

      at src/server/services/prdService.ts:625:13

    console.log
      [prdWatcher] tick #29 ΓÇö prdFile=missing backlogFile=missing (prdId=prd-1)

      at src/server/services/prdService.ts:625:13

    console.log
      [prdWatcher] tick #30 ΓÇö prdFile=missing backlogFile=missing (prdId=prd-1)

      at src/server/services/prdService.ts:625:13

    console.log
      [prdWatcher] tick #31 ΓÇö prdFile=missing backlogFile=missing (prdId=prd-1)

      at src/server/services/prdService.ts:625:13

    console.log
      [prdWatcher] tick #32 ΓÇö prdFile=missing backlogFile=missing (prdId=prd-1)

      at src/server/services/prdService.ts:625:13

    console.log
      [prdWatcher] tick #33 ΓÇö prdFile=missing backlogFile=missing (prdId=prd-1)

      at src/server/services/prdService.ts:625:13

    console.log
      [prdWatcher] tick #34 ΓÇö prdFile=missing backlogFile=missing (prdId=prd-1)

      at src/server/services/prdService.ts:625:13

    console.log
      [prdWatcher] tick #35 ΓÇö prdFile=missing backlogFile=missing (prdId=prd-1)

      at src/server/services/prdService.ts:625:13

    console.log
      [prdWatcher] tick #36 ΓÇö prdFile=missing backlogFile=missing (prdId=prd-1)

      at src/server/services/prdService.ts:625:13

    console.log
      [prdWatcher] tick #37 ΓÇö prdFile=missing backlogFile=missing (prdId=prd-1)

      at src/server/services/prdService.ts:625:13

    console.log
      [prdWatcher] tick #38 ΓÇö prdFile=missing backlogFile=missing (prdId=prd-1)

      at src/server/services/prdService.ts:625:13

    console.log
      [prdWatcher] tick #39 ΓÇö prdFile=missing backlogFile=missing (prdId=prd-1)

      at src/server/services/prdService.ts:625:13

    console.log
      [prdWatcher] tick #40 ΓÇö prdFile=missing backlogFile=missing (prdId=prd-1)

      at src/server/services/prdService.ts:625:13

    console.log
      [prdWatcher] tick #41 ΓÇö prdFile=missing backlogFile=missing (prdId=prd-1)

      at src/server/services/prdService.ts:625:13

    console.log
      [prdWatcher] tick #42 ΓÇö prdFile=missing backlogFile=missing (prdId=prd-1)

      at src/server/services/prdService.ts:625:13

    console.log
      [prdWatcher] tick #43 ΓÇö prdFile=missing backlogFile=missing (prdId=prd-1)

      at src/server/services/prdService.ts:625:13

    console.log
      [prdWatcher] tick #44 ΓÇö prdFile=missing backlogFile=missing (prdId=prd-1)

      at src/server/services/prdService.ts:625:13

    console.log
      [prdWatcher] tick #45 ΓÇö prdFile=missing backlogFile=missing (prdId=prd-1)

      at src/server/services/prdService.ts:625:13

    console.log
      [prdWatcher] tick #46 ΓÇö prdFile=missing backlogFile=missing (prdId=prd-1)

      at src/server/services/prdService.ts:625:13

    console.log
      [prdWatcher] tick #47 ΓÇö prdFile=missing backlogFile=missing (prdId=prd-1)

      at src/server/services/prdService.ts:625:13

    console.log
      [prdWatcher] tick #48 ΓÇö prdFile=missing backlogFile=missing (prdId=prd-1)

      at src/server/services/prdService.ts:625:13

    console.log
      [prdWatcher] tick #49 ΓÇö prdFile=missing backlogFile=missing (prdId=prd-1)

      at src/server/services/prdService.ts:625:13

    console.log
      [prdWatcher] tick #50 ΓÇö prdFile=missing backlogFile=missing (prdId=prd-1)

      at src/server/services/prdService.ts:625:13

    console.log
      [prdWatcher] tick #51 ΓÇö prdFile=missing backlogFile=missing (prdId=prd-1)

      at src/server/services/prdService.ts:625:13

    console.log
      [prdWatcher] tick #52 ΓÇö prdFile=missing backlogFile=missing (prdId=prd-1)

      at src/server/services/prdService.ts:625:13

    console.log
      [prdWatcher] tick #53 ΓÇö prdFile=missing backlogFile=missing (prdId=prd-1)

      at src/server/services/prdService.ts:625:13

    console.log
      [prdWatcher] tick #54 ΓÇö prdFile=missing backlogFile=missing (prdId=prd-1)

      at src/server/services/prdService.ts:625:13

    console.log
      [prdWatcher] tick #55 ΓÇö prdFile=missing backlogFile=missing (prdId=prd-1)

      at src/server/services/prdService.ts:625:13

    console.log
      [prdWatcher] tick #56 ΓÇö prdFile=missing backlogFile=missing (prdId=prd-1)

      at src/server/services/prdService.ts:625:13

    console.log
      [prdWatcher] tick #57 ΓÇö prdFile=missing backlogFile=missing (prdId=prd-1)

      at src/server/services/prdService.ts:625:13

    console.log
      [prdWatcher] tick #58 ΓÇö prdFile=missing backlogFile=missing (prdId=prd-1)

      at src/server/services/prdService.ts:625:13

    console.log
      [prdWatcher] tick #59 ΓÇö prdFile=missing backlogFile=missing (prdId=prd-1)

      at src/server/services/prdService.ts:625:13

    console.log
      [prdWatcher] tick #60 ΓÇö prdFile=missing backlogFile=missing (prdId=prd-1)

      at src/server/services/prdService.ts:625:13

    console.log
      [prdWatcher] tick #61 ΓÇö prdFile=missing backlogFile=missing (prdId=prd-1)

      at src/server/services/prdService.ts:625:13

    console.log
      [prdWatcher] tick #62 ΓÇö prdFile=missing backlogFile=missing (prdId=prd-1)

      at src/server/services/prdService.ts:625:13

    console.log
      [prdWatcher] tick #63 ΓÇö prdFile=missing backlogFile=missing (prdId=prd-1)

      at src/server/services/prdService.ts:625:13

    console.log
      [prdWatcher] tick #64 ΓÇö prdFile=missing backlogFile=missing (prdId=prd-1)

      at src/server/services/prdService.ts:625:13

    console.log
      [prdWatcher] tick #65 ΓÇö prdFile=missing backlogFile=missing (prdId=prd-1)

      at src/server/services/prdService.ts:625:13

    console.log
      [prdWatcher] tick #66 ΓÇö prdFile=missing backlogFile=missing (prdId=prd-1)

      at src/server/services/prdService.ts:625:13

    console.log
      [prdWatcher] tick #67 ΓÇö prdFile=missing backlogFile=missing (prdId=prd-1)

      at src/server/services/prdService.ts:625:13

    console.log
      [prdWatcher] tick #68 ΓÇö prdFile=missing backlogFile=missing (prdId=prd-1)

      at src/server/services/prdService.ts:625:13

    console.log
      [prdWatcher] tick #69 ΓÇö prdFile=missing backlogFile=missing (prdId=prd-1)

      at src/server/services/prdService.ts:625:13

    console.log
      [prdWatcher] tick #70 ΓÇö prdFile=missing backlogFile=missing (prdId=prd-1)

      at src/server/services/prdService.ts:625:13

    console.log
      [prdWatcher] tick #71 ΓÇö prdFile=missing backlogFile=missing (prdId=prd-1)

      at src/server/services/prdService.ts:625:13

    console.log
      [prdWatcher] tick #72 ΓÇö prdFile=missing backlogFile=missing (prdId=prd-1)

      at src/server/services/prdService.ts:625:13

    console.log
      [prdWatcher] tick #73 ΓÇö prdFile=missing backlogFile=missing (prdId=prd-1)

      at src/server/services/prdService.ts:625:13

    console.log
      [prdWatcher] tick #74 ΓÇö prdFile=missing backlogFile=missing (prdId=prd-1)

      at src/server/services/prdService.ts:625:13

    console.log
      [prdWatcher] tick #75 ΓÇö prdFile=missing backlogFile=missing (prdId=prd-1)

      at src/server/services/prdService.ts:625:13

    console.log
      [prdWatcher] tick #76 ΓÇö prdFile=missing backlogFile=missing (prdId=prd-1)

      at src/server/services/prdService.ts:625:13

    console.log
      [prdWatcher] tick #77 ΓÇö prdFile=missing backlogFile=missing (prdId=prd-1)

      at src/server/services/prdService.ts:625:13

    console.log
      [prdWatcher] tick #78 ΓÇö prdFile=missing backlogFile=missing (prdId=prd-1)

      at src/server/services/prdService.ts:625:13

    console.log
      [prdWatcher] tick #79 ΓÇö prdFile=missing backlogFile=missing (prdId=prd-1)

      at src/server/services/prdService.ts:625:13

    console.log
      [prdWatcher] tick #80 ΓÇö prdFile=missing backlogFile=missing (prdId=prd-1)

      at src/server/services/prdService.ts:625:13

    console.log
      [prdWatcher] tick #81 ΓÇö prdFile=missing backlogFile=missing (prdId=prd-1)

      at src/server/services/prdService.ts:625:13

    console.log
      [prdWatcher] tick #82 ΓÇö prdFile=missing backlogFile=missing (prdId=prd-1)

      at src/server/services/prdService.ts:625:13

    console.log
      [prdWatcher] tick #83 ΓÇö prdFile=missing backlogFile=missing (prdId=prd-1)

      at src/server/services/prdService.ts:625:13

    console.log
      [prdWatcher] tick #84 ΓÇö prdFile=missing backlogFile=missing (prdId=prd-1)

      at src/server/services/prdService.ts:625:13

    console.log
      [prdWatcher] tick #85 ΓÇö prdFile=missing backlogFile=missing (prdId=prd-1)

      at src/server/services/prdService.ts:625:13

    console.log
      [prdWatcher] tick #86 ΓÇö prdFile=missing backlogFile=missing (prdId=prd-1)

      at src/server/services/prdService.ts:625:13

    console.log
      [prdWatcher] tick #87 ΓÇö prdFile=missing backlogFile=missing (prdId=prd-1)

      at src/server/services/prdService.ts:625:13

    console.log
      [prdWatcher] tick #88 ΓÇö prdFile=missing backlogFile=missing (prdId=prd-1)

      at src/server/services/prdService.ts:625:13

    console.log
      [prdWatcher] tick #89 ΓÇö prdFile=missing backlogFile=missing (prdId=prd-1)

      at src/server/services/prdService.ts:625:13

    console.log
      [prdWatcher] tick #90 ΓÇö prdFile=missing backlogFile=missing (prdId=prd-1)

      at src/server/services/prdService.ts:625:13

    console.log
      [prdWatcher] tick #91 ΓÇö prdFile=missing backlogFile=missing (prdId=prd-1)

      at src/server/services/prdService.ts:625:13

    console.log
      [prdWatcher] tick #92 ΓÇö prdFile=missing backlogFile=missing (prdId=prd-1)

      at src/server/services/prdService.ts:625:13

    console.log
      [prdWatcher] tick #93 ΓÇö prdFile=missing backlogFile=missing (prdId=prd-1)

      at src/server/services/prdService.ts:625:13

    console.log
      [prdWatcher] tick #94 ΓÇö prdFile=missing backlogFile=missing (prdId=prd-1)

      at src/server/services/prdService.ts:625:13

    console.log
      [prdWatcher] tick #95 ΓÇö prdFile=missing backlogFile=missing (prdId=prd-1)

      at src/server/services/prdService.ts:625:13

    console.log
      [prdWatcher] tick #96 ΓÇö prdFile=missing backlogFile=missing (prdId=prd-1)

      at src/server/services/prdService.ts:625:13

    console.log
      [prdWatcher] tick #97 ΓÇö prdFile=missing backlogFile=missing (prdId=prd-1)

      at src/server/services/prdService.ts:625:13

    console.log
      [prdWatcher] tick #98 ΓÇö prdFile=missing backlogFile=missing (prdId=prd-1)

      at src/server/services/prdService.ts:625:13

    console.log
      [prdWatcher] tick #99 ΓÇö prdFile=missing backlogFile=missing (prdId=prd-1)

      at src/server/services/prdService.ts:625:13

    console.log
      [prdWatcher] tick #100 ΓÇö prdFile=missing backlogFile=missing (prdId=prd-1)

      at src/server/services/prdService.ts:625:13

    console.log
      [prdWatcher] tick #101 ΓÇö prdFile=missing backlogFile=missing (prdId=prd-1)

      at src/server/services/prdService.ts:625:13

    console.log
      [prdWatcher] tick #102 ΓÇö prdFile=missing backlogFile=missing (prdId=prd-1)

      at src/server/services/prdService.ts:625:13

    console.log
      [prdWatcher] tick #103 ΓÇö prdFile=missing backlogFile=missing (prdId=prd-1)

      at src/server/services/prdService.ts:625:13

    console.log
      [prdWatcher] tick #104 ΓÇö prdFile=missing backlogFile=missing (prdId=prd-1)

      at src/server/services/prdService.ts:625:13

    console.log
      [prdWatcher] tick #105 ΓÇö prdFile=missing backlogFile=missing (prdId=prd-1)

      at src/server/services/prdService.ts:625:13

    console.log
      [prdWatcher] tick #106 ΓÇö prdFile=missing backlogFile=missing (prdId=prd-1)

      at src/server/services/prdService.ts:625:13

    console.log
      [prdWatcher] tick #107 ΓÇö prdFile=missing backlogFile=missing (prdId=prd-1)

      at src/server/services/prdService.ts:625:13

    console.log
      [prdWatcher] tick #108 ΓÇö prdFile=missing backlogFile=missing (prdId=prd-1)

      at src/server/services/prdService.ts:625:13

    console.log
      [prdWatcher] tick #109 ΓÇö prdFile=missing backlogFile=missing (prdId=prd-1)

      at src/server/services/prdService.ts:625:13

    console.log
      [prdWatcher] tick #110 ΓÇö prdFile=missing backlogFile=missing (prdId=prd-1)

      at src/server/services/prdService.ts:625:13

    console.log
      [prdWatcher] tick #111 ΓÇö prdFile=missing backlogFile=missing (prdId=prd-1)

      at src/server/services/prdService.ts:625:13

    console.log
      [prdWatcher] tick #112 ΓÇö prdFile=missing backlogFile=missing (prdId=prd-1)

      at src/server/services/prdService.ts:625:13

    console.log
      [prdWatcher] tick #113 ΓÇö prdFile=missing backlogFile=missing (prdId=prd-1)

      at src/server/services/prdService.ts:625:13

    console.log
      [prdWatcher] tick #114 ΓÇö prdFile=missing backlogFile=missing (prdId=prd-1)

      at src/server/services/prdService.ts:625:13

    console.log
      [prdWatcher] tick #115 ΓÇö prdFile=missing backlogFile=missing (prdId=prd-1)

      at src/server/services/prdService.ts:625:13

    console.log
      [prdWatcher] tick #116 ΓÇö prdFile=missing backlogFile=missing (prdId=prd-1)

      at src/server/services/prdService.ts:625:13

    console.log
      [prdWatcher] tick #117 ΓÇö prdFile=missing backlogFile=missing (prdId=prd-1)

      at src/server/services/prdService.ts:625:13

    console.log
      [prdWatcher] tick #118 ΓÇö prdFile=missing backlogFile=missing (prdId=prd-1)

      at src/server/services/prdService.ts:625:13

    console.log
      [prdWatcher] tick #119 ΓÇö prdFile=missing backlogFile=missing (prdId=prd-1)

      at src/server/services/prdService.ts:625:13

    console.log
      [prdWatcher] tick #120 ΓÇö prdFile=missing backlogFile=missing (prdId=prd-1)

      at src/server/services/prdService.ts:625:13

    console.log
      [prdWatcher] tick #121 ΓÇö prdFile=missing backlogFile=missing (prdId=prd-1)

      at src/server/services/prdService.ts:625:13

    console.log
      [prdWatcher] tick #122 ΓÇö prdFile=missing backlogFile=missing (prdId=prd-1)

      at src/server/services/prdService.ts:625:13

    console.log
      [prdWatcher] tick #123 ΓÇö prdFile=missing backlogFile=missing (prdId=prd-1)

      at src/server/services/prdService.ts:625:13

    console.log
      [prdWatcher] tick #124 ΓÇö prdFile=missing backlogFile=missing (prdId=prd-1)

      at src/server/services/prdService.ts:625:13

    console.log
      [prdWatcher] tick #125 ΓÇö prdFile=missing backlogFile=missing (prdId=prd-1)

      at src/server/services/prdService.ts:625:13

    console.log
      [prdWatcher] tick #126 ΓÇö prdFile=missing backlogFile=missing (prdId=prd-1)

      at src/server/services/prdService.ts:625:13

    console.log
      [prdWatcher] tick #127 ΓÇö prdFile=missing backlogFile=missing (prdId=prd-1)

      at src/server/services/prdService.ts:625:13

    console.log
      [prdWatcher] tick #128 ΓÇö prdFile=missing backlogFile=missing (prdId=prd-1)

      at src/server/services/prdService.ts:625:13

    console.log
      [prdWatcher] tick #129 ΓÇö prdFile=missing backlogFile=missing (prdId=prd-1)

      at src/server/services/prdService.ts:625:13

    console.log
      [prdWatcher] tick #130 ΓÇö prdFile=missing backlogFile=missing (prdId=prd-1)

      at src/server/services/prdService.ts:625:13

    console.log
      [prdWatcher] tick #131 ΓÇö prdFile=missing backlogFile=missing (prdId=prd-1)

      at src/server/services/prdService.ts:625:13

    console.log
      [prdWatcher] tick #132 ΓÇö prdFile=missing backlogFile=missing (prdId=prd-1)

      at src/server/services/prdService.ts:625:13

    console.log
      [prdWatcher] tick #133 ΓÇö prdFile=missing backlogFile=missing (prdId=prd-1)

      at src/server/services/prdService.ts:625:13

    console.log
      [prdWatcher] tick #134 ΓÇö prdFile=missing backlogFile=missing (prdId=prd-1)

      at src/server/services/prdService.ts:625:13

    console.log
      [prdWatcher] tick #135 ΓÇö prdFile=missing backlogFile=missing (prdId=prd-1)

      at src/server/services/prdService.ts:625:13

    console.log
      [prdWatcher] tick #136 ΓÇö prdFile=missing backlogFile=missing (prdId=prd-1)

      at src/server/services/prdService.ts:625:13

    console.log
      [prdWatcher] tick #137 ΓÇö prdFile=missing backlogFile=missing (prdId=prd-1)

      at src/server/services/prdService.ts:625:13

    console.log
      [prdWatcher] tick #138 ΓÇö prdFile=missing backlogFile=missing (prdId=prd-1)

      at src/server/services/prdService.ts:625:13

    console.log
      [prdWatcher] tick #139 ΓÇö prdFile=missing backlogFile=missing (prdId=prd-1)

      at src/server/services/prdService.ts:625:13

    console.log
      [prdWatcher] tick #140 ΓÇö prdFile=missing backlogFile=missing (prdId=prd-1)

      at src/server/services/prdService.ts:625:13

    console.log
      [prdWatcher] tick #141 ΓÇö prdFile=missing backlogFile=missing (prdId=prd-1)

      at src/server/services/prdService.ts:625:13

    console.log
      [prdWatcher] tick #142 ΓÇö prdFile=missing backlogFile=missing (prdId=prd-1)

      at src/server/services/prdService.ts:625:13

    console.log
      [prdWatcher] tick #143 ΓÇö prdFile=missing backlogFile=missing (prdId=prd-1)

      at src/server/services/prdService.ts:625:13

    console.log
      [prdWatcher] tick #144 ΓÇö prdFile=missing backlogFile=missing (prdId=prd-1)

      at src/server/services/prdService.ts:625:13

    console.log
      [prdWatcher] tick #145 ΓÇö prdFile=missing backlogFile=missing (prdId=prd-1)

      at src/server/services/prdService.ts:625:13

    console.log
      [prdWatcher] tick #146 ΓÇö prdFile=missing backlogFile=missing (prdId=prd-1)

      at src/server/services/prdService.ts:625:13

    console.log
      [prdWatcher] tick #147 ΓÇö prdFile=missing backlogFile=missing (prdId=prd-1)

      at src/server/services/prdService.ts:625:13

    console.log
      [prdWatcher] tick #148 ΓÇö prdFile=missing backlogFile=missing (prdId=prd-1)

      at src/server/services/prdService.ts:625:13

    console.log
      [prdWatcher] tick #149 ΓÇö prdFile=missing backlogFile=missing (prdId=prd-1)

      at src/server/services/prdService.ts:625:13

    console.log
      [prdWatcher] tick #150 ΓÇö prdFile=missing backlogFile=missing (prdId=prd-1)

      at src/server/services/prdService.ts:625:13

    console.log
      [prdWatcher] tick #151 ΓÇö prdFile=missing backlogFile=missing (prdId=prd-1)

      at src/server/services/prdService.ts:625:13

    console.log
      [prdWatcher] tick #152 ΓÇö prdFile=missing backlogFile=missing (prdId=prd-1)

      at src/server/services/prdService.ts:625:13

    console.log
      [prdWatcher] tick #153 ΓÇö prdFile=missing backlogFile=missing (prdId=prd-1)

      at src/server/services/prdService.ts:625:13

    console.log
      [prdWatcher] tick #154 ΓÇö prdFile=missing backlogFile=missing (prdId=prd-1)

      at src/server/services/prdService.ts:625:13

    console.log
      [prdWatcher] tick #155 ΓÇö prdFile=missing backlogFile=missing (prdId=prd-1)

      at src/server/services/prdService.ts:625:13

    console.log
      [prdWatcher] tick #156 ΓÇö prdFile=missing backlogFile=missing (prdId=prd-1)

      at src/server/services/prdService.ts:625:13

    console.log
      [prdWatcher] tick #157 ΓÇö prdFile=missing backlogFile=missing (prdId=prd-1)

      at src/server/services/prdService.ts:625:13

    console.log
      [prdWatcher] tick #158 ΓÇö prdFile=missing backlogFile=missing (prdId=prd-1)

      at src/server/services/prdService.ts:625:13

    console.log
      [prdWatcher] tick #159 ΓÇö prdFile=missing backlogFile=missing (prdId=prd-1)

      at src/server/services/prdService.ts:625:13

    console.log
      [prdWatcher] tick #160 ΓÇö prdFile=missing backlogFile=missing (prdId=prd-1)

      at src/server/services/prdService.ts:625:13

    console.log
      [prdWatcher] tick #161 ΓÇö prdFile=missing backlogFile=missing (prdId=prd-1)

      at src/server/services/prdService.ts:625:13

    console.log
      [prdWatcher] tick #162 ΓÇö prdFile=missing backlogFile=missing (prdId=prd-1)

      at src/server/services/prdService.ts:625:13

    console.log
      [prdWatcher] tick #163 ΓÇö prdFile=missing backlogFile=missing (prdId=prd-1)

      at src/server/services/prdService.ts:625:13

    console.log
      [prdWatcher] tick #164 ΓÇö prdFile=missing backlogFile=missing (prdId=prd-1)

      at src/server/services/prdService.ts:625:13

    console.log
      [prdWatcher] tick #165 ΓÇö prdFile=missing backlogFile=missing (prdId=prd-1)

      at src/server/services/prdService.ts:625:13

    console.log
      [prdWatcher] tick #166 ΓÇö prdFile=missing backlogFile=missing (prdId=prd-1)

      at src/server/services/prdService.ts:625:13

    console.log
      [prdWatcher] tick #167 ΓÇö prdFile=missing backlogFile=missing (prdId=prd-1)

      at src/server/services/prdService.ts:625:13

    console.log
      [prdWatcher] tick #168 ΓÇö prdFile=missing backlogFile=missing (prdId=prd-1)

      at src/server/services/prdService.ts:625:13

    console.log
      [prdWatcher] tick #169 ΓÇö prdFile=missing backlogFile=missing (prdId=prd-1)

      at src/server/services/prdService.ts:625:13

    console.log
      [prdWatcher] tick #170 ΓÇö prdFile=missing backlogFile=missing (prdId=prd-1)

      at src/server/services/prdService.ts:625:13

    console.log
      [prdWatcher] tick #171 ΓÇö prdFile=missing backlogFile=missing (prdId=prd-1)

      at src/server/services/prdService.ts:625:13

    console.log
      [prdWatcher] tick #172 ΓÇö prdFile=missing backlogFile=missing (prdId=prd-1)

      at src/server/services/prdService.ts:625:13

    console.log
      [prdWatcher] tick #173 ΓÇö prdFile=missing backlogFile=missing (prdId=prd-1)

      at src/server/services/prdService.ts:625:13

    console.log
      [prdWatcher] tick #174 ΓÇö prdFile=missing backlogFile=missing (prdId=prd-1)

      at src/server/services/prdService.ts:625:13

    console.log
      [prdWatcher] tick #175 ΓÇö prdFile=missing backlogFile=missing (prdId=prd-1)

      at src/server/services/prdService.ts:625:13

    console.log
      [prdWatcher] tick #176 ΓÇö prdFile=missing backlogFile=missing (prdId=prd-1)

      at src/server/services/prdService.ts:625:13

    console.log
      [prdWatcher] tick #177 ΓÇö prdFile=missing backlogFile=missing (prdId=prd-1)

      at src/server/services/prdService.ts:625:13

    console.log
      [prdWatcher] tick #178 ΓÇö prdFile=missing backlogFile=missing (prdId=prd-1)

      at src/server/services/prdService.ts:625:13

    console.log
      [prdWatcher] tick #179 ΓÇö prdFile=missing backlogFile=missing (prdId=prd-1)

      at src/server/services/prdService.ts:625:13

    console.log
      [prdWatcher] tick #180 ΓÇö prdFile=missing backlogFile=missing (prdId=prd-1)

      at src/server/services/prdService.ts:625:13

    console.log
      [prdWatcher] tick #181 ΓÇö prdFile=missing backlogFile=missing (prdId=prd-1)

      at src/server/services/prdService.ts:625:13

    console.log
      [prdWatcher] tick #182 ΓÇö prdFile=missing backlogFile=missing (prdId=prd-1)

      at src/server/services/prdService.ts:625:13

    console.log
      [prdWatcher] tick #183 ΓÇö prdFile=missing backlogFile=missing (prdId=prd-1)

      at src/server/services/prdService.ts:625:13

    console.log
      [prdWatcher] tick #184 ΓÇö prdFile=missing backlogFile=missing (prdId=prd-1)

      at src/server/services/prdService.ts:625:13

    console.log
      [prdWatcher] tick #185 ΓÇö prdFile=missing backlogFile=missing (prdId=prd-1)

      at src/server/services/prdService.ts:625:13

    console.log
      [prdWatcher] tick #186 ΓÇö prdFile=missing backlogFile=missing (prdId=prd-1)

      at src/server/services/prdService.ts:625:13

    console.log
      [prdWatcher] tick #187 ΓÇö prdFile=missing backlogFile=missing (prdId=prd-1)

      at src/server/services/prdService.ts:625:13

    console.log
      [prdWatcher] tick #188 ΓÇö prdFile=missing backlogFile=missing (prdId=prd-1)

      at src/server/services/prdService.ts:625:13

    console.log
      [prdWatcher] tick #189 ΓÇö prdFile=missing backlogFile=missing (prdId=prd-1)

      at src/server/services/prdService.ts:625:13

    console.log
      [prdWatcher] tick #190 ΓÇö prdFile=missing backlogFile=missing (prdId=prd-1)

      at src/server/services/prdService.ts:625:13

    console.log
      [prdWatcher] tick #191 ΓÇö prdFile=missing backlogFile=missing (prdId=prd-1)

      at src/server/services/prdService.ts:625:13

    console.log
      [prdWatcher] tick #192 ΓÇö prdFile=missing backlogFile=missing (prdId=prd-1)

      at src/server/services/prdService.ts:625:13

    console.log
      [prdWatcher] tick #193 ΓÇö prdFile=missing backlogFile=missing (prdId=prd-1)

      at src/server/services/prdService.ts:625:13

    console.log
      [prdWatcher] tick #194 ΓÇö prdFile=missing backlogFile=missing (prdId=prd-1)

      at src/server/services/prdService.ts:625:13

    console.log
      [prdWatcher] tick #195 ΓÇö prdFile=missing backlogFile=missing (prdId=prd-1)

      at src/server/services/prdService.ts:625:13

    console.log
      [prdWatcher] tick #196 ΓÇö prdFile=missing backlogFile=missing (prdId=prd-1)

      at src/server/services/prdService.ts:625:13

    console.log
      [prdWatcher] tick #197 ΓÇö prdFile=missing backlogFile=missing (prdId=prd-1)

      at src/server/services/prdService.ts:625:13

    console.log
      [prdWatcher] tick #198 ΓÇö prdFile=missing backlogFile=missing (prdId=prd-1)

      at src/server/services/prdService.ts:625:13

    console.log
      [prdWatcher] tick #199 ΓÇö prdFile=missing backlogFile=missing (prdId=prd-1)

      at src/server/services/prdService.ts:625:13

    console.log
      [prdWatcher] tick #200 ΓÇö prdFile=missing backlogFile=missing (prdId=prd-1)

      at src/server/services/prdService.ts:625:13

    console.log
      [prdWatcher] tick #201 ΓÇö prdFile=missing backlogFile=missing (prdId=prd-1)

      at src/server/services/prdService.ts:625:13

    console.log
      [prdWatcher] tick #202 ΓÇö prdFile=missing backlogFile=missing (prdId=prd-1)

      at src/server/services/prdService.ts:625:13

    console.log
      [prdWatcher] tick #203 ΓÇö prdFile=missing backlogFile=missing (prdId=prd-1)

      at src/server/services/prdService.ts:625:13

    console.log
      [prdWatcher] tick #204 ΓÇö prdFile=missing backlogFile=missing (prdId=prd-1)

      at src/server/services/prdService.ts:625:13

    console.log
      [prdWatcher] tick #205 ΓÇö prdFile=missing backlogFile=missing (prdId=prd-1)

      at src/server/services/prdService.ts:625:13

    console.log
      [prdWatcher] tick #206 ΓÇö prdFile=missing backlogFile=missing (prdId=prd-1)

      at src/server/services/prdService.ts:625:13

    console.log
      [prdWatcher] tick #207 ΓÇö prdFile=missing backlogFile=missing (prdId=prd-1)

      at src/server/services/prdService.ts:625:13

    console.log
      [prdWatcher] tick #208 ΓÇö prdFile=missing backlogFile=missing (prdId=prd-1)

      at src/server/services/prdService.ts:625:13

    console.log
      [prdWatcher] tick #209 ΓÇö prdFile=missing backlogFile=missing (prdId=prd-1)

      at src/server/services/prdService.ts:625:13

    console.log
      [prdWatcher] tick #210 ΓÇö prdFile=missing backlogFile=missing (prdId=prd-1)

      at src/server/services/prdService.ts:625:13

    console.log
      [prdWatcher] tick #211 ΓÇö prdFile=missing backlogFile=missing (prdId=prd-1)

      at src/server/services/prdService.ts:625:13

    console.log
      [prdWatcher] tick #212 ΓÇö prdFile=missing backlogFile=missing (prdId=prd-1)

      at src/server/services/prdService.ts:625:13

    console.log
      [prdWatcher] tick #213 ΓÇö prdFile=missing backlogFile=missing (prdId=prd-1)

      at src/server/services/prdService.ts:625:13

    console.log
      [prdWatcher] tick #214 ΓÇö prdFile=missing backlogFile=missing (prdId=prd-1)

      at src/server/services/prdService.ts:625:13

    console.log
      [prdWatcher] tick #215 ΓÇö prdFile=missing backlogFile=missing (prdId=prd-1)

      at src/server/services/prdService.ts:625:13

    console.log
      [prdWatcher] tick #216 ΓÇö prdFile=missing backlogFile=missing (prdId=prd-1)

      at src/server/services/prdService.ts:625:13

    console.log
      [prdWatcher] tick #217 ΓÇö prdFile=missing backlogFile=missing (prdId=prd-1)

      at src/server/services/prdService.ts:625:13

    console.log
      [prdWatcher] tick #218 ΓÇö prdFile=missing backlogFile=missing (prdId=prd-1)

      at src/server/services/prdService.ts:625:13

    console.log
      [prdWatcher] tick #219 ΓÇö prdFile=missing backlogFile=missing (prdId=prd-1)

      at src/server/services/prdService.ts:625:13

    console.log
      [prdWatcher] tick #220 ΓÇö prdFile=missing backlogFile=missing (prdId=prd-1)

      at src/server/services/prdService.ts:625:13

    console.log
      [prdWatcher] tick #221 ΓÇö prdFile=missing backlogFile=missing (prdId=prd-1)

      at src/server/services/prdService.ts:625:13

    console.log
      [prdWatcher] tick #222 ΓÇö prdFile=missing backlogFile=missing (prdId=prd-1)

      at src/server/services/prdService.ts:625:13

    console.log
      [prdWatcher] tick #223 ΓÇö prdFile=missing backlogFile=missing (prdId=prd-1)

      at src/server/services/prdService.ts:625:13

    console.log
      [prdWatcher] tick #224 ΓÇö prdFile=missing backlogFile=missing (prdId=prd-1)

      at src/server/services/prdService.ts:625:13

    console.log
      [prdWatcher] tick #225 ΓÇö prdFile=missing backlogFile=missing (prdId=prd-1)

      at src/server/services/prdService.ts:625:13

    console.log
      [prdWatcher] tick #226 ΓÇö prdFile=missing backlogFile=missing (prdId=prd-1)

      at src/server/services/prdService.ts:625:13

    console.log
      [prdWatcher] tick #227 ΓÇö prdFile=missing backlogFile=missing (prdId=prd-1)

      at src/server/services/prdService.ts:625:13

    console.log
      [prdWatcher] tick #228 ΓÇö prdFile=missing backlogFile=missing (prdId=prd-1)

      at src/server/services/prdService.ts:625:13

    console.log
      [prdWatcher] tick #229 ΓÇö prdFile=missing backlogFile=missing (prdId=prd-1)

      at src/server/services/prdService.ts:625:13

    console.log
      [prdWatcher] tick #230 ΓÇö prdFile=missing backlogFile=missing (prdId=prd-1)

      at src/server/services/prdService.ts:625:13

    console.log
      [prdWatcher] tick #231 ΓÇö prdFile=missing backlogFile=missing (prdId=prd-1)

      at src/server/services/prdService.ts:625:13

    console.log
      [prdWatcher] tick #232 ΓÇö prdFile=missing backlogFile=missing (prdId=prd-1)

      at src/server/services/prdService.ts:625:13

    console.log
      [prdWatcher] tick #233 ΓÇö prdFile=missing backlogFile=missing (prdId=prd-1)

      at src/server/services/prdService.ts:625:13

    console.log
      [prdWatcher] tick #234 ΓÇö prdFile=missing backlogFile=missing (prdId=prd-1)

      at src/server/services/prdService.ts:625:13

    console.log
      [prdWatcher] tick #235 ΓÇö prdFile=missing backlogFile=missing (prdId=prd-1)

      at src/server/services/prdService.ts:625:13

    console.log
      [prdWatcher] tick #236 ΓÇö prdFile=missing backlogFile=missing (prdId=prd-1)

      at src/server/services/prdService.ts:625:13

    console.log
      [prdWatcher] tick #237 ΓÇö prdFile=missing backlogFile=missing (prdId=prd-1)

      at src/server/services/prdService.ts:625:13

    console.log
      [prdWatcher] tick #238 ΓÇö prdFile=missing backlogFile=missing (prdId=prd-1)

      at src/server/services/prdService.ts:625:13

    console.log
      [prdWatcher] tick #239 ΓÇö prdFile=missing backlogFile=missing (prdId=prd-1)

      at src/server/services/prdService.ts:625:13

    console.log
      [prdWatcher] tick #240 ΓÇö prdFile=missing backlogFile=missing (prdId=prd-1)

      at src/server/services/prdService.ts:625:13

    console.log
      [prdWatcher] tick #241 ΓÇö prdFile=missing backlogFile=missing (prdId=prd-1)

      at src/server/services/prdService.ts:625:13

    console.log
      [prdWatcher] tick #242 ΓÇö prdFile=missing backlogFile=missing (prdId=prd-1)

      at src/server/services/prdService.ts:625:13

    console.log
      [prdWatcher] tick #243 ΓÇö prdFile=missing backlogFile=missing (prdId=prd-1)

      at src/server/services/prdService.ts:625:13

    console.log
      [prdWatcher] tick #244 ΓÇö prdFile=missing backlogFile=missing (prdId=prd-1)

      at src/server/services/prdService.ts:625:13

    console.log
      [prdWatcher] tick #245 ΓÇö prdFile=missing backlogFile=missing (prdId=prd-1)

      at src/server/services/prdService.ts:625:13

    console.log
      [prdWatcher] tick #246 ΓÇö prdFile=missing backlogFile=missing (prdId=prd-1)

      at src/server/services/prdService.ts:625:13

    console.log
      [prdWatcher] tick #247 ΓÇö prdFile=missing backlogFile=missing (prdId=prd-1)

      at src/server/services/prdService.ts:625:13

    console.log
      [prdWatcher] tick #248 ΓÇö prdFile=missing backlogFile=missing (prdId=prd-1)

      at src/server/services/prdService.ts:625:13

    console.log
      [prdWatcher] tick #249 ΓÇö prdFile=missing backlogFile=missing (prdId=prd-1)

      at src/server/services/prdService.ts:625:13

    console.log
      [prdWatcher] tick #250 ΓÇö prdFile=missing backlogFile=missing (prdId=prd-1)

      at src/server/services/prdService.ts:625:13

    console.log
      [prdWatcher] tick #251 ΓÇö prdFile=missing backlogFile=missing (prdId=prd-1)

      at src/server/services/prdService.ts:625:13

    console.log
      [prdWatcher] tick #252 ΓÇö prdFile=missing backlogFile=missing (prdId=prd-1)

      at src/server/services/prdService.ts:625:13

    console.log
      [prdWatcher] tick #253 ΓÇö prdFile=missing backlogFile=missing (prdId=prd-1)

      at src/server/services/prdService.ts:625:13

    console.log
      [prdWatcher] tick #254 ΓÇö prdFile=missing backlogFile=missing (prdId=prd-1)

      at src/server/services/prdService.ts:625:13

    console.log
      [prdWatcher] tick #255 ΓÇö prdFile=missing backlogFile=missing (prdId=prd-1)

      at src/server/services/prdService.ts:625:13

    console.log
      [prdWatcher] tick #256 ΓÇö prdFile=missing backlogFile=missing (prdId=prd-1)

      at src/server/services/prdService.ts:625:13

    console.log
      [prdWatcher] tick #257 ΓÇö prdFile=missing backlogFile=missing (prdId=prd-1)

      at src/server/services/prdService.ts:625:13

    console.log
      [prdWatcher] tick #258 ΓÇö prdFile=missing backlogFile=missing (prdId=prd-1)

      at src/server/services/prdService.ts:625:13

    console.log
      [prdWatcher] tick #259 ΓÇö prdFile=missing backlogFile=missing (prdId=prd-1)

      at src/server/services/prdService.ts:625:13

    console.log
      [prdWatcher] tick #260 ΓÇö prdFile=missing backlogFile=missing (prdId=prd-1)

      at src/server/services/prdService.ts:625:13

    console.log
      [prdWatcher] tick #261 ΓÇö prdFile=missing backlogFile=missing (prdId=prd-1)

      at src/server/services/prdService.ts:625:13

    console.log
      [prdWatcher] tick #262 ΓÇö prdFile=missing backlogFile=missing (prdId=prd-1)

      at src/server/services/prdService.ts:625:13

    console.log
      [prdWatcher] tick #263 ΓÇö prdFile=missing backlogFile=missing (prdId=prd-1)

      at src/server/services/prdService.ts:625:13

    console.log
      [prdWatcher] tick #264 ΓÇö prdFile=missing backlogFile=missing (prdId=prd-1)

      at src/server/services/prdService.ts:625:13

    console.log
      [prdWatcher] tick #265 ΓÇö prdFile=missing backlogFile=missing (prdId=prd-1)

      at src/server/services/prdService.ts:625:13

    console.log
      [prdWatcher] tick #266 ΓÇö prdFile=missing backlogFile=missing (prdId=prd-1)

      at src/server/services/prdService.ts:625:13

    console.log
      [prdWatcher] tick #267 ΓÇö prdFile=missing backlogFile=missing (prdId=prd-1)

      at src/server/services/prdService.ts:625:13

    console.log
      [prdWatcher] tick #268 ΓÇö prdFile=missing backlogFile=missing (prdId=prd-1)

      at src/server/services/prdService.ts:625:13

    console.log
      [prdWatcher] tick #269 ΓÇö prdFile=missing backlogFile=missing (prdId=prd-1)

      at src/server/services/prdService.ts:625:13

    console.log
      [prdWatcher] tick #270 ΓÇö prdFile=missing backlogFile=missing (prdId=prd-1)

      at src/server/services/prdService.ts:625:13

    console.log
      [prdWatcher] tick #271 ΓÇö prdFile=missing backlogFile=missing (prdId=prd-1)

      at src/server/services/prdService.ts:625:13

    console.log
      [prdWatcher] tick #272 ΓÇö prdFile=missing backlogFile=missing (prdId=prd-1)

      at src/server/services/prdService.ts:625:13

    console.log
      [prdWatcher] tick #273 ΓÇö prdFile=missing backlogFile=missing (prdId=prd-1)

      at src/server/services/prdService.ts:625:13

    console.log
      [prdWatcher] tick #274 ΓÇö prdFile=missing backlogFile=missing (prdId=prd-1)

      at src/server/services/prdService.ts:625:13

    console.log
      [prdWatcher] tick #275 ΓÇö prdFile=missing backlogFile=missing (prdId=prd-1)

      at src/server/services/prdService.ts:625:13

    console.log
      [prdWatcher] tick #276 ΓÇö prdFile=missing backlogFile=missing (prdId=prd-1)

      at src/server/services/prdService.ts:625:13

    console.log
      [prdWatcher] tick #277 ΓÇö prdFile=missing backlogFile=missing (prdId=prd-1)

      at src/server/services/prdService.ts:625:13

    console.log
      [prdWatcher] tick #278 ΓÇö prdFile=missing backlogFile=missing (prdId=prd-1)

      at src/server/services/prdService.ts:625:13

    console.log
      [prdWatcher] tick #279 ΓÇö prdFile=missing backlogFile=missing (prdId=prd-1)

      at src/server/services/prdService.ts:625:13

    console.log
      [prdWatcher] tick #280 ΓÇö prdFile=missing backlogFile=missing (prdId=prd-1)

      at src/server/services/prdService.ts:625:13

    console.log
      [prdWatcher] tick #281 ΓÇö prdFile=missing backlogFile=missing (prdId=prd-1)

      at src/server/services/prdService.ts:625:13

    console.log
      [prdWatcher] tick #282 ΓÇö prdFile=missing backlogFile=missing (prdId=prd-1)

      at src/server/services/prdService.ts:625:13

    console.log
      [prdWatcher] tick #283 ΓÇö prdFile=missing backlogFile=missing (prdId=prd-1)

      at src/server/services/prdService.ts:625:13

    console.log
      [prdWatcher] tick #284 ΓÇö prdFile=missing backlogFile=missing (prdId=prd-1)

      at src/server/services/prdService.ts:625:13

    console.log
      [prdWatcher] tick #285 ΓÇö prdFile=missing backlogFile=missing (prdId=prd-1)

      at src/server/services/prdService.ts:625:13

    console.log
      [prdWatcher] tick #286 ΓÇö prdFile=missing backlogFile=missing (prdId=prd-1)

      at src/server/services/prdService.ts:625:13

    console.log
      [prdWatcher] tick #287 ΓÇö prdFile=missing backlogFile=missing (prdId=prd-1)

      at src/server/services/prdService.ts:625:13

    console.log
      [prdWatcher] tick #288 ΓÇö prdFile=missing backlogFile=missing (prdId=prd-1)

      at src/server/services/prdService.ts:625:13

    console.log
      [prdWatcher] tick #289 ΓÇö prdFile=missing backlogFile=missing (prdId=prd-1)

      at src/server/services/prdService.ts:625:13

    console.log
      [prdWatcher] tick #290 ΓÇö prdFile=missing backlogFile=missing (prdId=prd-1)

      at src/server/services/prdService.ts:625:13

    console.log
      [prdWatcher] tick #291 ΓÇö prdFile=missing backlogFile=missing (prdId=prd-1)

      at src/server/services/prdService.ts:625:13

    console.log
      [prdWatcher] tick #292 ΓÇö prdFile=missing backlogFile=missing (prdId=prd-1)

      at src/server/services/prdService.ts:625:13

    console.log
      [prdWatcher] tick #293 ΓÇö prdFile=missing backlogFile=missing (prdId=prd-1)

      at src/server/services/prdService.ts:625:13

    console.log
      [prdWatcher] tick #294 ΓÇö prdFile=missing backlogFile=missing (prdId=prd-1)

      at src/server/services/prdService.ts:625:13

    console.log
      [prdWatcher] tick #295 ΓÇö prdFile=missing backlogFile=missing (prdId=prd-1)

      at src/server/services/prdService.ts:625:13

    console.log
      [prdWatcher] tick #296 ΓÇö prdFile=missing backlogFile=missing (prdId=prd-1)

      at src/server/services/prdService.ts:625:13

    console.log
      [prdWatcher] tick #297 ΓÇö prdFile=missing backlogFile=missing (prdId=prd-1)

      at src/server/services/prdService.ts:625:13

    console.log
      [prdWatcher] tick #298 ΓÇö prdFile=missing backlogFile=missing (prdId=prd-1)

      at src/server/services/prdService.ts:625:13

    console.log
      [prdWatcher] tick #299 ΓÇö prdFile=missing backlogFile=missing (prdId=prd-1)

      at src/server/services/prdService.ts:625:13

    console.log
      [prdWatcher] tick #300 ΓÇö prdFile=missing backlogFile=missing (prdId=prd-1)

      at src/server/services/prdService.ts:625:13

    console.log
      [prdWatcher] tick #301 ΓÇö prdFile=missing backlogFile=missing (prdId=prd-1)

      at src/server/services/prdService.ts:625:13

    console.log
      [prdWatcher] tick #302 ΓÇö prdFile=missing backlogFile=missing (prdId=prd-1)

      at src/server/services/prdService.ts:625:13

    console.log
      [prdWatcher] tick #303 ΓÇö prdFile=missing backlogFile=missing (prdId=prd-1)

      at src/server/services/prdService.ts:625:13

    console.log
      [prdWatcher] tick #304 ΓÇö prdFile=missing backlogFile=missing (prdId=prd-1)

      at src/server/services/prdService.ts:625:13

    console.log
      [prdWatcher] tick #305 ΓÇö prdFile=missing backlogFile=missing (prdId=prd-1)

      at src/server/services/prdService.ts:625:13

    console.log
      [prdWatcher] tick #306 ΓÇö prdFile=missing backlogFile=missing (prdId=prd-1)

      at src/server/services/prdService.ts:625:13

    console.log
      [prdWatcher] tick #307 ΓÇö prdFile=missing backlogFile=missing (prdId=prd-1)

      at src/server/services/prdService.ts:625:13

    console.log
      [prdWatcher] tick #308 ΓÇö prdFile=missing backlogFile=missing (prdId=prd-1)

      at src/server/services/prdService.ts:625:13

    console.log
      [prdWatcher] tick #309 ΓÇö prdFile=missing backlogFile=missing (prdId=prd-1)

      at src/server/services/prdService.ts:625:13

    console.log
      [prdWatcher] tick #310 ΓÇö prdFile=missing backlogFile=missing (prdId=prd-1)

      at src/server/services/prdService.ts:625:13

    console.log
      [prdWatcher] tick #311 ΓÇö prdFile=missing backlogFile=missing (prdId=prd-1)

      at src/server/services/prdService.ts:625:13

    console.log
      [prdWatcher] tick #312 ΓÇö prdFile=missing backlogFile=missing (prdId=prd-1)

      at src/server/services/prdService.ts:625:13

    console.log
      [prdWatcher] tick #313 ΓÇö prdFile=missing backlogFile=missing (prdId=prd-1)

      at src/server/services/prdService.ts:625:13

    console.log
      [prdWatcher] tick #314 ΓÇö prdFile=missing backlogFile=missing (prdId=prd-1)

      at src/server/services/prdService.ts:625:13

    console.log
      [prdWatcher] tick #315 ΓÇö prdFile=missing backlogFile=missing (prdId=prd-1)

      at src/server/services/prdService.ts:625:13

    console.log
      [prdWatcher] tick #316 ΓÇö prdFile=missing backlogFile=missing (prdId=prd-1)

      at src/server/services/prdService.ts:625:13

    console.log
      [prdWatcher] tick #317 ΓÇö prdFile=missing backlogFile=missing (prdId=prd-1)

      at src/server/services/prdService.ts:625:13

    console.log
      [prdWatcher] tick #318 ΓÇö prdFile=missing backlogFile=missing (prdId=prd-1)

      at src/server/services/prdService.ts:625:13

    console.log
      [prdWatcher] tick #319 ΓÇö prdFile=missing backlogFile=missing (prdId=prd-1)

      at src/server/services/prdService.ts:625:13

    console.log
      [prdWatcher] tick #320 ΓÇö prdFile=missing backlogFile=missing (prdId=prd-1)

      at src/server/services/prdService.ts:625:13

    console.log
      [prdWatcher] tick #321 ΓÇö prdFile=missing backlogFile=missing (prdId=prd-1)

      at src/server/services/prdService.ts:625:13

    console.log
      [prdWatcher] tick #322 ΓÇö prdFile=missing backlogFile=missing (prdId=prd-1)

      at src/server/services/prdService.ts:625:13

    console.log
      [prdWatcher] tick #323 ΓÇö prdFile=missing backlogFile=missing (prdId=prd-1)

      at src/server/services/prdService.ts:625:13

    console.log
      [prdWatcher] tick #324 ΓÇö prdFile=missing backlogFile=missing (prdId=prd-1)

      at src/server/services/prdService.ts:625:13

    console.log
      [prdWatcher] tick #325 ΓÇö prdFile=missing backlogFile=missing (prdId=prd-1)

      at src/server/services/prdService.ts:625:13

    console.log
      [prdWatcher] tick #326 ΓÇö prdFile=missing backlogFile=missing (prdId=prd-1)

      at src/server/services/prdService.ts:625:13

    console.log
      [prdWatcher] tick #327 ΓÇö prdFile=missing backlogFile=missing (prdId=prd-1)

      at src/server/services/prdService.ts:625:13

    console.log
      [prdWatcher] tick #328 ΓÇö prdFile=missing backlogFile=missing (prdId=prd-1)

      at src/server/services/prdService.ts:625:13

    console.log
      [prdWatcher] tick #329 ΓÇö prdFile=missing backlogFile=missing (prdId=prd-1)

      at src/server/services/prdService.ts:625:13

    console.log
      [prdWatcher] tick #330 ΓÇö prdFile=missing backlogFile=missing (prdId=prd-1)

      at src/server/services/prdService.ts:625:13

    console.log
      [prdWatcher] tick #331 ΓÇö prdFile=missing backlogFile=missing (prdId=prd-1)

      at src/server/services/prdService.ts:625:13

    console.log
      [prdWatcher] tick #332 ΓÇö prdFile=missing backlogFile=missing (prdId=prd-1)

      at src/server/services/prdService.ts:625:13

    console.log
      [prdWatcher] tick #333 ΓÇö prdFile=missing backlogFile=missing (prdId=prd-1)

      at src/server/services/prdService.ts:625:13

    console.log
      [prdWatcher] tick #334 ΓÇö prdFile=missing backlogFile=missing (prdId=prd-1)

      at src/server/services/prdService.ts:625:13

    console.log
      [prdWatcher] tick #335 ΓÇö prdFile=missing backlogFile=missing (prdId=prd-1)

      at src/server/services/prdService.ts:625:13

    console.log
      [prdWatcher] tick #336 ΓÇö prdFile=missing backlogFile=missing (prdId=prd-1)

      at src/server/services/prdService.ts:625:13

    console.log
      [prdWatcher] tick #337 ΓÇö prdFile=missing backlogFile=missing (prdId=prd-1)

      at src/server/services/prdService.ts:625:13

    console.log
      [prdWatcher] tick #338 ΓÇö prdFile=missing backlogFile=missing (prdId=prd-1)

      at src/server/services/prdService.ts:625:13

    console.log
      [prdWatcher] tick #339 ΓÇö prdFile=missing backlogFile=missing (prdId=prd-1)

      at src/server/services/prdService.ts:625:13

    console.log
      [prdWatcher] tick #340 ΓÇö prdFile=missing backlogFile=missing (prdId=prd-1)

      at src/server/services/prdService.ts:625:13

    console.log
      [prdWatcher] tick #341 ΓÇö prdFile=missing backlogFile=missing (prdId=prd-1)

      at src/server/services/prdService.ts:625:13

    console.log
      [prdWatcher] tick #342 ΓÇö prdFile=missing backlogFile=missing (prdId=prd-1)

      at src/server/services/prdService.ts:625:13

    console.log
      [prdWatcher] tick #343 ΓÇö prdFile=missing backlogFile=missing (prdId=prd-1)

      at src/server/services/prdService.ts:625:13

    console.log
      [prdWatcher] tick #344 ΓÇö prdFile=missing backlogFile=missing (prdId=prd-1)

      at src/server/services/prdService.ts:625:13

    console.log
      [prdWatcher] tick #345 ΓÇö prdFile=missing backlogFile=missing (prdId=prd-1)

      at src/server/services/prdService.ts:625:13

    console.log
      [prdWatcher] tick #346 ΓÇö prdFile=missing backlogFile=missing (prdId=prd-1)

      at src/server/services/prdService.ts:625:13

    console.log
      [prdWatcher] tick #347 ΓÇö prdFile=missing backlogFile=missing (prdId=prd-1)

      at src/server/services/prdService.ts:625:13

    console.log
      [prdWatcher] tick #348 ΓÇö prdFile=missing backlogFile=missing (prdId=prd-1)

      at src/server/services/prdService.ts:625:13

    console.log
      [prdWatcher] tick #349 ΓÇö prdFile=missing backlogFile=missing (prdId=prd-1)

      at src/server/services/prdService.ts:625:13

    console.log
      [prdWatcher] tick #350 ΓÇö prdFile=missing backlogFile=missing (prdId=prd-1)

      at src/server/services/prdService.ts:625:13

    console.log
      [prdWatcher] tick #351 ΓÇö prdFile=missing backlogFile=missing (prdId=prd-1)

      at src/server/services/prdService.ts:625:13

    console.log
      [prdWatcher] tick #352 ΓÇö prdFile=missing backlogFile=missing (prdId=prd-1)

      at src/server/services/prdService.ts:625:13

    console.log
      [prdWatcher] tick #353 ΓÇö prdFile=missing backlogFile=missing (prdId=prd-1)

      at src/server/services/prdService.ts:625:13

    console.log
      [prdWatcher] tick #354 ΓÇö prdFile=missing backlogFile=missing (prdId=prd-1)

      at src/server/services/prdService.ts:625:13

    console.log
      [prdWatcher] tick #355 ΓÇö prdFile=missing backlogFile=missing (prdId=prd-1)

      at src/server/services/prdService.ts:625:13

    console.log
      [prdWatcher] tick #356 ΓÇö prdFile=missing backlogFile=missing (prdId=prd-1)

      at src/server/services/prdService.ts:625:13

    console.log
      [prdWatcher] tick #357 ΓÇö prdFile=missing backlogFile=missing (prdId=prd-1)

      at src/server/services/prdService.ts:625:13

    console.log
      [prdWatcher] tick #358 ΓÇö prdFile=missing backlogFile=missing (prdId=prd-1)

      at src/server/services/prdService.ts:625:13

    console.log
      [prdWatcher] tick #359 ΓÇö prdFile=missing backlogFile=missing (prdId=prd-1)

      at src/server/services/prdService.ts:625:13

    console.log
      [prdWatcher] tick #360 ΓÇö prdFile=missing backlogFile=missing (prdId=prd-1)

      at src/server/services/prdService.ts:625:13

    console.warn
      [prdWatcher] Timed out waiting for PRD output ΓÇö resetting to draft (prdId=prd-1, threadId=thread-1)

      613 |       clearInterval(interval);
      614 |       activePrdWatchers.delete(prdId);
    > 615 |       console.warn(`[prdWatcher] Timed out waiting for PRD output ΓÇö resetting to draft (prdId=${prdId}, 
threadId=${chatThreadId})`);
          |               ^
      616 |       await db.update(prds)
      617 |         .set({ status: 'draft', updatedAt: new Date().toISOString() })
      618 |         .where(and(eq(prds.id, prdId), eq(prds.status, 'generating')));

      at src/server/services/prdService.ts:615:15
      at src/server/services/prdService.ts:41:71
      at Object.<anonymous>.__awaiter (src/server/services/prdService.ts:37:12)
      at src/server/services/prdService.ts:609:43
      at callTimer (node_modules/@sinonjs/fake-timers/src/fake-timers-src.js:744:24)
      at doTickInner (node_modules/@sinonjs/fake-timers/src/fake-timers-src.js:1312:29)
      at doTick (node_modules/@sinonjs/fake-timers/src/fake-timers-src.js:1393:20)
      at Object.tick (node_modules/@sinonjs/fake-timers/src/fake-timers-src.js:1401:20)
      at FakeTimers.advanceTimersByTime (node_modules/@jest/fake-timers/build/modernFakeTimers.js:94:19)
      at src/server/__tests__/prdService.test.ts:1204:12
      at fulfilled (src/server/__tests__/prdService.test.ts:9:58)

    console.log
      [prdWatcher] Started ΓÇö prdId=prd-1 threadId=thread-1

      at startPrdWatcher (src/server/services/prdService.ts:607:11)

    console.log
      [prdWatcher] tick #1 ΓÇö prdFile=found (5 chars) backlogFile=missing (prdId=prd-1)

      at src/server/services/prdService.ts:625:13

    console.warn
      [adoFactory] No per-user Azure DevOps token available; falling back to PAT (non-production only).

      36 |   }
      37 |   if (process.env.NODE_ENV !== 'production') {
    > 38 |     console.warn(
         |             ^
      39 |       '[adoFactory] No per-user Azure DevOps token available; falling back to PAT (non-production only).',
      40 |     );
      41 |     return new AzureDevOpsService(project, areaPath);

      at adoWriteFromToken (src/server/services/adoFactory.ts:38:13)
      at src/server/services/prdService.ts:884:39
      at fulfilled (src/server/services/prdService.ts:38:58)

    console.warn
      [adoFactory] No per-user Azure DevOps token available; falling back to PAT (non-production only).

      36 |   }
      37 |   if (process.env.NODE_ENV !== 'production') {
    > 38 |     console.warn(
         |             ^
      39 |       '[adoFactory] No per-user Azure DevOps token available; falling back to PAT (non-production only).',
      40 |     );
      41 |     return new AzureDevOpsService(project, areaPath);

      at adoWriteFromToken (src/server/services/adoFactory.ts:38:13)
      at src/server/services/prdService.ts:884:39
      at fulfilled (src/server/services/prdService.ts:38:58)

    console.warn
      [adoFactory] No per-user Azure DevOps token available; falling back to PAT (non-production only).

      36 |   }
      37 |   if (process.env.NODE_ENV !== 'production') {
    > 38 |     console.warn(
         |             ^
      39 |       '[adoFactory] No per-user Azure DevOps token available; falling back to PAT (non-production only).',
      40 |     );
      41 |     return new AzureDevOpsService(project, areaPath);

      at adoWriteFromToken (src/server/services/adoFactory.ts:38:13)
      at src/server/services/prdService.ts:884:39
      at fulfilled (src/server/services/prdService.ts:38:58)

    console.warn
      [adoFactory] No per-user Azure DevOps token available; falling back to PAT (non-production only).

      36 |   }
      37 |   if (process.env.NODE_ENV !== 'production') {
    > 38 |     console.warn(
         |             ^
      39 |       '[adoFactory] No per-user Azure DevOps token available; falling back to PAT (non-production only).',
      40 |     );
      41 |     return new AzureDevOpsService(project, areaPath);

      at adoWriteFromToken (src/server/services/adoFactory.ts:38:13)
      at src/server/services/prdService.ts:884:39
      at fulfilled (src/server/services/prdService.ts:38:58)

    console.warn
      [adoFactory] No per-user Azure DevOps token available; falling back to PAT (non-production only).

      36 |   }
      37 |   if (process.env.NODE_ENV !== 'production') {
    > 38 |     console.warn(
         |             ^
      39 |       '[adoFactory] No per-user Azure DevOps token available; falling back to PAT (non-production only).',
      40 |     );
      41 |     return new AzureDevOpsService(project, areaPath);

      at adoWriteFromToken (src/server/services/adoFactory.ts:38:13)
      at src/server/services/prdService.ts:884:39
      at fulfilled (src/server/services/prdService.ts:38:58)

    console.warn
      [adoFactory] No per-user Azure DevOps token available; falling back to PAT (non-production only).

      36 |   }
      37 |   if (process.env.NODE_ENV !== 'production') {
    > 38 |     console.warn(
         |             ^
      39 |       '[adoFactory] No per-user Azure DevOps token available; falling back to PAT (non-production only).',
      40 |     );
      41 |     return new AzureDevOpsService(project, areaPath);

      at adoWriteFromToken (src/server/services/adoFactory.ts:38:13)
      at src/server/services/prdService.ts:884:39
      at fulfilled (src/server/services/prdService.ts:38:58)

    console.warn
      [adoFactory] No per-user Azure DevOps token available; falling back to PAT (non-production only).

      36 |   }
      37 |   if (process.env.NODE_ENV !== 'production') {
    > 38 |     console.warn(
         |             ^
      39 |       '[adoFactory] No per-user Azure DevOps token available; falling back to PAT (non-production only).',
      40 |     );
      41 |     return new AzureDevOpsService(project, areaPath);

      at adoWriteFromToken (src/server/services/adoFactory.ts:38:13)
      at src/server/services/prdService.ts:884:39
      at fulfilled (src/server/services/prdService.ts:38:58)

    console.warn
      [adoFactory] No per-user Azure DevOps token available; falling back to PAT (non-production only).

      36 |   }
      37 |   if (process.env.NODE_ENV !== 'production') {
    > 38 |     console.warn(
         |             ^
      39 |       '[adoFactory] No per-user Azure DevOps token available; falling back to PAT (non-production only).',
      40 |     );
      41 |     return new AzureDevOpsService(project, areaPath);

      at adoWriteFromToken (src/server/services/adoFactory.ts:38:13)
      at src/server/services/prdService.ts:884:39
      at fulfilled (src/server/services/prdService.ts:38:58)

PASS server src/server/__tests__/designDocAssistantThread.test.ts (193.283 s)
PASS server src/server/__tests__/deploymentOutcomeService.test.ts (6.77 s)
PASS server src/server/__tests__/fixCommentScope.test.ts (203.558 s)
PASS server src/server/__tests__/interviewRoutes.test.ts (204.938 s)
  ΓùÅ Console

    console.warn
      [interviews] Could not load design plan for direct design doc (non-fatal): Error: DB error
          at C:\Users\ryamiller\ASM\ai-poc\AI-Pilot\src\server\__tests__\interviewRoutes.test.ts:1779:58
          at Generator.next (<anonymous>)
          at C:\Users\ryamiller\ASM\ai-poc\AI-Pilot\src\server\__tests__\interviewRoutes.test.ts:41:71
          at new Promise (<anonymous>)
          at Object.<anonymous>.__awaiter 
(C:\Users\ryamiller\ASM\ai-poc\AI-Pilot\src\server\__tests__\interviewRoutes.test.ts:37:12)
          at Object.<anonymous> 
(C:\Users\ryamiller\ASM\ai-poc\AI-Pilot\src\server\__tests__\interviewRoutes.test.ts:1777:98)
          at Promise.then.completed 
(C:\Users\ryamiller\ASM\ai-poc\AI-Pilot\node_modules\jest-circus\build\utils.js:298:28)
          at new Promise (<anonymous>)
          at callAsyncCircusFn (C:\Users\ryamiller\ASM\ai-poc\AI-Pilot\node_modules\jest-circus\build\utils.js:231:10)
          at _callCircusTest (C:\Users\ryamiller\ASM\ai-poc\AI-Pilot\node_modules\jest-circus\build\run.js:316:40)
          at processTicksAndRejections (node:internal/process/task_queues:103:5)
          at _runTest (C:\Users\ryamiller\ASM\ai-poc\AI-Pilot\node_modules\jest-circus\build\run.js:252:3)
          at _runTestsForDescribeBlock 
(C:\Users\ryamiller\ASM\ai-poc\AI-Pilot\node_modules\jest-circus\build\run.js:126:9)
          at _runTestsForDescribeBlock 
(C:\Users\ryamiller\ASM\ai-poc\AI-Pilot\node_modules\jest-circus\build\run.js:121:9)
          at run (C:\Users\ryamiller\ASM\ai-poc\AI-Pilot\node_modules\jest-circus\build\run.js:71:3)
          at runAndTransformResultsToJestFormat (C:\Users\ryamiller\ASM\ai-poc\AI-Pilot\node_modules\jest-circus\build\
legacy-code-todo-rewrite\jestAdapterInit.js:122:21)
          at jestAdapter 
(C:\Users\ryamiller\ASM\ai-poc\AI-Pilot\node_modules\jest-circus\build\legacy-code-todo-rewrite\jestAdapter.js:79:19)
          at runTestInternal (C:\Users\ryamiller\ASM\ai-poc\AI-Pilot\node_modules\jest-runner\build\runTest.js:367:16)
          at runTest (C:\Users\ryamiller\ASM\ai-poc\AI-Pilot\node_modules\jest-runner\build\runTest.js:444:34)
          at Object.worker (C:\Users\ryamiller\ASM\ai-poc\AI-Pilot\node_modules\jest-runner\build\testWorker.js:106:12)

      443 |       if (found) planRow = found;
      444 |     } catch (err) {
    > 445 |       console.warn('[interviews] Could not load design plan for direct design doc (non-fatal):', err);
          |               ^
      446 |     }
      447 |
      448 |     if (planRow?.features && Array.isArray(planRow.features) && planRow.features.length > 0) {

      at src/server/routes/interviews.ts:445:15
          at Generator.throw (<anonymous>)
      at rejected (src/server/routes/interviews.ts:39:65)

PASS server src/server/__tests__/featureRequestAnalysisService.test.ts
  ΓùÅ Console

    console.warn
      [featureRequestAnalysis] Request not found ΓÇö requestId=req-1

      88 |   });
      89 |   if (!request) {
    > 90 |     console.warn(`[featureRequestAnalysis] Request not found ΓÇö requestId=${requestId}`);
         |             ^
      91 |     return;
      92 |   }
      93 |

      at src/server/services/featureRequestAnalysisService.ts:90:13
      at fulfilled (src/server/services/featureRequestAnalysisService.ts:5:58)

    console.warn
      [featureRequestAnalysis] No skill config for project=Apex ΓÇö marking failed

       96 |   if (!skillConfig) {
       97 |     await updateAiFields(requestId, { aiStatus: 'failed' });
    >  98 |     console.warn(`[featureRequestAnalysis] No skill config for project=${project} ΓÇö marking failed`);
          |             ^
       99 |     return;
      100 |   }
      101 |

      at src/server/services/featureRequestAnalysisService.ts:98:13
      at fulfilled (src/server/services/featureRequestAnalysisService.ts:5:58)

    console.warn
      [featureRequestAnalysis] No featureRequestSkillPath configured ΓÇö marking failed

      103 |   if (!skillPath) {
      104 |     await updateAiFields(requestId, { aiStatus: 'failed' });
    > 105 |     console.warn(`[featureRequestAnalysis] No featureRequestSkillPath configured ΓÇö marking failed`);
          |             ^
      106 |     return;
      107 |   }
      108 |

      at src/server/services/featureRequestAnalysisService.ts:105:13
      at fulfilled (src/server/services/featureRequestAnalysisService.ts:5:58)

    console.log
      [featureRequestAnalysis] Started watcher ΓÇö requestId=req-1 threadId=thread-1

      at startWatcher (src/server/services/featureRequestAnalysisService.ts:137:11)

    console.log
      [featureRequestAnalysis] Cancelled watcher ΓÇö requestId=req-1

      at stopWatcher (src/server/services/featureRequestAnalysisService.ts:30:13)

    console.log
      [featureRequestAnalysis] Started watcher ΓÇö requestId=req-1 threadId=thread-1

      at startWatcher (src/server/services/featureRequestAnalysisService.ts:137:11)

    console.log
      [featureRequestAnalysis] Analysis synced ΓÇö priority=high risk=medium (requestId=req-1)

      at src/server/services/featureRequestAnalysisService.ts:188:15

    console.log
      [featureRequestAnalysis] Started watcher ΓÇö requestId=req-1 threadId=thread-1

      at startWatcher (src/server/services/featureRequestAnalysisService.ts:137:11)

    console.warn
      [featureRequestAnalysis] Agent completed without output ΓÇö requestId=req-1

      159 |         clearInterval(interval);
      160 |         activeWatchers.delete(requestId);
    > 161 |         console.warn(`[featureRequestAnalysis] Agent completed without output ΓÇö requestId=${requestId}`);
          |                 ^
      162 |         await updateAiFields(requestId, { aiStatus: 'failed' });
      163 |       }
      164 |       return;

      at src/server/services/featureRequestAnalysisService.ts:161:17
      at fulfilled (src/server/services/featureRequestAnalysisService.ts:5:58)

    console.log
      [featureRequestAnalysis] Started watcher ΓÇö requestId=req-1 threadId=thread-1

      at startWatcher (src/server/services/featureRequestAnalysisService.ts:137:11)

    console.warn
      [featureRequestAnalysis] Timed out ΓÇö requestId=req-1

      143 |       clearInterval(interval);
      144 |       activeWatchers.delete(requestId);
    > 145 |       console.warn(`[featureRequestAnalysis] Timed out ΓÇö requestId=${requestId}`);
          |               ^
      146 |       await updateAiFields(requestId, { aiStatus: 'failed' });
      147 |       return;
      148 |     }

      at src/server/services/featureRequestAnalysisService.ts:145:15
      at src/server/services/featureRequestAnalysisService.ts:8:71
      at Object.<anonymous>.__awaiter (src/server/services/featureRequestAnalysisService.ts:4:12)
      at src/server/services/featureRequestAnalysisService.ts:139:43
      at callTimer (node_modules/@sinonjs/fake-timers/src/fake-timers-src.js:744:24)
      at doTickInner (node_modules/@sinonjs/fake-timers/src/fake-timers-src.js:1312:29)
      at doTick (node_modules/@sinonjs/fake-timers/src/fake-timers-src.js:1393:20)
      at Immediate._onImmediate (node_modules/@sinonjs/fake-timers/src/fake-timers-src.js:1413:29)

    console.log
      [featureRequestAnalysis] Started watcher ΓÇö requestId=req-1 threadId=thread-1

      at startWatcher (src/server/services/featureRequestAnalysisService.ts:137:11)

    console.log
      [featureRequestAnalysis] Discarded stale result ΓÇö thread thread-1 no longer active (requestId=req-1)

      at src/server/services/featureRequestAnalysisService.ts:176:17

    console.log
      [featureRequestAnalysis] Started watcher ΓÇö requestId=req-1 threadId=thread-2

      at startWatcher (src/server/services/featureRequestAnalysisService.ts:137:11)

    console.log
      [featureRequestAnalysis] Cancelled watcher ΓÇö requestId=req-1

      at stopWatcher (src/server/services/featureRequestAnalysisService.ts:30:13)

    console.log
      [featureRequestAnalysis] Started watcher ΓÇö requestId=req-1 threadId=thread-1

      at startWatcher (src/server/services/featureRequestAnalysisService.ts:137:11)

    console.log
      [featureRequestAnalysis] Cancelled watcher ΓÇö requestId=req-1

      at stopWatcher (src/server/services/featureRequestAnalysisService.ts:30:13)

PASS server src/server/__tests__/askApexService.test.ts (9.949 s)
  ΓùÅ Console

    console.warn
      [db] DATABASE_URL is not set ΓÇö database queries will fail.

      2 |
      3 | if (!process.env.DATABASE_URL) {
    > 4 |   console.warn('[db] DATABASE_URL is not set ΓÇö database queries will fail.');
        |           ^
      5 | }
      6 |
      7 | const databaseUrl = process.env.DATABASE_URL ?? '';

      at Object.<anonymous> (src/server/db.ts:4:11)
      at Object.<anonymous> (src/server/db/drizzle.ts:2:1)
      at Object.<anonymous> (src/server/services/projectSettingsService.ts:1:1)
      at Object.<anonymous> (src/server/services/askApexService.ts:9:1)
      at Object.<anonymous> (src/server/__tests__/askApexService.test.ts:25:1)

ts-jest[ts-jest-transformer] (WARN) Define `ts-jest` config under `globals` is deprecated. Please do
transform: {
    <transform_regex>: ['ts-jest', { /* ts-jest config goes here in Jest */ }],
},
See more at https://kulshekhar.github.io/ts-jest/docs/getting-started/presets#advanced
PASS server src/server/__tests__/chatThreadRepository.test.ts
PASS server src/server/__tests__/standupRoutes.test.ts
PASS server src/server/__tests__/healthDb.test.ts (211.427 s)
  ΓùÅ Console

    console.error
      [db] Health check failed: Error: connection refused
          at C:\Users\ryamiller\ASM\ai-poc\AI-Pilot\src\server\__tests__\healthDb.test.ts:49:49
          at Generator.next (<anonymous>)
          at C:\Users\ryamiller\ASM\ai-poc\AI-Pilot\src\server\__tests__\healthDb.test.ts:8:71
          at new Promise (<anonymous>)
          at Object.<anonymous>.__awaiter 
(C:\Users\ryamiller\ASM\ai-poc\AI-Pilot\src\server\__tests__\healthDb.test.ts:4:12)
          at Object.<anonymous> (C:\Users\ryamiller\ASM\ai-poc\AI-Pilot\src\server\__tests__\healthDb.test.ts:48:84)
          at Promise.then.completed 
(C:\Users\ryamiller\ASM\ai-poc\AI-Pilot\node_modules\jest-circus\build\utils.js:298:28)
          at new Promise (<anonymous>)
          at callAsyncCircusFn (C:\Users\ryamiller\ASM\ai-poc\AI-Pilot\node_modules\jest-circus\build\utils.js:231:10)
          at _callCircusTest (C:\Users\ryamiller\ASM\ai-poc\AI-Pilot\node_modules\jest-circus\build\run.js:316:40)
          at processTicksAndRejections (node:internal/process/task_queues:103:5)
          at _runTest (C:\Users\ryamiller\ASM\ai-poc\AI-Pilot\node_modules\jest-circus\build\run.js:252:3)
          at _runTestsForDescribeBlock 
(C:\Users\ryamiller\ASM\ai-poc\AI-Pilot\node_modules\jest-circus\build\run.js:126:9)
          at _runTestsForDescribeBlock 
(C:\Users\ryamiller\ASM\ai-poc\AI-Pilot\node_modules\jest-circus\build\run.js:121:9)
          at run (C:\Users\ryamiller\ASM\ai-poc\AI-Pilot\node_modules\jest-circus\build\run.js:71:3)
          at runAndTransformResultsToJestFormat (C:\Users\ryamiller\ASM\ai-poc\AI-Pilot\node_modules\jest-circus\build\
legacy-code-todo-rewrite\jestAdapterInit.js:122:21)
          at jestAdapter 
(C:\Users\ryamiller\ASM\ai-poc\AI-Pilot\node_modules\jest-circus\build\legacy-code-todo-rewrite\jestAdapter.js:79:19)
          at runTestInternal (C:\Users\ryamiller\ASM\ai-poc\AI-Pilot\node_modules\jest-runner\build\runTest.js:367:16)
          at runTest (C:\Users\ryamiller\ASM\ai-poc\AI-Pilot\node_modules\jest-runner\build\runTest.js:444:34)
          at Object.worker (C:\Users\ryamiller\ASM\ai-poc\AI-Pilot\node_modules\jest-runner\build\testWorker.js:106:12)

      355 |     res.json({ healthy: true, timestamp: result.rows[0].now });
      356 |   } catch (error: any) {
    > 357 |     console.error('[db] Health check failed:', error);
          |             ^
      358 |     res.status(503).json({ healthy: false, error: 'Database unavailable' });
      359 |   }
      360 | });

      at src/server/routes/api.ts:357:13
          at Generator.throw (<anonymous>)
      at rejected (src/server/routes/api.ts:39:65)

    console.error
      [db] Health check failed: Error: SSL SYSCALL error: EOF detected
          at C:\Users\ryamiller\ASM\ai-poc\AI-Pilot\src\server\__tests__\healthDb.test.ts:57:49
          at Generator.next (<anonymous>)
          at C:\Users\ryamiller\ASM\ai-poc\AI-Pilot\src\server\__tests__\healthDb.test.ts:8:71
          at new Promise (<anonymous>)
          at Object.<anonymous>.__awaiter 
(C:\Users\ryamiller\ASM\ai-poc\AI-Pilot\src\server\__tests__\healthDb.test.ts:4:12)
          at Object.<anonymous> (C:\Users\ryamiller\ASM\ai-poc\AI-Pilot\src\server\__tests__\healthDb.test.ts:56:71)
          at Promise.then.completed 
(C:\Users\ryamiller\ASM\ai-poc\AI-Pilot\node_modules\jest-circus\build\utils.js:298:28)
          at new Promise (<anonymous>)
          at callAsyncCircusFn (C:\Users\ryamiller\ASM\ai-poc\AI-Pilot\node_modules\jest-circus\build\utils.js:231:10)
          at _callCircusTest (C:\Users\ryamiller\ASM\ai-poc\AI-Pilot\node_modules\jest-circus\build\run.js:316:40)
          at processTicksAndRejections (node:internal/process/task_queues:103:5)
          at _runTest (C:\Users\ryamiller\ASM\ai-poc\AI-Pilot\node_modules\jest-circus\build\run.js:252:3)
          at _runTestsForDescribeBlock 
(C:\Users\ryamiller\ASM\ai-poc\AI-Pilot\node_modules\jest-circus\build\run.js:126:9)
          at _runTestsForDescribeBlock 
(C:\Users\ryamiller\ASM\ai-poc\AI-Pilot\node_modules\jest-circus\build\run.js:121:9)
          at run (C:\Users\ryamiller\ASM\ai-poc\AI-Pilot\node_modules\jest-circus\build\run.js:71:3)
          at runAndTransformResultsToJestFormat (C:\Users\ryamiller\ASM\ai-poc\AI-Pilot\node_modules\jest-circus\build\
legacy-code-todo-rewrite\jestAdapterInit.js:122:21)
          at jestAdapter 
(C:\Users\ryamiller\ASM\ai-poc\AI-Pilot\node_modules\jest-circus\build\legacy-code-todo-rewrite\jestAdapter.js:79:19)
          at runTestInternal (C:\Users\ryamiller\ASM\ai-poc\AI-Pilot\node_modules\jest-runner\build\runTest.js:367:16)
          at runTest (C:\Users\ryamiller\ASM\ai-poc\AI-Pilot\node_modules\jest-runner\build\runTest.js:444:34)
          at Object.worker (C:\Users\ryamiller\ASM\ai-poc\AI-Pilot\node_modules\jest-runner\build\testWorker.js:106:12)

      355 |     res.json({ healthy: true, timestamp: result.rows[0].now });
      356 |   } catch (error: any) {
    > 357 |     console.error('[db] Health check failed:', error);
          |             ^
      358 |     res.status(503).json({ healthy: false, error: 'Database unavailable' });
      359 |   }
      360 | });

      at src/server/routes/api.ts:357:13
          at Generator.throw (<anonymous>)
      at rejected (src/server/routes/api.ts:39:65)

PASS server src/server/__tests__/releaseManagement.test.ts (211.686 s)
  ΓùÅ Console

    console.warn
      [db] DATABASE_URL is not set ΓÇö database queries will fail.

      2 |
      3 | if (!process.env.DATABASE_URL) {
    > 4 |   console.warn('[db] DATABASE_URL is not set ΓÇö database queries will fail.');
        |           ^
      5 | }
      6 |
      7 | const databaseUrl = process.env.DATABASE_URL ?? '';

      at Object.<anonymous> (src/server/db.ts:4:11)
      at Object.<anonymous> (src/server/db/drizzle.ts:2:1)
      at Object.<anonymous> (src/server/services/eslintBurnDownService.ts:6:1)
      at Object.<anonymous> (src/server/routes/api.ts:11:1)
      at Object.<anonymous> (src/server/__tests__/releaseManagement.test.ts:3:1)

    console.warn
      [adoFactory] No per-user Azure DevOps token available; falling back to PAT (non-production only).

      36 |   }
      37 |   if (process.env.NODE_ENV !== 'production') {
    > 38 |     console.warn(
         |             ^
      39 |       '[adoFactory] No per-user Azure DevOps token available; falling back to PAT (non-production only).',
      40 |     );
      41 |     return new AzureDevOpsService(project, areaPath);

      at adoWriteFromToken (src/server/services/adoFactory.ts:38:13)
      at src/server/services/adoFactory.ts:21:10
      at fulfilled (src/server/services/adoFactory.ts:5:58)

    console.warn
      [adoFactory] No per-user Azure DevOps token available; falling back to PAT (non-production only).

      36 |   }
      37 |   if (process.env.NODE_ENV !== 'production') {
    > 38 |     console.warn(
         |             ^
      39 |       '[adoFactory] No per-user Azure DevOps token available; falling back to PAT (non-production only).',
      40 |     );
      41 |     return new AzureDevOpsService(project, areaPath);

      at adoWriteFromToken (src/server/services/adoFactory.ts:38:13)
      at src/server/services/adoFactory.ts:21:10
      at fulfilled (src/server/services/adoFactory.ts:5:58)

    console.error
      Error deleting release epic: Error: Deletion failed
          at C:\Users\ryamiller\ASM\ai-poc\AI-Pilot\src\server\__tests__\releaseManagement.test.ts:64:55
          at Generator.next (<anonymous>)
          at C:\Users\ryamiller\ASM\ai-poc\AI-Pilot\src\server\__tests__\releaseManagement.test.ts:8:71
          at new Promise (<anonymous>)
          at Object.<anonymous>.__awaiter 
(C:\Users\ryamiller\ASM\ai-poc\AI-Pilot\src\server\__tests__\releaseManagement.test.ts:4:12)
          at Object.<anonymous> 
(C:\Users\ryamiller\ASM\ai-poc\AI-Pilot\src\server\__tests__\releaseManagement.test.ts:62:63)
          at Promise.then.completed 
(C:\Users\ryamiller\ASM\ai-poc\AI-Pilot\node_modules\jest-circus\build\utils.js:298:28)
          at new Promise (<anonymous>)
          at callAsyncCircusFn (C:\Users\ryamiller\ASM\ai-poc\AI-Pilot\node_modules\jest-circus\build\utils.js:231:10)
          at _callCircusTest (C:\Users\ryamiller\ASM\ai-poc\AI-Pilot\node_modules\jest-circus\build\run.js:316:40)
          at processTicksAndRejections (node:internal/process/task_queues:103:5)
          at _runTest (C:\Users\ryamiller\ASM\ai-poc\AI-Pilot\node_modules\jest-circus\build\run.js:252:3)
          at _runTestsForDescribeBlock 
(C:\Users\ryamiller\ASM\ai-poc\AI-Pilot\node_modules\jest-circus\build\run.js:126:9)
          at _runTestsForDescribeBlock 
(C:\Users\ryamiller\ASM\ai-poc\AI-Pilot\node_modules\jest-circus\build\run.js:121:9)
          at _runTestsForDescribeBlock 
(C:\Users\ryamiller\ASM\ai-poc\AI-Pilot\node_modules\jest-circus\build\run.js:121:9)
          at run (C:\Users\ryamiller\ASM\ai-poc\AI-Pilot\node_modules\jest-circus\build\run.js:71:3)
          at runAndTransformResultsToJestFormat (C:\Users\ryamiller\ASM\ai-poc\AI-Pilot\node_modules\jest-circus\build\
legacy-code-todo-rewrite\jestAdapterInit.js:122:21)
          at jestAdapter 
(C:\Users\ryamiller\ASM\ai-poc\AI-Pilot\node_modules\jest-circus\build\legacy-code-todo-rewrite\jestAdapter.js:79:19)
          at runTestInternal (C:\Users\ryamiller\ASM\ai-poc\AI-Pilot\node_modules\jest-runner\build\runTest.js:367:16)
          at runTest (C:\Users\ryamiller\ASM\ai-poc\AI-Pilot\node_modules\jest-runner\build\runTest.js:444:34)
          at Object.worker (C:\Users\ryamiller\ASM\ai-poc\AI-Pilot\node_modules\jest-runner\build\testWorker.js:106:12)

      1280 |       return res.status(403).json({ error: error.message });
      1281 |     }
    > 1282 |     console.error('Error deleting release epic:', error);
           |             ^
      1283 |     res.status(500).json({ error: 'Failed to delete release epic' });
      1284 |   }
      1285 | });

      at src/server/routes/api.ts:1282:13
          at Generator.throw (<anonymous>)
      at rejected (src/server/routes/api.ts:39:65)

    console.warn
      [adoFactory] No per-user Azure DevOps token available; falling back to PAT (non-production only).

      36 |   }
      37 |   if (process.env.NODE_ENV !== 'production') {
    > 38 |     console.warn(
         |             ^
      39 |       '[adoFactory] No per-user Azure DevOps token available; falling back to PAT (non-production only).',
      40 |     );
      41 |     return new AzureDevOpsService(project, areaPath);

      at adoWriteFromToken (src/server/services/adoFactory.ts:38:13)
      at src/server/services/adoFactory.ts:21:10
      at fulfilled (src/server/services/adoFactory.ts:5:58)

    console.log
      [GET /releases] Fetching releases for project: TestProject, areaPath: TestArea

      at src/server/routes/api.ts:1292:13

    console.log
      [GET /releases] Found 3 release versions

      at src/server/routes/api.ts:1295:13

    console.log
      [GET /releases] Fetching releases for project: undefined, areaPath: undefined

      at src/server/routes/api.ts:1292:13

    console.log
      [GET /releases] Found 0 release versions

      at src/server/routes/api.ts:1295:13

    console.log
      [GET /releases] Fetching releases for project: undefined, areaPath: undefined

      at src/server/routes/api.ts:1292:13

    console.error
      [GET /releases] Error fetching release versions: Error: Query failed
          at C:\Users\ryamiller\ASM\ai-poc\AI-Pilot\src\server\__tests__\releaseManagement.test.ts:117:59
          at Generator.next (<anonymous>)
          at C:\Users\ryamiller\ASM\ai-poc\AI-Pilot\src\server\__tests__\releaseManagement.test.ts:8:71
          at new Promise (<anonymous>)
          at Object.<anonymous>.__awaiter 
(C:\Users\ryamiller\ASM\ai-poc\AI-Pilot\src\server\__tests__\releaseManagement.test.ts:4:12)
          at Object.<anonymous> 
(C:\Users\ryamiller\ASM\ai-poc\AI-Pilot\src\server\__tests__\releaseManagement.test.ts:116:66)
          at Promise.then.completed 
(C:\Users\ryamiller\ASM\ai-poc\AI-Pilot\node_modules\jest-circus\build\utils.js:298:28)
          at new Promise (<anonymous>)
          at callAsyncCircusFn (C:\Users\ryamiller\ASM\ai-poc\AI-Pilot\node_modules\jest-circus\build\utils.js:231:10)
          at _callCircusTest (C:\Users\ryamiller\ASM\ai-poc\AI-Pilot\node_modules\jest-circus\build\run.js:316:40)
          at processTicksAndRejections (node:internal/process/task_queues:103:5)
          at _runTest (C:\Users\ryamiller\ASM\ai-poc\AI-Pilot\node_modules\jest-circus\build\run.js:252:3)
          at _runTestsForDescribeBlock 
(C:\Users\ryamiller\ASM\ai-poc\AI-Pilot\node_modules\jest-circus\build\run.js:126:9)
          at _runTestsForDescribeBlock 
(C:\Users\ryamiller\ASM\ai-poc\AI-Pilot\node_modules\jest-circus\build\run.js:121:9)
          at _runTestsForDescribeBlock 
(C:\Users\ryamiller\ASM\ai-poc\AI-Pilot\node_modules\jest-circus\build\run.js:121:9)
          at run (C:\Users\ryamiller\ASM\ai-poc\AI-Pilot\node_modules\jest-circus\build\run.js:71:3)
          at runAndTransformResultsToJestFormat (C:\Users\ryamiller\ASM\ai-poc\AI-Pilot\node_modules\jest-circus\build\
legacy-code-todo-rewrite\jestAdapterInit.js:122:21)
          at jestAdapter 
(C:\Users\ryamiller\ASM\ai-poc\AI-Pilot\node_modules\jest-circus\build\legacy-code-todo-rewrite\jestAdapter.js:79:19)
          at runTestInternal (C:\Users\ryamiller\ASM\ai-poc\AI-Pilot\node_modules\jest-runner\build\runTest.js:367:16)
          at runTest (C:\Users\ryamiller\ASM\ai-poc\AI-Pilot\node_modules\jest-runner\build\runTest.js:444:34)
          at Object.worker (C:\Users\ryamiller\ASM\ai-poc\AI-Pilot\node_modules\jest-runner\build\testWorker.js:106:12)

      1296 |     res.json(versions);
      1297 |   } catch (error: any) {
    > 1298 |     console.error('[GET /releases] Error fetching release versions:', error);
           |             ^
      1299 |     console.error('[GET /releases] Error stack:', error.stack);
      1300 |     res.status(500).json({ error: 'Failed to fetch release versions', details: error.message });
      1301 |   }

      at src/server/routes/api.ts:1298:13
          at Generator.throw (<anonymous>)
      at rejected (src/server/routes/api.ts:39:65)

    console.error
      [GET /releases] Error stack: Error: Query failed
          at C:\Users\ryamiller\ASM\ai-poc\AI-Pilot\src\server\__tests__\releaseManagement.test.ts:117:59
          at Generator.next (<anonymous>)
          at C:\Users\ryamiller\ASM\ai-poc\AI-Pilot\src\server\__tests__\releaseManagement.test.ts:8:71
          at new Promise (<anonymous>)
          at Object.<anonymous>.__awaiter 
(C:\Users\ryamiller\ASM\ai-poc\AI-Pilot\src\server\__tests__\releaseManagement.test.ts:4:12)
          at Object.<anonymous> 
(C:\Users\ryamiller\ASM\ai-poc\AI-Pilot\src\server\__tests__\releaseManagement.test.ts:116:66)
          at Promise.then.completed 
(C:\Users\ryamiller\ASM\ai-poc\AI-Pilot\node_modules\jest-circus\build\utils.js:298:28)
          at new Promise (<anonymous>)
          at callAsyncCircusFn (C:\Users\ryamiller\ASM\ai-poc\AI-Pilot\node_modules\jest-circus\build\utils.js:231:10)
          at _callCircusTest (C:\Users\ryamiller\ASM\ai-poc\AI-Pilot\node_modules\jest-circus\build\run.js:316:40)
          at processTicksAndRejections (node:internal/process/task_queues:103:5)
          at _runTest (C:\Users\ryamiller\ASM\ai-poc\AI-Pilot\node_modules\jest-circus\build\run.js:252:3)
          at _runTestsForDescribeBlock 
(C:\Users\ryamiller\ASM\ai-poc\AI-Pilot\node_modules\jest-circus\build\run.js:126:9)
          at _runTestsForDescribeBlock 
(C:\Users\ryamiller\ASM\ai-poc\AI-Pilot\node_modules\jest-circus\build\run.js:121:9)
          at _runTestsForDescribeBlock 
(C:\Users\ryamiller\ASM\ai-poc\AI-Pilot\node_modules\jest-circus\build\run.js:121:9)
          at run (C:\Users\ryamiller\ASM\ai-poc\AI-Pilot\node_modules\jest-circus\build\run.js:71:3)
          at runAndTransformResultsToJestFormat (C:\Users\ryamiller\ASM\ai-poc\AI-Pilot\node_modules\jest-circus\build\
legacy-code-todo-rewrite\jestAdapterInit.js:122:21)
          at jestAdapter 
(C:\Users\ryamiller\ASM\ai-poc\AI-Pilot\node_modules\jest-circus\build\legacy-code-todo-rewrite\jestAdapter.js:79:19)
          at runTestInternal (C:\Users\ryamiller\ASM\ai-poc\AI-Pilot\node_modules\jest-runner\build\runTest.js:367:16)
          at runTest (C:\Users\ryamiller\ASM\ai-poc\AI-Pilot\node_modules\jest-runner\build\runTest.js:444:34)
          at Object.worker (C:\Users\ryamiller\ASM\ai-poc\AI-Pilot\node_modules\jest-runner\build\testWorker.js:106:12)

      1297 |   } catch (error: any) {
      1298 |     console.error('[GET /releases] Error fetching release versions:', error);
    > 1299 |     console.error('[GET /releases] Error stack:', error.stack);
           |             ^
      1300 |     res.status(500).json({ error: 'Failed to fetch release versions', details: error.message });
      1301 |   }
      1302 | });

      at src/server/routes/api.ts:1299:13
          at Generator.throw (<anonymous>)
      at rejected (src/server/routes/api.ts:39:65)

    console.warn
      [adoFactory] No per-user Azure DevOps token available; falling back to PAT (non-production only).

      36 |   }
      37 |   if (process.env.NODE_ENV !== 'production') {
    > 38 |     console.warn(
         |             ^
      39 |       '[adoFactory] No per-user Azure DevOps token available; falling back to PAT (non-production only).',
      40 |     );
      41 |     return new AzureDevOpsService(project, areaPath);

      at adoWriteFromToken (src/server/services/adoFactory.ts:38:13)
      at src/server/services/adoFactory.ts:21:10
      at fulfilled (src/server/services/adoFactory.ts:5:58)

    console.warn
      [adoFactory] No per-user Azure DevOps token available; falling back to PAT (non-production only).

      36 |   }
      37 |   if (process.env.NODE_ENV !== 'production') {
    > 38 |     console.warn(
         |             ^
      39 |       '[adoFactory] No per-user Azure DevOps token available; falling back to PAT (non-production only).',
      40 |     );
      41 |     return new AzureDevOpsService(project, areaPath);

      at adoWriteFromToken (src/server/services/adoFactory.ts:38:13)
      at src/server/services/adoFactory.ts:21:10
      at fulfilled (src/server/services/adoFactory.ts:5:58)

PASS server src/server/__tests__/threadAccessService.test.ts
ts-jest[ts-jest-transformer] (WARN) Define `ts-jest` config under `globals` is deprecated. Please do
transform: {
    <transform_regex>: ['ts-jest', { /* ts-jest config goes here in Jest */ }],
},
See more at https://kulshekhar.github.io/ts-jest/docs/getting-started/presets#advanced
PASS server src/server/__tests__/chatThreadReadAccess.test.ts
  ΓùÅ Console

    console.warn
      [db] DATABASE_URL is not set ΓÇö database queries will fail.

      2 |
      3 | if (!process.env.DATABASE_URL) {
    > 4 |   console.warn('[db] DATABASE_URL is not set ΓÇö database queries will fail.');
        |           ^
      5 | }
      6 |
      7 | const databaseUrl = process.env.DATABASE_URL ?? '';

      at Object.<anonymous> (src/server/db.ts:4:11)
      at Object.<anonymous> (src/server/db/drizzle.ts:2:1)
      at Object.<anonymous> (src/server/routes/chat.ts:14:1)
      at Object.<anonymous> (src/server/__tests__/chatThreadReadAccess.test.ts:56:1)

PASS server src/server/__tests__/apiRoutes.skillConfig.test.ts (213.927 s)
PASS server src/server/__tests__/designDocService.test.ts (9.17 s)
  ΓùÅ Console

    console.error
      [aiCompletionNotifier] Failed to send notification: TypeError: rows.map is not a function
          at C:\Users\ryamiller\ASM\ai-poc\AI-Pilot\src\server\services\aiCompletionNotifier.ts:115:15
          at Generator.next (<anonymous>)
          at fulfilled (C:\Users\ryamiller\ASM\ai-poc\AI-Pilot\src\server\services\aiCompletionNotifier.ts:5:58)
          at processTicksAndRejections (node:internal/process/task_queues:103:5)

      252 |     );
      253 |   } catch (err) {
    > 254 |     console.error('[aiCompletionNotifier] Failed to send notification:', err);
          |             ^
      255 |   }
      256 | }
      257 |

      at src/server/services/aiCompletionNotifier.ts:254:13
          at Generator.throw (<anonymous>)
      at rejected (src/server/services/aiCompletionNotifier.ts:6:65)

    console.error
      [aiCompletionNotifier] Failed to send notification: TypeError: rows.map is not a function
          at C:\Users\ryamiller\ASM\ai-poc\AI-Pilot\src\server\services\aiCompletionNotifier.ts:115:15
          at Generator.next (<anonymous>)
          at fulfilled (C:\Users\ryamiller\ASM\ai-poc\AI-Pilot\src\server\services\aiCompletionNotifier.ts:5:58)
          at processTicksAndRejections (node:internal/process/task_queues:103:5)

      252 |     );
      253 |   } catch (err) {
    > 254 |     console.error('[aiCompletionNotifier] Failed to send notification:', err);
          |             ^
      255 |   }
      256 | }
      257 |

      at src/server/services/aiCompletionNotifier.ts:254:13
          at Generator.throw (<anonymous>)
      at rejected (src/server/services/aiCompletionNotifier.ts:6:65)

    console.error
      [aiCompletionNotifier] Failed to send notification: TypeError: rows.map is not a function
          at C:\Users\ryamiller\ASM\ai-poc\AI-Pilot\src\server\services\aiCompletionNotifier.ts:115:15
          at Generator.next (<anonymous>)
          at fulfilled (C:\Users\ryamiller\ASM\ai-poc\AI-Pilot\src\server\services\aiCompletionNotifier.ts:5:58)
          at processTicksAndRejections (node:internal/process/task_queues:103:5)

      252 |     );
      253 |   } catch (err) {
    > 254 |     console.error('[aiCompletionNotifier] Failed to send notification:', err);
          |             ^
      255 |   }
      256 | }
      257 |

      at src/server/services/aiCompletionNotifier.ts:254:13
          at Generator.throw (<anonymous>)
      at rejected (src/server/services/aiCompletionNotifier.ts:6:65)

    console.error
      [aiCompletionNotifier] Failed to send notification: TypeError: rows.map is not a function
          at C:\Users\ryamiller\ASM\ai-poc\AI-Pilot\src\server\services\aiCompletionNotifier.ts:115:15
          at Generator.next (<anonymous>)
          at fulfilled (C:\Users\ryamiller\ASM\ai-poc\AI-Pilot\src\server\services\aiCompletionNotifier.ts:5:58)
          at processTicksAndRejections (node:internal/process/task_queues:103:5)

      252 |     );
      253 |   } catch (err) {
    > 254 |     console.error('[aiCompletionNotifier] Failed to send notification:', err);
          |             ^
      255 |   }
      256 | }
      257 |

      at src/server/services/aiCompletionNotifier.ts:254:13
          at Generator.throw (<anonymous>)
      at rejected (src/server/services/aiCompletionNotifier.ts:6:65)

    console.error
      [aiCompletionNotifier] Failed to send notification: TypeError: rows.map is not a function
          at C:\Users\ryamiller\ASM\ai-poc\AI-Pilot\src\server\services\aiCompletionNotifier.ts:115:15
          at Generator.next (<anonymous>)
          at fulfilled (C:\Users\ryamiller\ASM\ai-poc\AI-Pilot\src\server\services\aiCompletionNotifier.ts:5:58)
          at processTicksAndRejections (node:internal/process/task_queues:103:5)

      252 |     );
      253 |   } catch (err) {
    > 254 |     console.error('[aiCompletionNotifier] Failed to send notification:', err);
          |             ^
      255 |   }
      256 | }
      257 |

      at src/server/services/aiCompletionNotifier.ts:254:13
          at Generator.throw (<anonymous>)
      at rejected (src/server/services/aiCompletionNotifier.ts:6:65)

    console.log
      [designDocWatcher] Started ΓÇö seedDocId=doc-seed threadId=thread-dd

      at startDesignDocWatcher (src/server/services/designDocService.ts:532:11)

    console.log
      [designDocWatcher] tick #1 ΓÇö found=0 created=0 (seedDocId=doc-seed)

      at src/server/services/designDocService.ts:563:13

    console.log
      [designDocWatcher] tick #2 ΓÇö found=0 created=0 (seedDocId=doc-seed)

      at src/server/services/designDocService.ts:563:13

    console.log
      [designDocWatcher] tick #3 ΓÇö found=0 created=0 (seedDocId=doc-seed)

      at src/server/services/designDocService.ts:563:13

    console.log
      [designDocWatcher] tick #4 ΓÇö found=0 created=0 (seedDocId=doc-seed)

      at src/server/services/designDocService.ts:563:13

    console.log
      [designDocWatcher] tick #5 ΓÇö found=0 created=0 (seedDocId=doc-seed)

      at src/server/services/designDocService.ts:563:13

    console.log
      [designDocWatcher] tick #6 ΓÇö found=0 created=0 (seedDocId=doc-seed)

      at src/server/services/designDocService.ts:563:13

    console.log
      [designDocWatcher] tick #7 ΓÇö found=0 created=0 (seedDocId=doc-seed)

      at src/server/services/designDocService.ts:563:13

    console.log
      [designDocWatcher] tick #8 ΓÇö found=0 created=0 (seedDocId=doc-seed)

      at src/server/services/designDocService.ts:563:13

    console.log
      [designDocWatcher] tick #9 ΓÇö found=0 created=0 (seedDocId=doc-seed)

      at src/server/services/designDocService.ts:563:13

    console.log
      [designDocWatcher] tick #10 ΓÇö found=0 created=0 (seedDocId=doc-seed)

      at src/server/services/designDocService.ts:563:13

    console.log
      [designDocWatcher] tick #11 ΓÇö found=0 created=0 (seedDocId=doc-seed)

      at src/server/services/designDocService.ts:563:13

    console.log
      [designDocWatcher] tick #12 ΓÇö found=0 created=0 (seedDocId=doc-seed)

      at src/server/services/designDocService.ts:563:13

    console.log
      [designDocWatcher] tick #13 ΓÇö found=0 created=0 (seedDocId=doc-seed)

      at src/server/services/designDocService.ts:563:13

    console.log
      [designDocWatcher] tick #14 ΓÇö found=0 created=0 (seedDocId=doc-seed)

      at src/server/services/designDocService.ts:563:13

    console.log
      [designDocWatcher] tick #15 ΓÇö found=0 created=0 (seedDocId=doc-seed)

      at src/server/services/designDocService.ts:563:13

    console.log
      [designDocWatcher] tick #16 ΓÇö found=0 created=0 (seedDocId=doc-seed)

      at src/server/services/designDocService.ts:563:13

    console.log
      [designDocWatcher] tick #17 ΓÇö found=0 created=0 (seedDocId=doc-seed)

      at src/server/services/designDocService.ts:563:13

    console.log
      [designDocWatcher] tick #18 ΓÇö found=0 created=0 (seedDocId=doc-seed)

      at src/server/services/designDocService.ts:563:13

    console.log
      [designDocWatcher] tick #19 ΓÇö found=0 created=0 (seedDocId=doc-seed)

      at src/server/services/designDocService.ts:563:13

    console.log
      [designDocWatcher] tick #20 ΓÇö found=0 created=0 (seedDocId=doc-seed)

      at src/server/services/designDocService.ts:563:13

    console.log
      [designDocWatcher] tick #21 ΓÇö found=0 created=0 (seedDocId=doc-seed)

      at src/server/services/designDocService.ts:563:13

    console.log
      [designDocWatcher] tick #22 ΓÇö found=0 created=0 (seedDocId=doc-seed)

      at src/server/services/designDocService.ts:563:13

    console.log
      [designDocWatcher] tick #23 ΓÇö found=0 created=0 (seedDocId=doc-seed)

      at src/server/services/designDocService.ts:563:13

    console.log
      [designDocWatcher] tick #24 ΓÇö found=0 created=0 (seedDocId=doc-seed)

      at src/server/services/designDocService.ts:563:13

    console.log
      [designDocWatcher] tick #25 ΓÇö found=0 created=0 (seedDocId=doc-seed)

      at src/server/services/designDocService.ts:563:13

    console.log
      [designDocWatcher] tick #26 ΓÇö found=0 created=0 (seedDocId=doc-seed)

      at src/server/services/designDocService.ts:563:13

    console.log
      [designDocWatcher] tick #27 ΓÇö found=0 created=0 (seedDocId=doc-seed)

      at src/server/services/designDocService.ts:563:13

    console.log
      [designDocWatcher] tick #28 ΓÇö found=0 created=0 (seedDocId=doc-seed)

      at src/server/services/designDocService.ts:563:13

    console.log
      [designDocWatcher] tick #29 ΓÇö found=0 created=0 (seedDocId=doc-seed)

      at src/server/services/designDocService.ts:563:13

    console.log
      [designDocWatcher] tick #30 ΓÇö found=0 created=0 (seedDocId=doc-seed)

      at src/server/services/designDocService.ts:563:13

    console.log
      [designDocWatcher] tick #31 ΓÇö found=0 created=0 (seedDocId=doc-seed)

      at src/server/services/designDocService.ts:563:13

    console.log
      [designDocWatcher] tick #32 ΓÇö found=0 created=0 (seedDocId=doc-seed)

      at src/server/services/designDocService.ts:563:13

    console.log
      [designDocWatcher] tick #33 ΓÇö found=0 created=0 (seedDocId=doc-seed)

      at src/server/services/designDocService.ts:563:13

    console.log
      [designDocWatcher] tick #34 ΓÇö found=0 created=0 (seedDocId=doc-seed)

      at src/server/services/designDocService.ts:563:13

    console.log
      [designDocWatcher] tick #35 ΓÇö found=0 created=0 (seedDocId=doc-seed)

      at src/server/services/designDocService.ts:563:13

    console.log
      [designDocWatcher] tick #36 ΓÇö found=0 created=0 (seedDocId=doc-seed)

      at src/server/services/designDocService.ts:563:13

    console.log
      [designDocWatcher] tick #37 ΓÇö found=0 created=0 (seedDocId=doc-seed)

      at src/server/services/designDocService.ts:563:13

    console.log
      [designDocWatcher] tick #38 ΓÇö found=0 created=0 (seedDocId=doc-seed)

      at src/server/services/designDocService.ts:563:13

    console.log
      [designDocWatcher] tick #39 ΓÇö found=0 created=0 (seedDocId=doc-seed)

      at src/server/services/designDocService.ts:563:13

    console.log
      [designDocWatcher] tick #40 ΓÇö found=0 created=0 (seedDocId=doc-seed)

      at src/server/services/designDocService.ts:563:13

    console.log
      [designDocWatcher] tick #41 ΓÇö found=0 created=0 (seedDocId=doc-seed)

      at src/server/services/designDocService.ts:563:13

    console.log
      [designDocWatcher] tick #42 ΓÇö found=0 created=0 (seedDocId=doc-seed)

      at src/server/services/designDocService.ts:563:13

    console.log
      [designDocWatcher] tick #43 ΓÇö found=0 created=0 (seedDocId=doc-seed)

      at src/server/services/designDocService.ts:563:13

    console.log
      [designDocWatcher] tick #44 ΓÇö found=0 created=0 (seedDocId=doc-seed)

      at src/server/services/designDocService.ts:563:13

    console.log
      [designDocWatcher] tick #45 ΓÇö found=0 created=0 (seedDocId=doc-seed)

      at src/server/services/designDocService.ts:563:13

    console.log
      [designDocWatcher] tick #46 ΓÇö found=0 created=0 (seedDocId=doc-seed)

      at src/server/services/designDocService.ts:563:13

    console.log
      [designDocWatcher] tick #47 ΓÇö found=0 created=0 (seedDocId=doc-seed)

      at src/server/services/designDocService.ts:563:13

    console.log
      [designDocWatcher] tick #48 ΓÇö found=0 created=0 (seedDocId=doc-seed)

      at src/server/services/designDocService.ts:563:13

    console.log
      [designDocWatcher] tick #49 ΓÇö found=0 created=0 (seedDocId=doc-seed)

      at src/server/services/designDocService.ts:563:13

    console.log
      [designDocWatcher] tick #50 ΓÇö found=0 created=0 (seedDocId=doc-seed)

      at src/server/services/designDocService.ts:563:13

    console.log
      [designDocWatcher] tick #51 ΓÇö found=0 created=0 (seedDocId=doc-seed)

      at src/server/services/designDocService.ts:563:13

    console.log
      [designDocWatcher] tick #52 ΓÇö found=0 created=0 (seedDocId=doc-seed)

      at src/server/services/designDocService.ts:563:13

    console.log
      [designDocWatcher] tick #53 ΓÇö found=0 created=0 (seedDocId=doc-seed)

      at src/server/services/designDocService.ts:563:13

    console.log
      [designDocWatcher] tick #54 ΓÇö found=0 created=0 (seedDocId=doc-seed)

      at src/server/services/designDocService.ts:563:13

    console.log
      [designDocWatcher] tick #55 ΓÇö found=0 created=0 (seedDocId=doc-seed)

      at src/server/services/designDocService.ts:563:13

    console.log
      [designDocWatcher] tick #56 ΓÇö found=0 created=0 (seedDocId=doc-seed)

      at src/server/services/designDocService.ts:563:13

    console.log
      [designDocWatcher] tick #57 ΓÇö found=0 created=0 (seedDocId=doc-seed)

      at src/server/services/designDocService.ts:563:13

    console.log
      [designDocWatcher] tick #58 ΓÇö found=0 created=0 (seedDocId=doc-seed)

      at src/server/services/designDocService.ts:563:13

    console.log
      [designDocWatcher] tick #59 ΓÇö found=0 created=0 (seedDocId=doc-seed)

      at src/server/services/designDocService.ts:563:13

    console.log
      [designDocWatcher] tick #60 ΓÇö found=0 created=0 (seedDocId=doc-seed)

      at src/server/services/designDocService.ts:563:13

    console.log
      [designDocWatcher] tick #61 ΓÇö found=0 created=0 (seedDocId=doc-seed)

      at src/server/services/designDocService.ts:563:13

    console.log
      [designDocWatcher] tick #62 ΓÇö found=0 created=0 (seedDocId=doc-seed)

      at src/server/services/designDocService.ts:563:13

    console.log
      [designDocWatcher] tick #63 ΓÇö found=0 created=0 (seedDocId=doc-seed)

      at src/server/services/designDocService.ts:563:13

    console.log
      [designDocWatcher] tick #64 ΓÇö found=0 created=0 (seedDocId=doc-seed)

      at src/server/services/designDocService.ts:563:13

    console.log
      [designDocWatcher] tick #65 ΓÇö found=0 created=0 (seedDocId=doc-seed)

      at src/server/services/designDocService.ts:563:13

    console.log
      [designDocWatcher] tick #66 ΓÇö found=0 created=0 (seedDocId=doc-seed)

      at src/server/services/designDocService.ts:563:13

    console.log
      [designDocWatcher] tick #67 ΓÇö found=0 created=0 (seedDocId=doc-seed)

      at src/server/services/designDocService.ts:563:13

    console.log
      [designDocWatcher] tick #68 ΓÇö found=0 created=0 (seedDocId=doc-seed)

      at src/server/services/designDocService.ts:563:13

    console.log
      [designDocWatcher] tick #69 ΓÇö found=0 created=0 (seedDocId=doc-seed)

      at src/server/services/designDocService.ts:563:13

    console.log
      [designDocWatcher] tick #70 ΓÇö found=0 created=0 (seedDocId=doc-seed)

      at src/server/services/designDocService.ts:563:13

    console.log
      [designDocWatcher] tick #71 ΓÇö found=0 created=0 (seedDocId=doc-seed)

      at src/server/services/designDocService.ts:563:13

    console.log
      [designDocWatcher] tick #72 ΓÇö found=0 created=0 (seedDocId=doc-seed)

      at src/server/services/designDocService.ts:563:13

    console.log
      [designDocWatcher] tick #73 ΓÇö found=0 created=0 (seedDocId=doc-seed)

      at src/server/services/designDocService.ts:563:13

    console.log
      [designDocWatcher] tick #74 ΓÇö found=0 created=0 (seedDocId=doc-seed)

      at src/server/services/designDocService.ts:563:13

    console.log
      [designDocWatcher] tick #75 ΓÇö found=0 created=0 (seedDocId=doc-seed)

      at src/server/services/designDocService.ts:563:13

    console.log
      [designDocWatcher] tick #76 ΓÇö found=0 created=0 (seedDocId=doc-seed)

      at src/server/services/designDocService.ts:563:13

    console.log
      [designDocWatcher] tick #77 ΓÇö found=0 created=0 (seedDocId=doc-seed)

      at src/server/services/designDocService.ts:563:13

    console.log
      [designDocWatcher] tick #78 ΓÇö found=0 created=0 (seedDocId=doc-seed)

      at src/server/services/designDocService.ts:563:13

    console.log
      [designDocWatcher] tick #79 ΓÇö found=0 created=0 (seedDocId=doc-seed)

      at src/server/services/designDocService.ts:563:13

    console.log
      [designDocWatcher] tick #80 ΓÇö found=0 created=0 (seedDocId=doc-seed)

      at src/server/services/designDocService.ts:563:13

    console.log
      [designDocWatcher] tick #81 ΓÇö found=0 created=0 (seedDocId=doc-seed)

      at src/server/services/designDocService.ts:563:13

    console.log
      [designDocWatcher] tick #82 ΓÇö found=0 created=0 (seedDocId=doc-seed)

      at src/server/services/designDocService.ts:563:13

    console.log
      [designDocWatcher] tick #83 ΓÇö found=0 created=0 (seedDocId=doc-seed)

      at src/server/services/designDocService.ts:563:13

    console.log
      [designDocWatcher] tick #84 ΓÇö found=0 created=0 (seedDocId=doc-seed)

      at src/server/services/designDocService.ts:563:13

    console.log
      [designDocWatcher] tick #85 ΓÇö found=0 created=0 (seedDocId=doc-seed)

      at src/server/services/designDocService.ts:563:13

    console.log
      [designDocWatcher] tick #86 ΓÇö found=0 created=0 (seedDocId=doc-seed)

      at src/server/services/designDocService.ts:563:13

    console.log
      [designDocWatcher] tick #87 ΓÇö found=0 created=0 (seedDocId=doc-seed)

      at src/server/services/designDocService.ts:563:13

    console.log
      [designDocWatcher] tick #88 ΓÇö found=0 created=0 (seedDocId=doc-seed)

      at src/server/services/designDocService.ts:563:13

    console.log
      [designDocWatcher] tick #89 ΓÇö found=0 created=0 (seedDocId=doc-seed)

      at src/server/services/designDocService.ts:563:13

    console.log
      [designDocWatcher] tick #90 ΓÇö found=0 created=0 (seedDocId=doc-seed)

      at src/server/services/designDocService.ts:563:13

    console.log
      [designDocWatcher] tick #91 ΓÇö found=0 created=0 (seedDocId=doc-seed)

      at src/server/services/designDocService.ts:563:13

    console.log
      [designDocWatcher] tick #92 ΓÇö found=0 created=0 (seedDocId=doc-seed)

      at src/server/services/designDocService.ts:563:13

    console.log
      [designDocWatcher] tick #93 ΓÇö found=0 created=0 (seedDocId=doc-seed)

      at src/server/services/designDocService.ts:563:13

    console.log
      [designDocWatcher] tick #94 ΓÇö found=0 created=0 (seedDocId=doc-seed)

      at src/server/services/designDocService.ts:563:13

    console.log
      [designDocWatcher] tick #95 ΓÇö found=0 created=0 (seedDocId=doc-seed)

      at src/server/services/designDocService.ts:563:13

    console.log
      [designDocWatcher] tick #96 ΓÇö found=0 created=0 (seedDocId=doc-seed)

      at src/server/services/designDocService.ts:563:13

    console.log
      [designDocWatcher] tick #97 ΓÇö found=0 created=0 (seedDocId=doc-seed)

      at src/server/services/designDocService.ts:563:13

    console.log
      [designDocWatcher] tick #98 ΓÇö found=0 created=0 (seedDocId=doc-seed)

      at src/server/services/designDocService.ts:563:13

    console.log
      [designDocWatcher] tick #99 ΓÇö found=0 created=0 (seedDocId=doc-seed)

      at src/server/services/designDocService.ts:563:13

    console.log
      [designDocWatcher] tick #100 ΓÇö found=0 created=0 (seedDocId=doc-seed)

      at src/server/services/designDocService.ts:563:13

    console.log
      [designDocWatcher] tick #101 ΓÇö found=0 created=0 (seedDocId=doc-seed)

      at src/server/services/designDocService.ts:563:13

    console.log
      [designDocWatcher] tick #102 ΓÇö found=0 created=0 (seedDocId=doc-seed)

      at src/server/services/designDocService.ts:563:13

    console.log
      [designDocWatcher] tick #103 ΓÇö found=0 created=0 (seedDocId=doc-seed)

      at src/server/services/designDocService.ts:563:13

    console.log
      [designDocWatcher] tick #104 ΓÇö found=0 created=0 (seedDocId=doc-seed)

      at src/server/services/designDocService.ts:563:13

    console.log
      [designDocWatcher] tick #105 ΓÇö found=0 created=0 (seedDocId=doc-seed)

      at src/server/services/designDocService.ts:563:13

    console.log
      [designDocWatcher] tick #106 ΓÇö found=0 created=0 (seedDocId=doc-seed)

      at src/server/services/designDocService.ts:563:13

    console.log
      [designDocWatcher] tick #107 ΓÇö found=0 created=0 (seedDocId=doc-seed)

      at src/server/services/designDocService.ts:563:13

    console.log
      [designDocWatcher] tick #108 ΓÇö found=0 created=0 (seedDocId=doc-seed)

      at src/server/services/designDocService.ts:563:13

    console.log
      [designDocWatcher] tick #109 ΓÇö found=0 created=0 (seedDocId=doc-seed)

      at src/server/services/designDocService.ts:563:13

    console.log
      [designDocWatcher] tick #110 ΓÇö found=0 created=0 (seedDocId=doc-seed)

      at src/server/services/designDocService.ts:563:13

    console.log
      [designDocWatcher] tick #111 ΓÇö found=0 created=0 (seedDocId=doc-seed)

      at src/server/services/designDocService.ts:563:13

    console.log
      [designDocWatcher] tick #112 ΓÇö found=0 created=0 (seedDocId=doc-seed)

      at src/server/services/designDocService.ts:563:13

    console.log
      [designDocWatcher] tick #113 ΓÇö found=0 created=0 (seedDocId=doc-seed)

      at src/server/services/designDocService.ts:563:13

    console.log
      [designDocWatcher] tick #114 ΓÇö found=0 created=0 (seedDocId=doc-seed)

      at src/server/services/designDocService.ts:563:13

    console.log
      [designDocWatcher] tick #115 ΓÇö found=0 created=0 (seedDocId=doc-seed)

      at src/server/services/designDocService.ts:563:13

    console.log
      [designDocWatcher] tick #116 ΓÇö found=0 created=0 (seedDocId=doc-seed)

      at src/server/services/designDocService.ts:563:13

    console.log
      [designDocWatcher] tick #117 ΓÇö found=0 created=0 (seedDocId=doc-seed)

      at src/server/services/designDocService.ts:563:13

    console.log
      [designDocWatcher] tick #118 ΓÇö found=0 created=0 (seedDocId=doc-seed)

      at src/server/services/designDocService.ts:563:13

    console.log
      [designDocWatcher] tick #119 ΓÇö found=0 created=0 (seedDocId=doc-seed)

      at src/server/services/designDocService.ts:563:13

    console.log
      [designDocWatcher] tick #120 ΓÇö found=0 created=0 (seedDocId=doc-seed)

      at src/server/services/designDocService.ts:563:13

    console.log
      [designDocWatcher] tick #121 ΓÇö found=0 created=0 (seedDocId=doc-seed)

      at src/server/services/designDocService.ts:563:13

    console.log
      [designDocWatcher] tick #122 ΓÇö found=0 created=0 (seedDocId=doc-seed)

      at src/server/services/designDocService.ts:563:13

    console.log
      [designDocWatcher] tick #123 ΓÇö found=0 created=0 (seedDocId=doc-seed)

      at src/server/services/designDocService.ts:563:13

    console.log
      [designDocWatcher] tick #124 ΓÇö found=0 created=0 (seedDocId=doc-seed)

      at src/server/services/designDocService.ts:563:13

    console.log
      [designDocWatcher] tick #125 ΓÇö found=0 created=0 (seedDocId=doc-seed)

      at src/server/services/designDocService.ts:563:13

    console.log
      [designDocWatcher] tick #126 ΓÇö found=0 created=0 (seedDocId=doc-seed)

      at src/server/services/designDocService.ts:563:13

    console.log
      [designDocWatcher] tick #127 ΓÇö found=0 created=0 (seedDocId=doc-seed)

      at src/server/services/designDocService.ts:563:13

    console.log
      [designDocWatcher] tick #128 ΓÇö found=0 created=0 (seedDocId=doc-seed)

      at src/server/services/designDocService.ts:563:13

    console.log
      [designDocWatcher] tick #129 ΓÇö found=0 created=0 (seedDocId=doc-seed)

      at src/server/services/designDocService.ts:563:13

    console.log
      [designDocWatcher] tick #130 ΓÇö found=0 created=0 (seedDocId=doc-seed)

      at src/server/services/designDocService.ts:563:13

    console.log
      [designDocWatcher] tick #131 ΓÇö found=0 created=0 (seedDocId=doc-seed)

      at src/server/services/designDocService.ts:563:13

    console.log
      [designDocWatcher] tick #132 ΓÇö found=0 created=0 (seedDocId=doc-seed)

      at src/server/services/designDocService.ts:563:13

    console.log
      [designDocWatcher] tick #133 ΓÇö found=0 created=0 (seedDocId=doc-seed)

      at src/server/services/designDocService.ts:563:13

    console.log
      [designDocWatcher] tick #134 ΓÇö found=0 created=0 (seedDocId=doc-seed)

      at src/server/services/designDocService.ts:563:13

    console.log
      [designDocWatcher] tick #135 ΓÇö found=0 created=0 (seedDocId=doc-seed)

      at src/server/services/designDocService.ts:563:13

    console.log
      [designDocWatcher] tick #136 ΓÇö found=0 created=0 (seedDocId=doc-seed)

      at src/server/services/designDocService.ts:563:13

    console.log
      [designDocWatcher] tick #137 ΓÇö found=0 created=0 (seedDocId=doc-seed)

      at src/server/services/designDocService.ts:563:13

    console.log
      [designDocWatcher] tick #138 ΓÇö found=0 created=0 (seedDocId=doc-seed)

      at src/server/services/designDocService.ts:563:13

    console.log
      [designDocWatcher] tick #139 ΓÇö found=0 created=0 (seedDocId=doc-seed)

      at src/server/services/designDocService.ts:563:13

    console.log
      [designDocWatcher] tick #140 ΓÇö found=0 created=0 (seedDocId=doc-seed)

      at src/server/services/designDocService.ts:563:13

    console.log
      [designDocWatcher] tick #141 ΓÇö found=0 created=0 (seedDocId=doc-seed)

      at src/server/services/designDocService.ts:563:13

    console.log
      [designDocWatcher] tick #142 ΓÇö found=0 created=0 (seedDocId=doc-seed)

      at src/server/services/designDocService.ts:563:13

    console.log
      [designDocWatcher] tick #143 ΓÇö found=0 created=0 (seedDocId=doc-seed)

      at src/server/services/designDocService.ts:563:13

    console.log
      [designDocWatcher] tick #144 ΓÇö found=0 created=0 (seedDocId=doc-seed)

      at src/server/services/designDocService.ts:563:13

    console.log
      [designDocWatcher] tick #145 ΓÇö found=0 created=0 (seedDocId=doc-seed)

      at src/server/services/designDocService.ts:563:13

    console.log
      [designDocWatcher] tick #146 ΓÇö found=0 created=0 (seedDocId=doc-seed)

      at src/server/services/designDocService.ts:563:13

    console.log
      [designDocWatcher] tick #147 ΓÇö found=0 created=0 (seedDocId=doc-seed)

      at src/server/services/designDocService.ts:563:13

    console.log
      [designDocWatcher] tick #148 ΓÇö found=0 created=0 (seedDocId=doc-seed)

      at src/server/services/designDocService.ts:563:13

    console.log
      [designDocWatcher] tick #149 ΓÇö found=0 created=0 (seedDocId=doc-seed)

      at src/server/services/designDocService.ts:563:13

    console.log
      [designDocWatcher] tick #150 ΓÇö found=0 created=0 (seedDocId=doc-seed)

      at src/server/services/designDocService.ts:563:13

    console.log
      [designDocWatcher] tick #151 ΓÇö found=0 created=0 (seedDocId=doc-seed)

      at src/server/services/designDocService.ts:563:13

    console.log
      [designDocWatcher] tick #152 ΓÇö found=0 created=0 (seedDocId=doc-seed)

      at src/server/services/designDocService.ts:563:13

    console.log
      [designDocWatcher] tick #153 ΓÇö found=0 created=0 (seedDocId=doc-seed)

      at src/server/services/designDocService.ts:563:13

    console.log
      [designDocWatcher] tick #154 ΓÇö found=0 created=0 (seedDocId=doc-seed)

      at src/server/services/designDocService.ts:563:13

    console.log
      [designDocWatcher] tick #155 ΓÇö found=0 created=0 (seedDocId=doc-seed)

      at src/server/services/designDocService.ts:563:13

    console.log
      [designDocWatcher] tick #156 ΓÇö found=0 created=0 (seedDocId=doc-seed)

      at src/server/services/designDocService.ts:563:13

    console.log
      [designDocWatcher] tick #157 ΓÇö found=0 created=0 (seedDocId=doc-seed)

      at src/server/services/designDocService.ts:563:13

    console.log
      [designDocWatcher] tick #158 ΓÇö found=0 created=0 (seedDocId=doc-seed)

      at src/server/services/designDocService.ts:563:13

    console.log
      [designDocWatcher] tick #159 ΓÇö found=0 created=0 (seedDocId=doc-seed)

      at src/server/services/designDocService.ts:563:13

    console.log
      [designDocWatcher] tick #160 ΓÇö found=0 created=0 (seedDocId=doc-seed)

      at src/server/services/designDocService.ts:563:13

    console.log
      [designDocWatcher] tick #161 ΓÇö found=0 created=0 (seedDocId=doc-seed)

      at src/server/services/designDocService.ts:563:13

    console.log
      [designDocWatcher] tick #162 ΓÇö found=0 created=0 (seedDocId=doc-seed)

      at src/server/services/designDocService.ts:563:13

    console.log
      [designDocWatcher] tick #163 ΓÇö found=0 created=0 (seedDocId=doc-seed)

      at src/server/services/designDocService.ts:563:13

    console.log
      [designDocWatcher] tick #164 ΓÇö found=0 created=0 (seedDocId=doc-seed)

      at src/server/services/designDocService.ts:563:13

    console.log
      [designDocWatcher] tick #165 ΓÇö found=0 created=0 (seedDocId=doc-seed)

      at src/server/services/designDocService.ts:563:13

    console.log
      [designDocWatcher] tick #166 ΓÇö found=0 created=0 (seedDocId=doc-seed)

      at src/server/services/designDocService.ts:563:13

    console.log
      [designDocWatcher] tick #167 ΓÇö found=0 created=0 (seedDocId=doc-seed)

      at src/server/services/designDocService.ts:563:13

    console.log
      [designDocWatcher] tick #168 ΓÇö found=0 created=0 (seedDocId=doc-seed)

      at src/server/services/designDocService.ts:563:13

    console.log
      [designDocWatcher] tick #169 ΓÇö found=0 created=0 (seedDocId=doc-seed)

      at src/server/services/designDocService.ts:563:13

    console.log
      [designDocWatcher] tick #170 ΓÇö found=0 created=0 (seedDocId=doc-seed)

      at src/server/services/designDocService.ts:563:13

    console.log
      [designDocWatcher] tick #171 ΓÇö found=0 created=0 (seedDocId=doc-seed)

      at src/server/services/designDocService.ts:563:13

    console.log
      [designDocWatcher] tick #172 ΓÇö found=0 created=0 (seedDocId=doc-seed)

      at src/server/services/designDocService.ts:563:13

    console.log
      [designDocWatcher] tick #173 ΓÇö found=0 created=0 (seedDocId=doc-seed)

      at src/server/services/designDocService.ts:563:13

    console.log
      [designDocWatcher] tick #174 ΓÇö found=0 created=0 (seedDocId=doc-seed)

      at src/server/services/designDocService.ts:563:13

    console.log
      [designDocWatcher] tick #175 ΓÇö found=0 created=0 (seedDocId=doc-seed)

      at src/server/services/designDocService.ts:563:13

    console.log
      [designDocWatcher] tick #176 ΓÇö found=0 created=0 (seedDocId=doc-seed)

      at src/server/services/designDocService.ts:563:13

    console.log
      [designDocWatcher] tick #177 ΓÇö found=0 created=0 (seedDocId=doc-seed)

      at src/server/services/designDocService.ts:563:13

    console.log
      [designDocWatcher] tick #178 ΓÇö found=0 created=0 (seedDocId=doc-seed)

      at src/server/services/designDocService.ts:563:13

    console.log
      [designDocWatcher] tick #179 ΓÇö found=0 created=0 (seedDocId=doc-seed)

      at src/server/services/designDocService.ts:563:13

    console.log
      [designDocWatcher] tick #180 ΓÇö found=0 created=0 (seedDocId=doc-seed)

      at src/server/services/designDocService.ts:563:13

    console.log
      [designDocWatcher] tick #181 ΓÇö found=0 created=0 (seedDocId=doc-seed)

      at src/server/services/designDocService.ts:563:13

    console.log
      [designDocWatcher] tick #182 ΓÇö found=0 created=0 (seedDocId=doc-seed)

      at src/server/services/designDocService.ts:563:13

    console.log
      [designDocWatcher] tick #183 ΓÇö found=0 created=0 (seedDocId=doc-seed)

      at src/server/services/designDocService.ts:563:13

    console.log
      [designDocWatcher] tick #184 ΓÇö found=0 created=0 (seedDocId=doc-seed)

      at src/server/services/designDocService.ts:563:13

    console.log
      [designDocWatcher] tick #185 ΓÇö found=0 created=0 (seedDocId=doc-seed)

      at src/server/services/designDocService.ts:563:13

    console.log
      [designDocWatcher] tick #186 ΓÇö found=0 created=0 (seedDocId=doc-seed)

      at src/server/services/designDocService.ts:563:13

    console.log
      [designDocWatcher] tick #187 ΓÇö found=0 created=0 (seedDocId=doc-seed)

      at src/server/services/designDocService.ts:563:13

    console.log
      [designDocWatcher] tick #188 ΓÇö found=0 created=0 (seedDocId=doc-seed)

      at src/server/services/designDocService.ts:563:13

    console.log
      [designDocWatcher] tick #189 ΓÇö found=0 created=0 (seedDocId=doc-seed)

      at src/server/services/designDocService.ts:563:13

    console.log
      [designDocWatcher] tick #190 ΓÇö found=0 created=0 (seedDocId=doc-seed)

      at src/server/services/designDocService.ts:563:13

    console.log
      [designDocWatcher] tick #191 ΓÇö found=0 created=0 (seedDocId=doc-seed)

      at src/server/services/designDocService.ts:563:13

    console.log
      [designDocWatcher] tick #192 ΓÇö found=0 created=0 (seedDocId=doc-seed)

      at src/server/services/designDocService.ts:563:13

    console.log
      [designDocWatcher] tick #193 ΓÇö found=0 created=0 (seedDocId=doc-seed)

      at src/server/services/designDocService.ts:563:13

    console.log
      [designDocWatcher] tick #194 ΓÇö found=0 created=0 (seedDocId=doc-seed)

      at src/server/services/designDocService.ts:563:13

    console.log
      [designDocWatcher] tick #195 ΓÇö found=0 created=0 (seedDocId=doc-seed)

      at src/server/services/designDocService.ts:563:13

    console.log
      [designDocWatcher] tick #196 ΓÇö found=0 created=0 (seedDocId=doc-seed)

      at src/server/services/designDocService.ts:563:13

    console.log
      [designDocWatcher] tick #197 ΓÇö found=0 created=0 (seedDocId=doc-seed)

      at src/server/services/designDocService.ts:563:13

    console.log
      [designDocWatcher] tick #198 ΓÇö found=0 created=0 (seedDocId=doc-seed)

      at src/server/services/designDocService.ts:563:13

    console.log
      [designDocWatcher] tick #199 ΓÇö found=0 created=0 (seedDocId=doc-seed)

      at src/server/services/designDocService.ts:563:13

    console.log
      [designDocWatcher] tick #200 ΓÇö found=0 created=0 (seedDocId=doc-seed)

      at src/server/services/designDocService.ts:563:13

    console.log
      [designDocWatcher] tick #201 ΓÇö found=0 created=0 (seedDocId=doc-seed)

      at src/server/services/designDocService.ts:563:13

    console.log
      [designDocWatcher] tick #202 ΓÇö found=0 created=0 (seedDocId=doc-seed)

      at src/server/services/designDocService.ts:563:13

    console.log
      [designDocWatcher] tick #203 ΓÇö found=0 created=0 (seedDocId=doc-seed)

      at src/server/services/designDocService.ts:563:13

    console.log
      [designDocWatcher] tick #204 ΓÇö found=0 created=0 (seedDocId=doc-seed)

      at src/server/services/designDocService.ts:563:13

    console.log
      [designDocWatcher] tick #205 ΓÇö found=0 created=0 (seedDocId=doc-seed)

      at src/server/services/designDocService.ts:563:13

    console.log
      [designDocWatcher] tick #206 ΓÇö found=0 created=0 (seedDocId=doc-seed)

      at src/server/services/designDocService.ts:563:13

    console.log
      [designDocWatcher] tick #207 ΓÇö found=0 created=0 (seedDocId=doc-seed)

      at src/server/services/designDocService.ts:563:13

    console.log
      [designDocWatcher] tick #208 ΓÇö found=0 created=0 (seedDocId=doc-seed)

      at src/server/services/designDocService.ts:563:13

    console.log
      [designDocWatcher] tick #209 ΓÇö found=0 created=0 (seedDocId=doc-seed)

      at src/server/services/designDocService.ts:563:13

    console.log
      [designDocWatcher] tick #210 ΓÇö found=0 created=0 (seedDocId=doc-seed)

      at src/server/services/designDocService.ts:563:13

    console.log
      [designDocWatcher] tick #211 ΓÇö found=0 created=0 (seedDocId=doc-seed)

      at src/server/services/designDocService.ts:563:13

    console.log
      [designDocWatcher] tick #212 ΓÇö found=0 created=0 (seedDocId=doc-seed)

      at src/server/services/designDocService.ts:563:13

    console.log
      [designDocWatcher] tick #213 ΓÇö found=0 created=0 (seedDocId=doc-seed)

      at src/server/services/designDocService.ts:563:13

    console.log
      [designDocWatcher] tick #214 ΓÇö found=0 created=0 (seedDocId=doc-seed)

      at src/server/services/designDocService.ts:563:13

    console.log
      [designDocWatcher] tick #215 ΓÇö found=0 created=0 (seedDocId=doc-seed)

      at src/server/services/designDocService.ts:563:13

    console.log
      [designDocWatcher] tick #216 ΓÇö found=0 created=0 (seedDocId=doc-seed)

      at src/server/services/designDocService.ts:563:13

    console.log
      [designDocWatcher] tick #217 ΓÇö found=0 created=0 (seedDocId=doc-seed)

      at src/server/services/designDocService.ts:563:13

    console.log
      [designDocWatcher] tick #218 ΓÇö found=0 created=0 (seedDocId=doc-seed)

      at src/server/services/designDocService.ts:563:13

    console.log
      [designDocWatcher] tick #219 ΓÇö found=0 created=0 (seedDocId=doc-seed)

      at src/server/services/designDocService.ts:563:13

    console.log
      [designDocWatcher] tick #220 ΓÇö found=0 created=0 (seedDocId=doc-seed)

      at src/server/services/designDocService.ts:563:13

    console.log
      [designDocWatcher] tick #221 ΓÇö found=0 created=0 (seedDocId=doc-seed)

      at src/server/services/designDocService.ts:563:13

    console.log
      [designDocWatcher] tick #222 ΓÇö found=0 created=0 (seedDocId=doc-seed)

      at src/server/services/designDocService.ts:563:13

    console.log
      [designDocWatcher] tick #223 ΓÇö found=0 created=0 (seedDocId=doc-seed)

      at src/server/services/designDocService.ts:563:13

    console.log
      [designDocWatcher] tick #224 ΓÇö found=0 created=0 (seedDocId=doc-seed)

      at src/server/services/designDocService.ts:563:13

    console.log
      [designDocWatcher] tick #225 ΓÇö found=0 created=0 (seedDocId=doc-seed)

      at src/server/services/designDocService.ts:563:13

    console.log
      [designDocWatcher] tick #226 ΓÇö found=0 created=0 (seedDocId=doc-seed)

      at src/server/services/designDocService.ts:563:13

    console.log
      [designDocWatcher] tick #227 ΓÇö found=0 created=0 (seedDocId=doc-seed)

      at src/server/services/designDocService.ts:563:13

    console.log
      [designDocWatcher] tick #228 ΓÇö found=0 created=0 (seedDocId=doc-seed)

      at src/server/services/designDocService.ts:563:13

    console.log
      [designDocWatcher] tick #229 ΓÇö found=0 created=0 (seedDocId=doc-seed)

      at src/server/services/designDocService.ts:563:13

    console.log
      [designDocWatcher] tick #230 ΓÇö found=0 created=0 (seedDocId=doc-seed)

      at src/server/services/designDocService.ts:563:13

    console.log
      [designDocWatcher] tick #231 ΓÇö found=0 created=0 (seedDocId=doc-seed)

      at src/server/services/designDocService.ts:563:13

    console.log
      [designDocWatcher] tick #232 ΓÇö found=0 created=0 (seedDocId=doc-seed)

      at src/server/services/designDocService.ts:563:13

    console.log
      [designDocWatcher] tick #233 ΓÇö found=0 created=0 (seedDocId=doc-seed)

      at src/server/services/designDocService.ts:563:13

    console.log
      [designDocWatcher] tick #234 ΓÇö found=0 created=0 (seedDocId=doc-seed)

      at src/server/services/designDocService.ts:563:13

    console.log
      [designDocWatcher] tick #235 ΓÇö found=0 created=0 (seedDocId=doc-seed)

      at src/server/services/designDocService.ts:563:13

    console.log
      [designDocWatcher] tick #236 ΓÇö found=0 created=0 (seedDocId=doc-seed)

      at src/server/services/designDocService.ts:563:13

    console.log
      [designDocWatcher] tick #237 ΓÇö found=0 created=0 (seedDocId=doc-seed)

      at src/server/services/designDocService.ts:563:13

    console.log
      [designDocWatcher] tick #238 ΓÇö found=0 created=0 (seedDocId=doc-seed)

      at src/server/services/designDocService.ts:563:13

    console.log
      [designDocWatcher] tick #239 ΓÇö found=0 created=0 (seedDocId=doc-seed)

      at src/server/services/designDocService.ts:563:13

    console.log
      [designDocWatcher] tick #240 ΓÇö found=0 created=0 (seedDocId=doc-seed)

      at src/server/services/designDocService.ts:563:13

    console.log
      [designDocWatcher] tick #241 ΓÇö found=0 created=0 (seedDocId=doc-seed)

      at src/server/services/designDocService.ts:563:13

    console.log
      [designDocWatcher] tick #242 ΓÇö found=0 created=0 (seedDocId=doc-seed)

      at src/server/services/designDocService.ts:563:13

    console.log
      [designDocWatcher] tick #243 ΓÇö found=0 created=0 (seedDocId=doc-seed)

      at src/server/services/designDocService.ts:563:13

    console.log
      [designDocWatcher] tick #244 ΓÇö found=0 created=0 (seedDocId=doc-seed)

      at src/server/services/designDocService.ts:563:13

    console.log
      [designDocWatcher] tick #245 ΓÇö found=0 created=0 (seedDocId=doc-seed)

      at src/server/services/designDocService.ts:563:13

    console.log
      [designDocWatcher] tick #246 ΓÇö found=0 created=0 (seedDocId=doc-seed)

      at src/server/services/designDocService.ts:563:13

    console.log
      [designDocWatcher] tick #247 ΓÇö found=0 created=0 (seedDocId=doc-seed)

      at src/server/services/designDocService.ts:563:13

    console.log
      [designDocWatcher] tick #248 ΓÇö found=0 created=0 (seedDocId=doc-seed)

      at src/server/services/designDocService.ts:563:13

    console.log
      [designDocWatcher] tick #249 ΓÇö found=0 created=0 (seedDocId=doc-seed)

      at src/server/services/designDocService.ts:563:13

    console.log
      [designDocWatcher] tick #250 ΓÇö found=0 created=0 (seedDocId=doc-seed)

      at src/server/services/designDocService.ts:563:13

    console.log
      [designDocWatcher] tick #251 ΓÇö found=0 created=0 (seedDocId=doc-seed)

      at src/server/services/designDocService.ts:563:13

    console.log
      [designDocWatcher] tick #252 ΓÇö found=0 created=0 (seedDocId=doc-seed)

      at src/server/services/designDocService.ts:563:13

    console.log
      [designDocWatcher] tick #253 ΓÇö found=0 created=0 (seedDocId=doc-seed)

      at src/server/services/designDocService.ts:563:13

    console.log
      [designDocWatcher] tick #254 ΓÇö found=0 created=0 (seedDocId=doc-seed)

      at src/server/services/designDocService.ts:563:13

    console.log
      [designDocWatcher] tick #255 ΓÇö found=0 created=0 (seedDocId=doc-seed)

      at src/server/services/designDocService.ts:563:13

    console.log
      [designDocWatcher] tick #256 ΓÇö found=0 created=0 (seedDocId=doc-seed)

      at src/server/services/designDocService.ts:563:13

    console.log
      [designDocWatcher] tick #257 ΓÇö found=0 created=0 (seedDocId=doc-seed)

      at src/server/services/designDocService.ts:563:13

    console.log
      [designDocWatcher] tick #258 ΓÇö found=0 created=0 (seedDocId=doc-seed)

      at src/server/services/designDocService.ts:563:13

    console.log
      [designDocWatcher] tick #259 ΓÇö found=0 created=0 (seedDocId=doc-seed)

      at src/server/services/designDocService.ts:563:13

    console.log
      [designDocWatcher] tick #260 ΓÇö found=0 created=0 (seedDocId=doc-seed)

      at src/server/services/designDocService.ts:563:13

    console.log
      [designDocWatcher] tick #261 ΓÇö found=0 created=0 (seedDocId=doc-seed)

      at src/server/services/designDocService.ts:563:13

    console.log
      [designDocWatcher] tick #262 ΓÇö found=0 created=0 (seedDocId=doc-seed)

      at src/server/services/designDocService.ts:563:13

    console.log
      [designDocWatcher] tick #263 ΓÇö found=0 created=0 (seedDocId=doc-seed)

      at src/server/services/designDocService.ts:563:13

    console.log
      [designDocWatcher] tick #264 ΓÇö found=0 created=0 (seedDocId=doc-seed)

      at src/server/services/designDocService.ts:563:13

    console.log
      [designDocWatcher] tick #265 ΓÇö found=0 created=0 (seedDocId=doc-seed)

      at src/server/services/designDocService.ts:563:13

    console.log
      [designDocWatcher] tick #266 ΓÇö found=0 created=0 (seedDocId=doc-seed)

      at src/server/services/designDocService.ts:563:13

    console.log
      [designDocWatcher] tick #267 ΓÇö found=0 created=0 (seedDocId=doc-seed)

      at src/server/services/designDocService.ts:563:13

    console.log
      [designDocWatcher] tick #268 ΓÇö found=0 created=0 (seedDocId=doc-seed)

      at src/server/services/designDocService.ts:563:13

    console.log
      [designDocWatcher] tick #269 ΓÇö found=0 created=0 (seedDocId=doc-seed)

      at src/server/services/designDocService.ts:563:13

    console.log
      [designDocWatcher] tick #270 ΓÇö found=0 created=0 (seedDocId=doc-seed)

      at src/server/services/designDocService.ts:563:13

    console.log
      [designDocWatcher] tick #271 ΓÇö found=0 created=0 (seedDocId=doc-seed)

      at src/server/services/designDocService.ts:563:13

    console.log
      [designDocWatcher] tick #272 ΓÇö found=0 created=0 (seedDocId=doc-seed)

      at src/server/services/designDocService.ts:563:13

    console.log
      [designDocWatcher] tick #273 ΓÇö found=0 created=0 (seedDocId=doc-seed)

      at src/server/services/designDocService.ts:563:13

    console.log
      [designDocWatcher] tick #274 ΓÇö found=0 created=0 (seedDocId=doc-seed)

      at src/server/services/designDocService.ts:563:13

    console.log
      [designDocWatcher] tick #275 ΓÇö found=0 created=0 (seedDocId=doc-seed)

      at src/server/services/designDocService.ts:563:13

    console.log
      [designDocWatcher] tick #276 ΓÇö found=0 created=0 (seedDocId=doc-seed)

      at src/server/services/designDocService.ts:563:13

    console.log
      [designDocWatcher] tick #277 ΓÇö found=0 created=0 (seedDocId=doc-seed)

      at src/server/services/designDocService.ts:563:13

    console.log
      [designDocWatcher] tick #278 ΓÇö found=0 created=0 (seedDocId=doc-seed)

      at src/server/services/designDocService.ts:563:13

    console.log
      [designDocWatcher] tick #279 ΓÇö found=0 created=0 (seedDocId=doc-seed)

      at src/server/services/designDocService.ts:563:13

    console.log
      [designDocWatcher] tick #280 ΓÇö found=0 created=0 (seedDocId=doc-seed)

      at src/server/services/designDocService.ts:563:13

    console.log
      [designDocWatcher] tick #281 ΓÇö found=0 created=0 (seedDocId=doc-seed)

      at src/server/services/designDocService.ts:563:13

    console.log
      [designDocWatcher] tick #282 ΓÇö found=0 created=0 (seedDocId=doc-seed)

      at src/server/services/designDocService.ts:563:13

    console.log
      [designDocWatcher] tick #283 ΓÇö found=0 created=0 (seedDocId=doc-seed)

      at src/server/services/designDocService.ts:563:13

    console.log
      [designDocWatcher] tick #284 ΓÇö found=0 created=0 (seedDocId=doc-seed)

      at src/server/services/designDocService.ts:563:13

    console.log
      [designDocWatcher] tick #285 ΓÇö found=0 created=0 (seedDocId=doc-seed)

      at src/server/services/designDocService.ts:563:13

    console.log
      [designDocWatcher] tick #286 ΓÇö found=0 created=0 (seedDocId=doc-seed)

      at src/server/services/designDocService.ts:563:13

    console.log
      [designDocWatcher] tick #287 ΓÇö found=0 created=0 (seedDocId=doc-seed)

      at src/server/services/designDocService.ts:563:13

    console.log
      [designDocWatcher] tick #288 ΓÇö found=0 created=0 (seedDocId=doc-seed)

      at src/server/services/designDocService.ts:563:13

    console.log
      [designDocWatcher] tick #289 ΓÇö found=0 created=0 (seedDocId=doc-seed)

      at src/server/services/designDocService.ts:563:13

    console.log
      [designDocWatcher] tick #290 ΓÇö found=0 created=0 (seedDocId=doc-seed)

      at src/server/services/designDocService.ts:563:13

    console.log
      [designDocWatcher] tick #291 ΓÇö found=0 created=0 (seedDocId=doc-seed)

      at src/server/services/designDocService.ts:563:13

    console.log
      [designDocWatcher] tick #292 ΓÇö found=0 created=0 (seedDocId=doc-seed)

      at src/server/services/designDocService.ts:563:13

    console.log
      [designDocWatcher] tick #293 ΓÇö found=0 created=0 (seedDocId=doc-seed)

      at src/server/services/designDocService.ts:563:13

    console.log
      [designDocWatcher] tick #294 ΓÇö found=0 created=0 (seedDocId=doc-seed)

      at src/server/services/designDocService.ts:563:13

    console.log
      [designDocWatcher] tick #295 ΓÇö found=0 created=0 (seedDocId=doc-seed)

      at src/server/services/designDocService.ts:563:13

    console.log
      [designDocWatcher] tick #296 ΓÇö found=0 created=0 (seedDocId=doc-seed)

      at src/server/services/designDocService.ts:563:13

    console.log
      [designDocWatcher] tick #297 ΓÇö found=0 created=0 (seedDocId=doc-seed)

      at src/server/services/designDocService.ts:563:13

    console.log
      [designDocWatcher] tick #298 ΓÇö found=0 created=0 (seedDocId=doc-seed)

      at src/server/services/designDocService.ts:563:13

    console.log
      [designDocWatcher] tick #299 ΓÇö found=0 created=0 (seedDocId=doc-seed)

      at src/server/services/designDocService.ts:563:13

    console.log
      [designDocWatcher] tick #300 ΓÇö found=0 created=0 (seedDocId=doc-seed)

      at src/server/services/designDocService.ts:563:13

    console.log
      [designDocWatcher] tick #301 ΓÇö found=0 created=0 (seedDocId=doc-seed)

      at src/server/services/designDocService.ts:563:13

    console.log
      [designDocWatcher] tick #302 ΓÇö found=0 created=0 (seedDocId=doc-seed)

      at src/server/services/designDocService.ts:563:13

    console.log
      [designDocWatcher] tick #303 ΓÇö found=0 created=0 (seedDocId=doc-seed)

      at src/server/services/designDocService.ts:563:13

    console.log
      [designDocWatcher] tick #304 ΓÇö found=0 created=0 (seedDocId=doc-seed)

      at src/server/services/designDocService.ts:563:13

    console.log
      [designDocWatcher] tick #305 ΓÇö found=0 created=0 (seedDocId=doc-seed)

      at src/server/services/designDocService.ts:563:13

    console.log
      [designDocWatcher] tick #306 ΓÇö found=0 created=0 (seedDocId=doc-seed)

      at src/server/services/designDocService.ts:563:13

    console.log
      [designDocWatcher] tick #307 ΓÇö found=0 created=0 (seedDocId=doc-seed)

      at src/server/services/designDocService.ts:563:13

    console.log
      [designDocWatcher] tick #308 ΓÇö found=0 created=0 (seedDocId=doc-seed)

      at src/server/services/designDocService.ts:563:13

    console.log
      [designDocWatcher] tick #309 ΓÇö found=0 created=0 (seedDocId=doc-seed)

      at src/server/services/designDocService.ts:563:13

    console.log
      [designDocWatcher] tick #310 ΓÇö found=0 created=0 (seedDocId=doc-seed)

      at src/server/services/designDocService.ts:563:13

    console.log
      [designDocWatcher] tick #311 ΓÇö found=0 created=0 (seedDocId=doc-seed)

      at src/server/services/designDocService.ts:563:13

    console.log
      [designDocWatcher] tick #312 ΓÇö found=0 created=0 (seedDocId=doc-seed)

      at src/server/services/designDocService.ts:563:13

    console.log
      [designDocWatcher] tick #313 ΓÇö found=0 created=0 (seedDocId=doc-seed)

      at src/server/services/designDocService.ts:563:13

    console.log
      [designDocWatcher] tick #314 ΓÇö found=0 created=0 (seedDocId=doc-seed)

      at src/server/services/designDocService.ts:563:13

    console.log
      [designDocWatcher] tick #315 ΓÇö found=0 created=0 (seedDocId=doc-seed)

      at src/server/services/designDocService.ts:563:13

    console.log
      [designDocWatcher] tick #316 ΓÇö found=0 created=0 (seedDocId=doc-seed)

      at src/server/services/designDocService.ts:563:13

    console.log
      [designDocWatcher] tick #317 ΓÇö found=0 created=0 (seedDocId=doc-seed)

      at src/server/services/designDocService.ts:563:13

    console.log
      [designDocWatcher] tick #318 ΓÇö found=0 created=0 (seedDocId=doc-seed)

      at src/server/services/designDocService.ts:563:13

    console.log
      [designDocWatcher] tick #319 ΓÇö found=0 created=0 (seedDocId=doc-seed)

      at src/server/services/designDocService.ts:563:13

    console.log
      [designDocWatcher] tick #320 ΓÇö found=0 created=0 (seedDocId=doc-seed)

      at src/server/services/designDocService.ts:563:13

    console.log
      [designDocWatcher] tick #321 ΓÇö found=0 created=0 (seedDocId=doc-seed)

      at src/server/services/designDocService.ts:563:13

    console.log
      [designDocWatcher] tick #322 ΓÇö found=0 created=0 (seedDocId=doc-seed)

      at src/server/services/designDocService.ts:563:13

    console.log
      [designDocWatcher] tick #323 ΓÇö found=0 created=0 (seedDocId=doc-seed)

      at src/server/services/designDocService.ts:563:13

    console.log
      [designDocWatcher] tick #324 ΓÇö found=0 created=0 (seedDocId=doc-seed)

      at src/server/services/designDocService.ts:563:13

    console.log
      [designDocWatcher] tick #325 ΓÇö found=0 created=0 (seedDocId=doc-seed)

      at src/server/services/designDocService.ts:563:13

    console.log
      [designDocWatcher] tick #326 ΓÇö found=0 created=0 (seedDocId=doc-seed)

      at src/server/services/designDocService.ts:563:13

    console.log
      [designDocWatcher] tick #327 ΓÇö found=0 created=0 (seedDocId=doc-seed)

      at src/server/services/designDocService.ts:563:13

    console.log
      [designDocWatcher] tick #328 ΓÇö found=0 created=0 (seedDocId=doc-seed)

      at src/server/services/designDocService.ts:563:13

    console.log
      [designDocWatcher] tick #329 ΓÇö found=0 created=0 (seedDocId=doc-seed)

      at src/server/services/designDocService.ts:563:13

    console.log
      [designDocWatcher] tick #330 ΓÇö found=0 created=0 (seedDocId=doc-seed)

      at src/server/services/designDocService.ts:563:13

    console.log
      [designDocWatcher] tick #331 ΓÇö found=0 created=0 (seedDocId=doc-seed)

      at src/server/services/designDocService.ts:563:13

    console.log
      [designDocWatcher] tick #332 ΓÇö found=0 created=0 (seedDocId=doc-seed)

      at src/server/services/designDocService.ts:563:13

    console.log
      [designDocWatcher] tick #333 ΓÇö found=0 created=0 (seedDocId=doc-seed)

      at src/server/services/designDocService.ts:563:13

    console.log
      [designDocWatcher] tick #334 ΓÇö found=0 created=0 (seedDocId=doc-seed)

      at src/server/services/designDocService.ts:563:13

    console.log
      [designDocWatcher] tick #335 ΓÇö found=0 created=0 (seedDocId=doc-seed)

      at src/server/services/designDocService.ts:563:13

    console.log
      [designDocWatcher] tick #336 ΓÇö found=0 created=0 (seedDocId=doc-seed)

      at src/server/services/designDocService.ts:563:13

    console.log
      [designDocWatcher] tick #337 ΓÇö found=0 created=0 (seedDocId=doc-seed)

      at src/server/services/designDocService.ts:563:13

    console.log
      [designDocWatcher] tick #338 ΓÇö found=0 created=0 (seedDocId=doc-seed)

      at src/server/services/designDocService.ts:563:13

    console.log
      [designDocWatcher] tick #339 ΓÇö found=0 created=0 (seedDocId=doc-seed)

      at src/server/services/designDocService.ts:563:13

    console.log
      [designDocWatcher] tick #340 ΓÇö found=0 created=0 (seedDocId=doc-seed)

      at src/server/services/designDocService.ts:563:13

    console.log
      [designDocWatcher] tick #341 ΓÇö found=0 created=0 (seedDocId=doc-seed)

      at src/server/services/designDocService.ts:563:13

    console.log
      [designDocWatcher] tick #342 ΓÇö found=0 created=0 (seedDocId=doc-seed)

      at src/server/services/designDocService.ts:563:13

    console.log
      [designDocWatcher] tick #343 ΓÇö found=0 created=0 (seedDocId=doc-seed)

      at src/server/services/designDocService.ts:563:13

    console.log
      [designDocWatcher] tick #344 ΓÇö found=0 created=0 (seedDocId=doc-seed)

      at src/server/services/designDocService.ts:563:13

    console.log
      [designDocWatcher] tick #345 ΓÇö found=0 created=0 (seedDocId=doc-seed)

      at src/server/services/designDocService.ts:563:13

    console.log
      [designDocWatcher] tick #346 ΓÇö found=0 created=0 (seedDocId=doc-seed)

      at src/server/services/designDocService.ts:563:13

    console.log
      [designDocWatcher] tick #347 ΓÇö found=0 created=0 (seedDocId=doc-seed)

      at src/server/services/designDocService.ts:563:13

    console.log
      [designDocWatcher] tick #348 ΓÇö found=0 created=0 (seedDocId=doc-seed)

      at src/server/services/designDocService.ts:563:13

    console.log
      [designDocWatcher] tick #349 ΓÇö found=0 created=0 (seedDocId=doc-seed)

      at src/server/services/designDocService.ts:563:13

    console.log
      [designDocWatcher] tick #350 ΓÇö found=0 created=0 (seedDocId=doc-seed)

      at src/server/services/designDocService.ts:563:13

    console.log
      [designDocWatcher] tick #351 ΓÇö found=0 created=0 (seedDocId=doc-seed)

      at src/server/services/designDocService.ts:563:13

    console.log
      [designDocWatcher] tick #352 ΓÇö found=0 created=0 (seedDocId=doc-seed)

      at src/server/services/designDocService.ts:563:13

    console.log
      [designDocWatcher] tick #353 ΓÇö found=0 created=0 (seedDocId=doc-seed)

      at src/server/services/designDocService.ts:563:13

    console.log
      [designDocWatcher] tick #354 ΓÇö found=0 created=0 (seedDocId=doc-seed)

      at src/server/services/designDocService.ts:563:13

    console.log
      [designDocWatcher] tick #355 ΓÇö found=0 created=0 (seedDocId=doc-seed)

      at src/server/services/designDocService.ts:563:13

    console.log
      [designDocWatcher] tick #356 ΓÇö found=0 created=0 (seedDocId=doc-seed)

      at src/server/services/designDocService.ts:563:13

    console.log
      [designDocWatcher] tick #357 ΓÇö found=0 created=0 (seedDocId=doc-seed)

      at src/server/services/designDocService.ts:563:13

    console.log
      [designDocWatcher] tick #358 ΓÇö found=0 created=0 (seedDocId=doc-seed)

      at src/server/services/designDocService.ts:563:13

    console.log
      [designDocWatcher] tick #359 ΓÇö found=0 created=0 (seedDocId=doc-seed)

      at src/server/services/designDocService.ts:563:13

    console.log
      [designDocWatcher] tick #360 ΓÇö found=0 created=0 (seedDocId=doc-seed)

      at src/server/services/designDocService.ts:563:13

    console.warn
      [designDocWatcher] Timed out ΓÇö resetting to draft (seedDocId=doc-seed, threadId=thread-dd)

      538 |       clearInterval(interval);
      539 |       activeDocWatchers.delete(seedDocId);
    > 540 |       console.warn(`[designDocWatcher] Timed out ΓÇö resetting to draft (seedDocId=${seedDocId}, 
threadId=${chatThreadId})`);
          |               ^
      541 |       await db.update(designDocs)
      542 |         .set({ status: 'draft', updatedAt: new Date().toISOString() })
      543 |         .where(and(eq(designDocs.id, seedDocId), eq(designDocs.status, 'generating')));

      at src/server/services/designDocService.ts:540:15
      at src/server/services/designDocService.ts:41:71
      at Object.<anonymous>.__awaiter (src/server/services/designDocService.ts:37:12)
      at src/server/services/designDocService.ts:534:43
      at callTimer (node_modules/@sinonjs/fake-timers/src/fake-timers-src.js:744:24)
      at doTickInner (node_modules/@sinonjs/fake-timers/src/fake-timers-src.js:1312:29)
      at doTick (node_modules/@sinonjs/fake-timers/src/fake-timers-src.js:1393:20)
      at Object.tick (node_modules/@sinonjs/fake-timers/src/fake-timers-src.js:1401:20)
      at FakeTimers.advanceTimersByTime (node_modules/@jest/fake-timers/build/modernFakeTimers.js:94:19)
      at src/server/__tests__/designDocService.test.ts:990:12
      at fulfilled (src/server/__tests__/designDocService.test.ts:9:58)

    console.error
      [aiCompletionNotifier] Failed to send notification: TypeError: rows.map is not a function
          at C:\Users\ryamiller\ASM\ai-poc\AI-Pilot\src\server\services\aiCompletionNotifier.ts:115:15
          at Generator.next (<anonymous>)
          at fulfilled (C:\Users\ryamiller\ASM\ai-poc\AI-Pilot\src\server\services\aiCompletionNotifier.ts:5:58)
          at processTicksAndRejections (node:internal/process/task_queues:103:5)

      252 |     );
      253 |   } catch (err) {
    > 254 |     console.error('[aiCompletionNotifier] Failed to send notification:', err);
          |             ^
      255 |   }
      256 | }
      257 |

      at src/server/services/aiCompletionNotifier.ts:254:13
          at Generator.throw (<anonymous>)
      at rejected (src/server/services/aiCompletionNotifier.ts:6:65)

    console.error
      [aiCompletionNotifier] Failed to send notification: TypeError: rows.map is not a function
          at C:\Users\ryamiller\ASM\ai-poc\AI-Pilot\src\server\services\aiCompletionNotifier.ts:115:15
          at Generator.next (<anonymous>)
          at fulfilled (C:\Users\ryamiller\ASM\ai-poc\AI-Pilot\src\server\services\aiCompletionNotifier.ts:5:58)
          at processTicksAndRejections (node:internal/process/task_queues:103:5)

      252 |     );
      253 |   } catch (err) {
    > 254 |     console.error('[aiCompletionNotifier] Failed to send notification:', err);
          |             ^
      255 |   }
      256 | }
      257 |

      at src/server/services/aiCompletionNotifier.ts:254:13
          at Generator.throw (<anonymous>)
      at rejected (src/server/services/aiCompletionNotifier.ts:6:65)

    console.log
      [designDoc] startSingleFeatureDesignDocWatcher: created doc (docId=doc-new, prototypeId=proto-1, featureIndex=0)

      at src/server/services/designDocService.ts:871:11

    console.log
      [singleFeatureDocWatcher] Started ΓÇö designDocId=doc-new threadId=thread-new

      at startSingleFeatureDocWatcher (src/server/services/designDocService.ts:648:11)

    console.log
      [designDoc] startSingleFeatureDesignDocWatcher: created doc (docId=doc-new, prototypeId=proto-1, featureIndex=1)

      at src/server/services/designDocService.ts:871:11

    console.log
      [designDocWatcher] Cancelled ΓÇö designDocId=doc-new

      at stopDocWatcher (src/server/services/designDocService.ts:419:13)

    console.log
      [singleFeatureDocWatcher] Started ΓÇö designDocId=doc-new threadId=thread-new

      at startSingleFeatureDocWatcher (src/server/services/designDocService.ts:648:11)

    console.log
      [designDoc] startSingleFeatureDesignDocWatcher: created doc (docId=doc-new, prototypeId=proto-1, featureIndex=0)

      at src/server/services/designDocService.ts:871:11

    console.log
      [designDocWatcher] Cancelled ΓÇö designDocId=doc-new

      at stopDocWatcher (src/server/services/designDocService.ts:419:13)

    console.log
      [singleFeatureDocWatcher] Started ΓÇö designDocId=doc-new threadId=thread-new

      at startSingleFeatureDocWatcher (src/server/services/designDocService.ts:648:11)

    console.log
      [designDoc] startSingleFeatureDesignDocWatcher: created doc (docId=doc-new, prototypeId=proto-1, featureIndex=0)

      at src/server/services/designDocService.ts:871:11

    console.log
      [designDocWatcher] Cancelled ΓÇö designDocId=doc-new

      at stopDocWatcher (src/server/services/designDocService.ts:419:13)

    console.log
      [singleFeatureDocWatcher] Started ΓÇö designDocId=doc-new threadId=thread-new

      at startSingleFeatureDocWatcher (src/server/services/designDocService.ts:648:11)

    console.log
      [designDoc] startSingleFeatureDesignDocWatcher: doc already exists (docId=doc-existing, prototypeId=proto-1, 
featureIndex=0)

      at src/server/services/designDocService.ts:740:13

PASS server src/server/__tests__/chatRoutes.test.ts
  ΓùÅ Console

    console.warn
      [db] DATABASE_URL is not set ΓÇö database queries will fail.

      2 |
      3 | if (!process.env.DATABASE_URL) {
    > 4 |   console.warn('[db] DATABASE_URL is not set ΓÇö database queries will fail.');
        |           ^
      5 | }
      6 |
      7 | const databaseUrl = process.env.DATABASE_URL ?? '';

      at Object.<anonymous> (src/server/db.ts:4:11)
      at Object.<anonymous> (src/server/db/drizzle.ts:2:1)
      at Object.<anonymous> (src/server/routes/chat.ts:14:1)
      at Object.<anonymous> (src/server/__tests__/chatRoutes.test.ts:64:1)

    console.error
      [chat] listThreadSummaries error: DB error

      133 |     res.json(summaries);
      134 |   } catch (err: any) {
    > 135 |     console.error('[chat] listThreadSummaries error:', err.message);
          |             ^
      136 |     res.status(500).json({ error: err.message ?? 'Failed to list threads' });
      137 |   }
      138 | });

      at src/server/routes/chat.ts:135:13
          at Generator.throw (<anonymous>)
      at rejected (src/server/routes/chat.ts:6:65)

PASS server src/server/__tests__/pageScreenshotRoutes.test.ts (5.112 s)
  ΓùÅ Console

    console.warn
      [db] DATABASE_URL is not set ΓÇö database queries will fail.

      2 |
      3 | if (!process.env.DATABASE_URL) {
    > 4 |   console.warn('[db] DATABASE_URL is not set ΓÇö database queries will fail.');
        |           ^
      5 | }
      6 |
      7 | const databaseUrl = process.env.DATABASE_URL ?? '';

      at Object.<anonymous> (src/server/db.ts:4:11)
      at Object.<anonymous> (src/server/db/drizzle.ts:2:1)
      at Object.<anonymous> (src/server/services/pageScreenshotService.ts:2:1)
      at Object.<anonymous> (src/server/routes/pageScreenshots.ts:4:1)
      at Object.<anonymous> (src/server/__tests__/pageScreenshotRoutes.test.ts:10:1)

ts-jest[ts-jest-transformer] (WARN) Define `ts-jest` config under `globals` is deprecated. Please do
transform: {
    <transform_regex>: ['ts-jest', { /* ts-jest config goes here in Jest */ }],
},
See more at https://kulshekhar.github.io/ts-jest/docs/getting-started/presets#advanced
PASS server src/server/__tests__/notificationService.test.ts
PASS server src/server/__tests__/adminRoutes.test.ts (5.357 s)
  ΓùÅ Console

    console.warn
      [db] DATABASE_URL is not set ΓÇö database queries will fail.

      2 |
      3 | if (!process.env.DATABASE_URL) {
    > 4 |   console.warn('[db] DATABASE_URL is not set ΓÇö database queries will fail.');
        |           ^
      5 | }
      6 |
      7 | const databaseUrl = process.env.DATABASE_URL ?? '';

      at Object.<anonymous> (src/server/db.ts:4:11)
      at Object.<anonymous> (src/server/db/drizzle.ts:2:1)
      at Object.<anonymous> (src/server/services/rbacService.ts:2:1)
      at Object.<anonymous> (src/server/routes/admin.ts:3:1)
      at Object.<anonymous> (src/server/__tests__/adminRoutes.test.ts:10:1)

    console.warn
      [db] DATABASE_URL is not set ΓÇö database queries will fail.

      2 |
      3 | if (!process.env.DATABASE_URL) {
    > 4 |   console.warn('[db] DATABASE_URL is not set ΓÇö database queries will fail.');
        |           ^
      5 | }
      6 |
      7 | const databaseUrl = process.env.DATABASE_URL ?? '';

      at Object.<anonymous> (src/server/db.ts:4:11)
      at Object.<anonymous> (src/server/db/drizzle.ts:2:1)
      at Object.<anonymous> (src/server/services/projectSettingsService.ts:1:1)
      at Object.<anonymous> (src/server/routes/admin.ts:4:1)
      at Object.<anonymous> (src/server/__tests__/adminRoutes.test.ts:10:1)

    console.warn
      [db] DATABASE_URL is not set ΓÇö database queries will fail.

      2 |
      3 | if (!process.env.DATABASE_URL) {
    > 4 |   console.warn('[db] DATABASE_URL is not set ΓÇö database queries will fail.');
        |           ^
      5 | }
      6 |
      7 | const databaseUrl = process.env.DATABASE_URL ?? '';

      at Object.<anonymous> (src/server/db.ts:4:11)
      at Object.<anonymous> (src/server/db/drizzle.ts:2:1)
      at Object.<anonymous> (src/server/services/groupService.ts:1:1)
      at Object.<anonymous> (src/server/services/projectSettingsService.ts:4:1)
      at Object.<anonymous> (src/server/routes/admin.ts:4:1)
      at Object.<anonymous> (src/server/__tests__/adminRoutes.test.ts:10:1)

    console.warn
      [db] DATABASE_URL is not set ΓÇö database queries will fail.

      2 |
      3 | if (!process.env.DATABASE_URL) {
    > 4 |   console.warn('[db] DATABASE_URL is not set ΓÇö database queries will fail.');
        |           ^
      5 | }
      6 |
      7 | const databaseUrl = process.env.DATABASE_URL ?? '';

      at Object.<anonymous> (src/server/db.ts:4:11)
      at Object.<anonymous> (src/server/db/drizzle.ts:2:1)
      at Object.<anonymous> (src/server/services/appSettingsService.ts:1:1)
      at Object.<anonymous> (src/server/routes/admin.ts:6:1)
      at Object.<anonymous> (src/server/__tests__/adminRoutes.test.ts:10:1)

    console.error
      [admin] PUT /project-settings error: DB error | cause: (none)

      317 |   } catch (err) {
      318 |     const cause = (err as any)?.cause;
    > 319 |     console.error('[admin] PUT /project-settings error:', (err as Error).message, '| cause:', 
cause?.message ?? cause ?? '(none)');
          |             ^
      320 |     res.status(500).json({ error: 'Internal server error' });
      321 |   }
      322 | });

      at src/server/routes/admin.ts:319:13
          at Generator.throw (<anonymous>)
      at rejected (src/server/routes/admin.ts:39:65)

PASS client src/client/components/__tests__/PlatformAdmin.test.tsx (15.716 s)
  ΓùÅ Console

    console.error
      Warning: An update to AssignmentCard inside a test was not wrapped in act(...).
      
      When testing, code that causes React state updates should be wrapped into act(...):
      
      act(() => {
        /* fire events that update state */
      });
      /* assert on the output */
      
      This ensures that you're testing the behavior the user would see in the browser. Learn more at 
https://reactjs.org/link/wrap-tests-with-act
          at AssignmentCard (C:\Users\ryamiller\ASM\ai-poc\AI-Pilot\src\client\components\PlatformAdmin.tsx:479:3)
          at div
          at section
          at div
          at main
          at div
          at PlatformAdmin (C:\Users\ryamiller\ASM\ai-poc\AI-Pilot\src\client\components\PlatformAdmin.tsx:141:3)

      722 |           placeholder="Search by name, email, or user ID"
      723 |           disabled={pending || availableUsers.length === 0}
    > 724 |           onChange={(event) => setSearchQuery(event.target.value)}
          |                                ^
      725 |           autoComplete="off"
      726 |         />
      727 |         {availableUsers.length === 0 ? (

      at printWarning (node_modules/react-dom/cjs/react-dom.development.js:86:30)
      at error (node_modules/react-dom/cjs/react-dom.development.js:60:7)
      at warnIfUpdatesNotWrappedWithActDEV (node_modules/react-dom/cjs/react-dom.development.js:27628:9)
      at scheduleUpdateOnFiber (node_modules/react-dom/cjs/react-dom.development.js:25547:5)
      at dispatchSetState (node_modules/react-dom/cjs/react-dom.development.js:16708:7)
      at onChange (src/client/components/PlatformAdmin.tsx:724:32)
      at HTMLUnknownElement.callCallback (node_modules/react-dom/cjs/react-dom.development.js:4164:14)
      at HTMLUnknownElement.callTheUserObjectsOperation 
(node_modules/jsdom/lib/jsdom/living/generated/EventListener.js:26:30)
      at innerInvokeEventListeners (node_modules/jsdom/lib/jsdom/living/events/EventTarget-impl.js:350:25)
      at invokeEventListeners (node_modules/jsdom/lib/jsdom/living/events/EventTarget-impl.js:286:3)
      at HTMLUnknownElementImpl._dispatch (node_modules/jsdom/lib/jsdom/living/events/EventTarget-impl.js:233:9)
      at HTMLUnknownElementImpl.dispatchEvent (node_modules/jsdom/lib/jsdom/living/events/EventTarget-impl.js:104:17)
      at HTMLUnknownElement.dispatchEvent (node_modules/jsdom/lib/jsdom/living/generated/EventTarget.js:241:34)
      at Object.invokeGuardedCallbackDev (node_modules/react-dom/cjs/react-dom.development.js:4213:16)
      at invokeGuardedCallback (node_modules/react-dom/cjs/react-dom.development.js:4277:31)
      at invokeGuardedCallbackAndCatchFirstError (node_modules/react-dom/cjs/react-dom.development.js:4291:25)
      at executeDispatch (node_modules/react-dom/cjs/react-dom.development.js:9041:3)
      at processDispatchQueueItemsInOrder (node_modules/react-dom/cjs/react-dom.development.js:9073:7)
      at processDispatchQueue (node_modules/react-dom/cjs/react-dom.development.js:9086:5)
      at dispatchEventsForPlugins (node_modules/react-dom/cjs/react-dom.development.js:9097:3)
      at node_modules/react-dom/cjs/react-dom.development.js:9288:12
      at batchedUpdates$1 (node_modules/react-dom/cjs/react-dom.development.js:26179:12)
      at batchedUpdates (node_modules/react-dom/cjs/react-dom.development.js:3991:12)
      at dispatchEventForPluginEventSystem (node_modules/react-dom/cjs/react-dom.development.js:9287:3)
      at dispatchEventWithEnableCapturePhaseSelectiveHydrationWithoutDiscreteEventReplay 
(node_modules/react-dom/cjs/react-dom.development.js:6465:5)
      at dispatchEvent (node_modules/react-dom/cjs/react-dom.development.js:6457:5)
      at dispatchDiscreteEvent (node_modules/react-dom/cjs/react-dom.development.js:6430:5)
      at HTMLDivElement.callTheUserObjectsOperation 
(node_modules/jsdom/lib/jsdom/living/generated/EventListener.js:26:30)
      at innerInvokeEventListeners (node_modules/jsdom/lib/jsdom/living/events/EventTarget-impl.js:350:25)
      at invokeEventListeners (node_modules/jsdom/lib/jsdom/living/events/EventTarget-impl.js:286:3)
      at HTMLInputElementImpl._dispatch (node_modules/jsdom/lib/jsdom/living/events/EventTarget-impl.js:233:9)
      at HTMLInputElementImpl.dispatchEvent (node_modules/jsdom/lib/jsdom/living/events/EventTarget-impl.js:104:17)
      at HTMLInputElement.dispatchEvent (node_modules/jsdom/lib/jsdom/living/generated/EventTarget.js:241:34)
      at node_modules/@testing-library/user-event/dist/cjs/event/dispatchEvent.js:45:43
      at Object.eventWrapper (node_modules/@testing-library/dom/dist/config.js:25:23)
      at Object.wrapEvent (node_modules/@testing-library/user-event/dist/cjs/event/wrapEvent.js:6:28)
      at Object.dispatchEvent (node_modules/@testing-library/user-event/dist/cjs/event/dispatchEvent.js:45:22)
      at Object.dispatchUIEvent (node_modules/@testing-library/user-event/dist/cjs/event/dispatchEvent.js:22:26)
      at commitInput (node_modules/@testing-library/user-event/dist/cjs/event/input.js:145:14)
      at editInputElement (node_modules/@testing-library/user-event/dist/cjs/event/input.js:115:9)
      at Object.input (node_modules/@testing-library/user-event/dist/cjs/event/input.js:37:9)
      at node_modules/@testing-library/user-event/dist/cjs/event/behavior/keypress.js:31:26
      at Object.dispatchEvent (node_modules/@testing-library/user-event/dist/cjs/event/dispatchEvent.js:41:13)
      at Object.dispatchUIEvent (node_modules/@testing-library/user-event/dist/cjs/event/dispatchEvent.js:22:26)
      at KeyboardHost.keydown (node_modules/@testing-library/user-event/dist/cjs/system/keyboard.js:76:22)
      at keyboardAction (node_modules/@testing-library/user-event/dist/cjs/keyboard/index.js:22:35)
      at Object.keyboard (node_modules/@testing-library/user-event/dist/cjs/keyboard/index.js:11:15)
      at Object.type (node_modules/@testing-library/user-event/dist/cjs/utility/type.js:17:5)
      at Object.<anonymous> (src/client/components/__tests__/PlatformAdmin.test.tsx:207:5)

    console.error
      Warning: An update to AssignmentCard inside a test was not wrapped in act(...).
      
      When testing, code that causes React state updates should be wrapped into act(...):
      
      act(() => {
        /* fire events that update state */
      });
      /* assert on the output */
      
      This ensures that you're testing the behavior the user would see in the browser. Learn more at 
https://reactjs.org/link/wrap-tests-with-act
          at AssignmentCard (C:\Users\ryamiller\ASM\ai-poc\AI-Pilot\src\client\components\PlatformAdmin.tsx:479:3)
          at div
          at section
          at div
          at main
          at div
          at PlatformAdmin (C:\Users\ryamiller\ASM\ai-poc\AI-Pilot\src\client\components\PlatformAdmin.tsx:141:3)

      722 |           placeholder="Search by name, email, or user ID"
      723 |           disabled={pending || availableUsers.length === 0}
    > 724 |           onChange={(event) => setSearchQuery(event.target.value)}
          |                                ^
      725 |           autoComplete="off"
      726 |         />
      727 |         {availableUsers.length === 0 ? (

      at printWarning (node_modules/react-dom/cjs/react-dom.development.js:86:30)
      at error (node_modules/react-dom/cjs/react-dom.development.js:60:7)
      at warnIfUpdatesNotWrappedWithActDEV (node_modules/react-dom/cjs/react-dom.development.js:27628:9)
      at scheduleUpdateOnFiber (node_modules/react-dom/cjs/react-dom.development.js:25547:5)
      at dispatchSetState (node_modules/react-dom/cjs/react-dom.development.js:16708:7)
      at onChange (src/client/components/PlatformAdmin.tsx:724:32)
      at HTMLUnknownElement.callCallback (node_modules/react-dom/cjs/react-dom.development.js:4164:14)
      at HTMLUnknownElement.callTheUserObjectsOperation 
(node_modules/jsdom/lib/jsdom/living/generated/EventListener.js:26:30)
      at innerInvokeEventListeners (node_modules/jsdom/lib/jsdom/living/events/EventTarget-impl.js:350:25)
      at invokeEventListeners (node_modules/jsdom/lib/jsdom/living/events/EventTarget-impl.js:286:3)
      at HTMLUnknownElementImpl._dispatch (node_modules/jsdom/lib/jsdom/living/events/EventTarget-impl.js:233:9)
      at HTMLUnknownElementImpl.dispatchEvent (node_modules/jsdom/lib/jsdom/living/events/EventTarget-impl.js:104:17)
      at HTMLUnknownElement.dispatchEvent (node_modules/jsdom/lib/jsdom/living/generated/EventTarget.js:241:34)
      at Object.invokeGuardedCallbackDev (node_modules/react-dom/cjs/react-dom.development.js:4213:16)
      at invokeGuardedCallback (node_modules/react-dom/cjs/react-dom.development.js:4277:31)
      at invokeGuardedCallbackAndCatchFirstError (node_modules/react-dom/cjs/react-dom.development.js:4291:25)
      at executeDispatch (node_modules/react-dom/cjs/react-dom.development.js:9041:3)
      at processDispatchQueueItemsInOrder (node_modules/react-dom/cjs/react-dom.development.js:9073:7)
      at processDispatchQueue (node_modules/react-dom/cjs/react-dom.development.js:9086:5)
      at dispatchEventsForPlugins (node_modules/react-dom/cjs/react-dom.development.js:9097:3)
      at node_modules/react-dom/cjs/react-dom.development.js:9288:12
      at batchedUpdates$1 (node_modules/react-dom/cjs/react-dom.development.js:26179:12)
      at batchedUpdates (node_modules/react-dom/cjs/react-dom.development.js:3991:12)
      at dispatchEventForPluginEventSystem (node_modules/react-dom/cjs/react-dom.development.js:9287:3)
      at dispatchEventWithEnableCapturePhaseSelectiveHydrationWithoutDiscreteEventReplay 
(node_modules/react-dom/cjs/react-dom.development.js:6465:5)
      at dispatchEvent (node_modules/react-dom/cjs/react-dom.development.js:6457:5)
      at dispatchDiscreteEvent (node_modules/react-dom/cjs/react-dom.development.js:6430:5)
      at HTMLDivElement.callTheUserObjectsOperation 
(node_modules/jsdom/lib/jsdom/living/generated/EventListener.js:26:30)
      at innerInvokeEventListeners (node_modules/jsdom/lib/jsdom/living/events/EventTarget-impl.js:350:25)
      at invokeEventListeners (node_modules/jsdom/lib/jsdom/living/events/EventTarget-impl.js:286:3)
      at HTMLInputElementImpl._dispatch (node_modules/jsdom/lib/jsdom/living/events/EventTarget-impl.js:233:9)
      at HTMLInputElementImpl.dispatchEvent (node_modules/jsdom/lib/jsdom/living/events/EventTarget-impl.js:104:17)
      at HTMLInputElement.dispatchEvent (node_modules/jsdom/lib/jsdom/living/generated/EventTarget.js:241:34)
      at node_modules/@testing-library/user-event/dist/cjs/event/dispatchEvent.js:45:43
      at Object.eventWrapper (node_modules/@testing-library/dom/dist/config.js:25:23)
      at Object.wrapEvent (node_modules/@testing-library/user-event/dist/cjs/event/wrapEvent.js:6:28)
      at Object.dispatchEvent (node_modules/@testing-library/user-event/dist/cjs/event/dispatchEvent.js:45:22)
      at Object.dispatchUIEvent (node_modules/@testing-library/user-event/dist/cjs/event/dispatchEvent.js:22:26)
      at commitInput (node_modules/@testing-library/user-event/dist/cjs/event/input.js:145:14)
      at editInputElement (node_modules/@testing-library/user-event/dist/cjs/event/input.js:115:9)
      at Object.input (node_modules/@testing-library/user-event/dist/cjs/event/input.js:37:9)
      at node_modules/@testing-library/user-event/dist/cjs/event/behavior/keypress.js:31:26
      at Object.dispatchEvent (node_modules/@testing-library/user-event/dist/cjs/event/dispatchEvent.js:41:13)
      at Object.dispatchUIEvent (node_modules/@testing-library/user-event/dist/cjs/event/dispatchEvent.js:22:26)
      at KeyboardHost.keydown (node_modules/@testing-library/user-event/dist/cjs/system/keyboard.js:76:22)
      at keyboardAction (node_modules/@testing-library/user-event/dist/cjs/keyboard/index.js:22:35)
      at Object.keyboard (node_modules/@testing-library/user-event/dist/cjs/keyboard/index.js:11:15)
      at Object.type (node_modules/@testing-library/user-event/dist/cjs/utility/type.js:17:5)
      at Object.<anonymous> (src/client/components/__tests__/PlatformAdmin.test.tsx:207:5)

    console.error
      Warning: An update to AssignmentCard inside a test was not wrapped in act(...).
      
      When testing, code that causes React state updates should be wrapped into act(...):
      
      act(() => {
        /* fire events that update state */
      });
      /* assert on the output */
      
      This ensures that you're testing the behavior the user would see in the browser. Learn more at 
https://reactjs.org/link/wrap-tests-with-act
          at AssignmentCard (C:\Users\ryamiller\ASM\ai-poc\AI-Pilot\src\client\components\PlatformAdmin.tsx:479:3)
          at div
          at section
          at div
          at main
          at div
          at PlatformAdmin (C:\Users\ryamiller\ASM\ai-poc\AI-Pilot\src\client\components\PlatformAdmin.tsx:141:3)

      722 |           placeholder="Search by name, email, or user ID"
      723 |           disabled={pending || availableUsers.length === 0}
    > 724 |           onChange={(event) => setSearchQuery(event.target.value)}
          |                                ^
      725 |           autoComplete="off"
      726 |         />
      727 |         {availableUsers.length === 0 ? (

      at printWarning (node_modules/react-dom/cjs/react-dom.development.js:86:30)
      at error (node_modules/react-dom/cjs/react-dom.development.js:60:7)
      at warnIfUpdatesNotWrappedWithActDEV (node_modules/react-dom/cjs/react-dom.development.js:27628:9)
      at scheduleUpdateOnFiber (node_modules/react-dom/cjs/react-dom.development.js:25547:5)
      at dispatchSetState (node_modules/react-dom/cjs/react-dom.development.js:16708:7)
      at onChange (src/client/components/PlatformAdmin.tsx:724:32)
      at HTMLUnknownElement.callCallback (node_modules/react-dom/cjs/react-dom.development.js:4164:14)
      at HTMLUnknownElement.callTheUserObjectsOperation 
(node_modules/jsdom/lib/jsdom/living/generated/EventListener.js:26:30)
      at innerInvokeEventListeners (node_modules/jsdom/lib/jsdom/living/events/EventTarget-impl.js:350:25)
      at invokeEventListeners (node_modules/jsdom/lib/jsdom/living/events/EventTarget-impl.js:286:3)
      at HTMLUnknownElementImpl._dispatch (node_modules/jsdom/lib/jsdom/living/events/EventTarget-impl.js:233:9)
      at HTMLUnknownElementImpl.dispatchEvent (node_modules/jsdom/lib/jsdom/living/events/EventTarget-impl.js:104:17)
      at HTMLUnknownElement.dispatchEvent (node_modules/jsdom/lib/jsdom/living/generated/EventTarget.js:241:34)
      at Object.invokeGuardedCallbackDev (node_modules/react-dom/cjs/react-dom.development.js:4213:16)
      at invokeGuardedCallback (node_modules/react-dom/cjs/react-dom.development.js:4277:31)
      at invokeGuardedCallbackAndCatchFirstError (node_modules/react-dom/cjs/react-dom.development.js:4291:25)
      at executeDispatch (node_modules/react-dom/cjs/react-dom.development.js:9041:3)
      at processDispatchQueueItemsInOrder (node_modules/react-dom/cjs/react-dom.development.js:9073:7)
      at processDispatchQueue (node_modules/react-dom/cjs/react-dom.development.js:9086:5)
      at dispatchEventsForPlugins (node_modules/react-dom/cjs/react-dom.development.js:9097:3)
      at node_modules/react-dom/cjs/react-dom.development.js:9288:12
      at batchedUpdates$1 (node_modules/react-dom/cjs/react-dom.development.js:26179:12)
      at batchedUpdates (node_modules/react-dom/cjs/react-dom.development.js:3991:12)
      at dispatchEventForPluginEventSystem (node_modules/react-dom/cjs/react-dom.development.js:9287:3)
      at dispatchEventWithEnableCapturePhaseSelectiveHydrationWithoutDiscreteEventReplay 
(node_modules/react-dom/cjs/react-dom.development.js:6465:5)
      at dispatchEvent (node_modules/react-dom/cjs/react-dom.development.js:6457:5)
      at dispatchDiscreteEvent (node_modules/react-dom/cjs/react-dom.development.js:6430:5)
      at HTMLDivElement.callTheUserObjectsOperation 
(node_modules/jsdom/lib/jsdom/living/generated/EventListener.js:26:30)
      at innerInvokeEventListeners (node_modules/jsdom/lib/jsdom/living/events/EventTarget-impl.js:350:25)
      at invokeEventListeners (node_modules/jsdom/lib/jsdom/living/events/EventTarget-impl.js:286:3)
      at HTMLInputElementImpl._dispatch (node_modules/jsdom/lib/jsdom/living/events/EventTarget-impl.js:233:9)
      at HTMLInputElementImpl.dispatchEvent (node_modules/jsdom/lib/jsdom/living/events/EventTarget-impl.js:104:17)
      at HTMLInputElement.dispatchEvent (node_modules/jsdom/lib/jsdom/living/generated/EventTarget.js:241:34)
      at node_modules/@testing-library/user-event/dist/cjs/event/dispatchEvent.js:45:43
      at Object.eventWrapper (node_modules/@testing-library/dom/dist/config.js:25:23)
      at Object.wrapEvent (node_modules/@testing-library/user-event/dist/cjs/event/wrapEvent.js:6:28)
      at Object.dispatchEvent (node_modules/@testing-library/user-event/dist/cjs/event/dispatchEvent.js:45:22)
      at Object.dispatchUIEvent (node_modules/@testing-library/user-event/dist/cjs/event/dispatchEvent.js:22:26)
      at commitInput (node_modules/@testing-library/user-event/dist/cjs/event/input.js:145:14)
      at editInputElement (node_modules/@testing-library/user-event/dist/cjs/event/input.js:115:9)
      at Object.input (node_modules/@testing-library/user-event/dist/cjs/event/input.js:37:9)
      at node_modules/@testing-library/user-event/dist/cjs/event/behavior/keypress.js:31:26
      at Object.dispatchEvent (node_modules/@testing-library/user-event/dist/cjs/event/dispatchEvent.js:41:13)
      at Object.dispatchUIEvent (node_modules/@testing-library/user-event/dist/cjs/event/dispatchEvent.js:22:26)
      at KeyboardHost.keydown (node_modules/@testing-library/user-event/dist/cjs/system/keyboard.js:76:22)
      at keyboardAction (node_modules/@testing-library/user-event/dist/cjs/keyboard/index.js:22:35)
      at Object.keyboard (node_modules/@testing-library/user-event/dist/cjs/keyboard/index.js:11:15)
      at Object.type (node_modules/@testing-library/user-event/dist/cjs/utility/type.js:17:5)
      at Object.<anonymous> (src/client/components/__tests__/PlatformAdmin.test.tsx:207:5)

    console.error
      Warning: An update to AssignmentCard inside a test was not wrapped in act(...).
      
      When testing, code that causes React state updates should be wrapped into act(...):
      
      act(() => {
        /* fire events that update state */
      });
      /* assert on the output */
      
      This ensures that you're testing the behavior the user would see in the browser. Learn more at 
https://reactjs.org/link/wrap-tests-with-act
          at AssignmentCard (C:\Users\ryamiller\ASM\ai-poc\AI-Pilot\src\client\components\PlatformAdmin.tsx:479:3)
          at div
          at section
          at div
          at main
          at div
          at PlatformAdmin (C:\Users\ryamiller\ASM\ai-poc\AI-Pilot\src\client\components\PlatformAdmin.tsx:141:3)

      539 |
      540 |   const handleAddUser = (userId: string) => {
    > 541 |     setSelectedUserIds((prev) => (prev.includes(userId) ? prev : [...prev, userId]));
          |     ^
      542 |     setSearchQuery('');
      543 |     setImportMessage(null);
      544 |   };

      at printWarning (node_modules/react-dom/cjs/react-dom.development.js:86:30)
      at error (node_modules/react-dom/cjs/react-dom.development.js:60:7)
      at warnIfUpdatesNotWrappedWithActDEV (node_modules/react-dom/cjs/react-dom.development.js:27628:9)
      at scheduleUpdateOnFiber (node_modules/react-dom/cjs/react-dom.development.js:25547:5)
      at dispatchSetState (node_modules/react-dom/cjs/react-dom.development.js:16708:7)
      at handleAddUser (src/client/components/PlatformAdmin.tsx:541:5)
      at onClick (src/client/components/PlatformAdmin.tsx:737:34)
      at HTMLUnknownElement.callCallback (node_modules/react-dom/cjs/react-dom.development.js:4164:14)
      at HTMLUnknownElement.callTheUserObjectsOperation 
(node_modules/jsdom/lib/jsdom/living/generated/EventListener.js:26:30)
      at innerInvokeEventListeners (node_modules/jsdom/lib/jsdom/living/events/EventTarget-impl.js:350:25)
      at invokeEventListeners (node_modules/jsdom/lib/jsdom/living/events/EventTarget-impl.js:286:3)
      at HTMLUnknownElementImpl._dispatch (node_modules/jsdom/lib/jsdom/living/events/EventTarget-impl.js:233:9)
      at HTMLUnknownElementImpl.dispatchEvent (node_modules/jsdom/lib/jsdom/living/events/EventTarget-impl.js:104:17)
      at HTMLUnknownElement.dispatchEvent (node_modules/jsdom/lib/jsdom/living/generated/EventTarget.js:241:34)
      at Object.invokeGuardedCallbackDev (node_modules/react-dom/cjs/react-dom.development.js:4213:16)
      at invokeGuardedCallback (node_modules/react-dom/cjs/react-dom.development.js:4277:31)
      at invokeGuardedCallbackAndCatchFirstError (node_modules/react-dom/cjs/react-dom.development.js:4291:25)
      at executeDispatch (node_modules/react-dom/cjs/react-dom.development.js:9041:3)
      at processDispatchQueueItemsInOrder (node_modules/react-dom/cjs/react-dom.development.js:9073:7)
      at processDispatchQueue (node_modules/react-dom/cjs/react-dom.development.js:9086:5)
      at dispatchEventsForPlugins (node_modules/react-dom/cjs/react-dom.development.js:9097:3)
      at node_modules/react-dom/cjs/react-dom.development.js:9288:12
      at batchedUpdates$1 (node_modules/react-dom/cjs/react-dom.development.js:26179:12)
      at batchedUpdates (node_modules/react-dom/cjs/react-dom.development.js:3991:12)
      at dispatchEventForPluginEventSystem (node_modules/react-dom/cjs/react-dom.development.js:9287:3)
      at dispatchEventWithEnableCapturePhaseSelectiveHydrationWithoutDiscreteEventReplay 
(node_modules/react-dom/cjs/react-dom.development.js:6465:5)
      at dispatchEvent (node_modules/react-dom/cjs/react-dom.development.js:6457:5)
      at dispatchDiscreteEvent (node_modules/react-dom/cjs/react-dom.development.js:6430:5)
      at HTMLDivElement.callTheUserObjectsOperation 
(node_modules/jsdom/lib/jsdom/living/generated/EventListener.js:26:30)
      at innerInvokeEventListeners (node_modules/jsdom/lib/jsdom/living/events/EventTarget-impl.js:350:25)
      at invokeEventListeners (node_modules/jsdom/lib/jsdom/living/events/EventTarget-impl.js:286:3)
      at HTMLButtonElementImpl._dispatch (node_modules/jsdom/lib/jsdom/living/events/EventTarget-impl.js:233:9)
      at HTMLButtonElementImpl.dispatchEvent (node_modules/jsdom/lib/jsdom/living/events/EventTarget-impl.js:104:17)
      at HTMLButtonElement.dispatchEvent (node_modules/jsdom/lib/jsdom/living/generated/EventTarget.js:241:34)
      at node_modules/@testing-library/user-event/dist/cjs/event/dispatchEvent.js:45:43
      at Object.eventWrapper (node_modules/@testing-library/dom/dist/config.js:25:23)
      at Object.wrapEvent (node_modules/@testing-library/user-event/dist/cjs/event/wrapEvent.js:6:28)
      at Object.dispatchEvent (node_modules/@testing-library/user-event/dist/cjs/event/dispatchEvent.js:45:22)
      at Object.dispatchUIEvent (node_modules/@testing-library/user-event/dist/cjs/event/dispatchEvent.js:22:26)
      at Mouse.up (node_modules/@testing-library/user-event/dist/cjs/system/pointer/mouse.js:100:30)
      at PointerHost.release (node_modules/@testing-library/user-event/dist/cjs/system/pointer/index.js:87:24)
      at pointerAction (node_modules/@testing-library/user-event/dist/cjs/pointer/index.js:54:47)
      at Object.pointer (node_modules/@testing-library/user-event/dist/cjs/pointer/index.js:27:9)
      at Object.<anonymous> (src/client/components/__tests__/PlatformAdmin.test.tsx:208:5)

    console.error
      Warning: An update to AssignmentCard inside a test was not wrapped in act(...).
      
      When testing, code that causes React state updates should be wrapped into act(...):
      
      act(() => {
        /* fire events that update state */
      });
      /* assert on the output */
      
      This ensures that you're testing the behavior the user would see in the browser. Learn more at 
https://reactjs.org/link/wrap-tests-with-act
          at AssignmentCard (C:\Users\ryamiller\ASM\ai-poc\AI-Pilot\src\client\components\PlatformAdmin.tsx:479:3)
          at div
          at section
          at div
          at main
          at div
          at PlatformAdmin (C:\Users\ryamiller\ASM\ai-poc\AI-Pilot\src\client\components\PlatformAdmin.tsx:141:3)

      540 |   const handleAddUser = (userId: string) => {
      541 |     setSelectedUserIds((prev) => (prev.includes(userId) ? prev : [...prev, userId]));
    > 542 |     setSearchQuery('');
          |     ^
      543 |     setImportMessage(null);
      544 |   };
      545 |

      at printWarning (node_modules/react-dom/cjs/react-dom.development.js:86:30)
      at error (node_modules/react-dom/cjs/react-dom.development.js:60:7)
      at warnIfUpdatesNotWrappedWithActDEV (node_modules/react-dom/cjs/react-dom.development.js:27628:9)
      at scheduleUpdateOnFiber (node_modules/react-dom/cjs/react-dom.development.js:25547:5)
      at dispatchSetState (node_modules/react-dom/cjs/react-dom.development.js:16708:7)
      at handleAddUser (src/client/components/PlatformAdmin.tsx:542:5)
      at onClick (src/client/components/PlatformAdmin.tsx:737:34)
      at HTMLUnknownElement.callCallback (node_modules/react-dom/cjs/react-dom.development.js:4164:14)
      at HTMLUnknownElement.callTheUserObjectsOperation 
(node_modules/jsdom/lib/jsdom/living/generated/EventListener.js:26:30)
      at innerInvokeEventListeners (node_modules/jsdom/lib/jsdom/living/events/EventTarget-impl.js:350:25)
      at invokeEventListeners (node_modules/jsdom/lib/jsdom/living/events/EventTarget-impl.js:286:3)
      at HTMLUnknownElementImpl._dispatch (node_modules/jsdom/lib/jsdom/living/events/EventTarget-impl.js:233:9)
      at HTMLUnknownElementImpl.dispatchEvent (node_modules/jsdom/lib/jsdom/living/events/EventTarget-impl.js:104:17)
      at HTMLUnknownElement.dispatchEvent (node_modules/jsdom/lib/jsdom/living/generated/EventTarget.js:241:34)
      at Object.invokeGuardedCallbackDev (node_modules/react-dom/cjs/react-dom.development.js:4213:16)
      at invokeGuardedCallback (node_modules/react-dom/cjs/react-dom.development.js:4277:31)
      at invokeGuardedCallbackAndCatchFirstError (node_modules/react-dom/cjs/react-dom.development.js:4291:25)
      at executeDispatch (node_modules/react-dom/cjs/react-dom.development.js:9041:3)
      at processDispatchQueueItemsInOrder (node_modules/react-dom/cjs/react-dom.development.js:9073:7)
      at processDispatchQueue (node_modules/react-dom/cjs/react-dom.development.js:9086:5)
      at dispatchEventsForPlugins (node_modules/react-dom/cjs/react-dom.development.js:9097:3)
      at node_modules/react-dom/cjs/react-dom.development.js:9288:12
      at batchedUpdates$1 (node_modules/react-dom/cjs/react-dom.development.js:26179:12)
      at batchedUpdates (node_modules/react-dom/cjs/react-dom.development.js:3991:12)
      at dispatchEventForPluginEventSystem (node_modules/react-dom/cjs/react-dom.development.js:9287:3)
      at dispatchEventWithEnableCapturePhaseSelectiveHydrationWithoutDiscreteEventReplay 
(node_modules/react-dom/cjs/react-dom.development.js:6465:5)
      at dispatchEvent (node_modules/react-dom/cjs/react-dom.development.js:6457:5)
      at dispatchDiscreteEvent (node_modules/react-dom/cjs/react-dom.development.js:6430:5)
      at HTMLDivElement.callTheUserObjectsOperation 
(node_modules/jsdom/lib/jsdom/living/generated/EventListener.js:26:30)
      at innerInvokeEventListeners (node_modules/jsdom/lib/jsdom/living/events/EventTarget-impl.js:350:25)
      at invokeEventListeners (node_modules/jsdom/lib/jsdom/living/events/EventTarget-impl.js:286:3)
      at HTMLButtonElementImpl._dispatch (node_modules/jsdom/lib/jsdom/living/events/EventTarget-impl.js:233:9)
      at HTMLButtonElementImpl.dispatchEvent (node_modules/jsdom/lib/jsdom/living/events/EventTarget-impl.js:104:17)
      at HTMLButtonElement.dispatchEvent (node_modules/jsdom/lib/jsdom/living/generated/EventTarget.js:241:34)
      at node_modules/@testing-library/user-event/dist/cjs/event/dispatchEvent.js:45:43
      at Object.eventWrapper (node_modules/@testing-library/dom/dist/config.js:25:23)
      at Object.wrapEvent (node_modules/@testing-library/user-event/dist/cjs/event/wrapEvent.js:6:28)
      at Object.dispatchEvent (node_modules/@testing-library/user-event/dist/cjs/event/dispatchEvent.js:45:22)
      at Object.dispatchUIEvent (node_modules/@testing-library/user-event/dist/cjs/event/dispatchEvent.js:22:26)
      at Mouse.up (node_modules/@testing-library/user-event/dist/cjs/system/pointer/mouse.js:100:30)
      at PointerHost.release (node_modules/@testing-library/user-event/dist/cjs/system/pointer/index.js:87:24)
      at pointerAction (node_modules/@testing-library/user-event/dist/cjs/pointer/index.js:54:47)
      at Object.pointer (node_modules/@testing-library/user-event/dist/cjs/pointer/index.js:27:9)
      at Object.<anonymous> (src/client/components/__tests__/PlatformAdmin.test.tsx:208:5)

    console.error
      Warning: An update to AssignmentCard inside a test was not wrapped in act(...).
      
      When testing, code that causes React state updates should be wrapped into act(...):
      
      act(() => {
        /* fire events that update state */
      });
      /* assert on the output */
      
      This ensures that you're testing the behavior the user would see in the browser. Learn more at 
https://reactjs.org/link/wrap-tests-with-act
          at AssignmentCard (C:\Users\ryamiller\ASM\ai-poc\AI-Pilot\src\client\components\PlatformAdmin.tsx:479:3)
          at div
          at section
          at div
          at main
          at div
          at PlatformAdmin (C:\Users\ryamiller\ASM\ai-poc\AI-Pilot\src\client\components\PlatformAdmin.tsx:141:3)

      541 |     setSelectedUserIds((prev) => (prev.includes(userId) ? prev : [...prev, userId]));
      542 |     setSearchQuery('');
    > 543 |     setImportMessage(null);
          |     ^
      544 |   };
      545 |
      546 |   const handleRemoveUser = (userId: string) => {

      at printWarning (node_modules/react-dom/cjs/react-dom.development.js:86:30)
      at error (node_modules/react-dom/cjs/react-dom.development.js:60:7)
      at warnIfUpdatesNotWrappedWithActDEV (node_modules/react-dom/cjs/react-dom.development.js:27628:9)
      at scheduleUpdateOnFiber (node_modules/react-dom/cjs/react-dom.development.js:25547:5)
      at dispatchSetState (node_modules/react-dom/cjs/react-dom.development.js:16708:7)
      at handleAddUser (src/client/components/PlatformAdmin.tsx:543:5)
      at onClick (src/client/components/PlatformAdmin.tsx:737:34)
      at HTMLUnknownElement.callCallback (node_modules/react-dom/cjs/react-dom.development.js:4164:14)
      at HTMLUnknownElement.callTheUserObjectsOperation 
(node_modules/jsdom/lib/jsdom/living/generated/EventListener.js:26:30)
      at innerInvokeEventListeners (node_modules/jsdom/lib/jsdom/living/events/EventTarget-impl.js:350:25)
      at invokeEventListeners (node_modules/jsdom/lib/jsdom/living/events/EventTarget-impl.js:286:3)
      at HTMLUnknownElementImpl._dispatch (node_modules/jsdom/lib/jsdom/living/events/EventTarget-impl.js:233:9)
      at HTMLUnknownElementImpl.dispatchEvent (node_modules/jsdom/lib/jsdom/living/events/EventTarget-impl.js:104:17)
      at HTMLUnknownElement.dispatchEvent (node_modules/jsdom/lib/jsdom/living/generated/EventTarget.js:241:34)
      at Object.invokeGuardedCallbackDev (node_modules/react-dom/cjs/react-dom.development.js:4213:16)
      at invokeGuardedCallback (node_modules/react-dom/cjs/react-dom.development.js:4277:31)
      at invokeGuardedCallbackAndCatchFirstError (node_modules/react-dom/cjs/react-dom.development.js:4291:25)
      at executeDispatch (node_modules/react-dom/cjs/react-dom.development.js:9041:3)
      at processDispatchQueueItemsInOrder (node_modules/react-dom/cjs/react-dom.development.js:9073:7)
      at processDispatchQueue (node_modules/react-dom/cjs/react-dom.development.js:9086:5)
      at dispatchEventsForPlugins (node_modules/react-dom/cjs/react-dom.development.js:9097:3)
      at node_modules/react-dom/cjs/react-dom.development.js:9288:12
      at batchedUpdates$1 (node_modules/react-dom/cjs/react-dom.development.js:26179:12)
      at batchedUpdates (node_modules/react-dom/cjs/react-dom.development.js:3991:12)
      at dispatchEventForPluginEventSystem (node_modules/react-dom/cjs/react-dom.development.js:9287:3)
      at dispatchEventWithEnableCapturePhaseSelectiveHydrationWithoutDiscreteEventReplay 
(node_modules/react-dom/cjs/react-dom.development.js:6465:5)
      at dispatchEvent (node_modules/react-dom/cjs/react-dom.development.js:6457:5)
      at dispatchDiscreteEvent (node_modules/react-dom/cjs/react-dom.development.js:6430:5)
      at HTMLDivElement.callTheUserObjectsOperation 
(node_modules/jsdom/lib/jsdom/living/generated/EventListener.js:26:30)
      at innerInvokeEventListeners (node_modules/jsdom/lib/jsdom/living/events/EventTarget-impl.js:350:25)
      at invokeEventListeners (node_modules/jsdom/lib/jsdom/living/events/EventTarget-impl.js:286:3)
      at HTMLButtonElementImpl._dispatch (node_modules/jsdom/lib/jsdom/living/events/EventTarget-impl.js:233:9)
      at HTMLButtonElementImpl.dispatchEvent (node_modules/jsdom/lib/jsdom/living/events/EventTarget-impl.js:104:17)
      at HTMLButtonElement.dispatchEvent (node_modules/jsdom/lib/jsdom/living/generated/EventTarget.js:241:34)
      at node_modules/@testing-library/user-event/dist/cjs/event/dispatchEvent.js:45:43
      at Object.eventWrapper (node_modules/@testing-library/dom/dist/config.js:25:23)
      at Object.wrapEvent (node_modules/@testing-library/user-event/dist/cjs/event/wrapEvent.js:6:28)
      at Object.dispatchEvent (node_modules/@testing-library/user-event/dist/cjs/event/dispatchEvent.js:45:22)
      at Object.dispatchUIEvent (node_modules/@testing-library/user-event/dist/cjs/event/dispatchEvent.js:22:26)
      at Mouse.up (node_modules/@testing-library/user-event/dist/cjs/system/pointer/mouse.js:100:30)
      at PointerHost.release (node_modules/@testing-library/user-event/dist/cjs/system/pointer/index.js:87:24)
      at pointerAction (node_modules/@testing-library/user-event/dist/cjs/pointer/index.js:54:47)
      at Object.pointer (node_modules/@testing-library/user-event/dist/cjs/pointer/index.js:27:9)
      at Object.<anonymous> (src/client/components/__tests__/PlatformAdmin.test.tsx:208:5)

    console.error
      Warning: An update to PlatformAdmin inside a test was not wrapped in act(...).
      
      When testing, code that causes React state updates should be wrapped into act(...):
      
      act(() => {
        /* fire events that update state */
      });
      /* assert on the output */
      
      This ensures that you're testing the behavior the user would see in the browser. Learn more at 
https://reactjs.org/link/wrap-tests-with-act
          at PlatformAdmin (C:\Users\ryamiller\ASM\ai-poc\AI-Pilot\src\client\components\PlatformAdmin.tsx:141:3)

      211 |     setAssignmentSavedProject(null);
      212 |     await setAssignments.mutateAsync({ project, userIds, pendingEmails });
    > 213 |     setAssignmentSavedProject(project);
          |     ^
      214 |   }, [setAssignments]);
      215 |
      216 |   const handleSaveMenuConfig = useCallback(async (project: string, enabledViews: MenuItemKey[]) => {

      at printWarning (node_modules/react-dom/cjs/react-dom.development.js:86:30)
      at error (node_modules/react-dom/cjs/react-dom.development.js:60:7)
      at warnIfUpdatesNotWrappedWithActDEV (node_modules/react-dom/cjs/react-dom.development.js:27628:9)
      at scheduleUpdateOnFiber (node_modules/react-dom/cjs/react-dom.development.js:25547:5)
      at dispatchSetState (node_modules/react-dom/cjs/react-dom.development.js:16708:7)
      at src/client/components/PlatformAdmin.tsx:213:5
      at handleSubmitAssignments (src/client/components/PlatformAdmin.tsx:605:5)

    console.error
      Warning: An update to AssignmentCard inside a test was not wrapped in act(...).
      
      When testing, code that causes React state updates should be wrapped into act(...):
      
      act(() => {
        /* fire events that update state */
      });
      /* assert on the output */
      
      This ensures that you're testing the behavior the user would see in the browser. Learn more at 
https://reactjs.org/link/wrap-tests-with-act
          at AssignmentCard (C:\Users\ryamiller\ASM\ai-poc\AI-Pilot\src\client\components\PlatformAdmin.tsx:479:3)
          at div
          at section
          at div
          at main
          at div
          at PlatformAdmin (C:\Users\ryamiller\ASM\ai-poc\AI-Pilot\src\client\components\PlatformAdmin.tsx:141:3)

      604 |     const pendingEmails = importedPendingEmails.length > 0 ? importedPendingEmails : undefined;
      605 |     await onSave(group.project, selectedUserIds, pendingEmails);
    > 606 |     setImportedPendingEmails([]);
          |     ^
      607 |     setImportMessage(null);
      608 |   };
      609 |

      at printWarning (node_modules/react-dom/cjs/react-dom.development.js:86:30)
      at error (node_modules/react-dom/cjs/react-dom.development.js:60:7)
      at warnIfUpdatesNotWrappedWithActDEV (node_modules/react-dom/cjs/react-dom.development.js:27628:9)
      at scheduleUpdateOnFiber (node_modules/react-dom/cjs/react-dom.development.js:25547:5)
      at dispatchSetState (node_modules/react-dom/cjs/react-dom.development.js:16708:7)
      at handleSubmitAssignments (src/client/components/PlatformAdmin.tsx:606:5)

    console.error
      Warning: An update to AssignmentCard inside a test was not wrapped in act(...).
      
      When testing, code that causes React state updates should be wrapped into act(...):
      
      act(() => {
        /* fire events that update state */
      });
      /* assert on the output */
      
      This ensures that you're testing the behavior the user would see in the browser. Learn more at 
https://reactjs.org/link/wrap-tests-with-act
          at AssignmentCard (C:\Users\ryamiller\ASM\ai-poc\AI-Pilot\src\client\components\PlatformAdmin.tsx:479:3)
          at div
          at section
          at div
          at main
          at div
          at PlatformAdmin (C:\Users\ryamiller\ASM\ai-poc\AI-Pilot\src\client\components\PlatformAdmin.tsx:141:3)

      605 |     await onSave(group.project, selectedUserIds, pendingEmails);
      606 |     setImportedPendingEmails([]);
    > 607 |     setImportMessage(null);
          |     ^
      608 |   };
      609 |
      610 |   const pending = isSaving || removePendingAssignment.isPending;

      at printWarning (node_modules/react-dom/cjs/react-dom.development.js:86:30)
      at error (node_modules/react-dom/cjs/react-dom.development.js:60:7)
      at warnIfUpdatesNotWrappedWithActDEV (node_modules/react-dom/cjs/react-dom.development.js:27628:9)
      at scheduleUpdateOnFiber (node_modules/react-dom/cjs/react-dom.development.js:25547:5)
      at dispatchSetState (node_modules/react-dom/cjs/react-dom.development.js:16708:7)
      at handleSubmitAssignments (src/client/components/PlatformAdmin.tsx:607:5)

    console.error
      Warning: An update to PlatformAdmin inside a test was not wrapped in act(...).
      
      When testing, code that causes React state updates should be wrapped into act(...):
      
      act(() => {
        /* fire events that update state */
      });
      /* assert on the output */
      
      This ensures that you're testing the behavior the user would see in the browser. Learn more at 
https://reactjs.org/link/wrap-tests-with-act
          at PlatformAdmin (C:\Users\ryamiller\ASM\ai-poc\AI-Pilot\src\client\components\PlatformAdmin.tsx:141:3)

      211 |     setAssignmentSavedProject(null);
      212 |     await setAssignments.mutateAsync({ project, userIds, pendingEmails });
    > 213 |     setAssignmentSavedProject(project);
          |     ^
      214 |   }, [setAssignments]);
      215 |
      216 |   const handleSaveMenuConfig = useCallback(async (project: string, enabledViews: MenuItemKey[]) => {

      at printWarning (node_modules/react-dom/cjs/react-dom.development.js:86:30)
      at error (node_modules/react-dom/cjs/react-dom.development.js:60:7)
      at warnIfUpdatesNotWrappedWithActDEV (node_modules/react-dom/cjs/react-dom.development.js:27628:9)
      at scheduleUpdateOnFiber (node_modules/react-dom/cjs/react-dom.development.js:25547:5)
      at dispatchSetState (node_modules/react-dom/cjs/react-dom.development.js:16708:7)
      at src/client/components/PlatformAdmin.tsx:213:5
      at handleSubmitAssignments (src/client/components/PlatformAdmin.tsx:605:5)

    console.error
      Warning: An update to AssignmentCard inside a test was not wrapped in act(...).
      
      When testing, code that causes React state updates should be wrapped into act(...):
      
      act(() => {
        /* fire events that update state */
      });
      /* assert on the output */
      
      This ensures that you're testing the behavior the user would see in the browser. Learn more at 
https://reactjs.org/link/wrap-tests-with-act
          at AssignmentCard (C:\Users\ryamiller\ASM\ai-poc\AI-Pilot\src\client\components\PlatformAdmin.tsx:479:3)
          at div
          at section
          at div
          at main
          at div
          at PlatformAdmin (C:\Users\ryamiller\ASM\ai-poc\AI-Pilot\src\client\components\PlatformAdmin.tsx:141:3)

      604 |     const pendingEmails = importedPendingEmails.length > 0 ? importedPendingEmails : undefined;
      605 |     await onSave(group.project, selectedUserIds, pendingEmails);
    > 606 |     setImportedPendingEmails([]);
          |     ^
      607 |     setImportMessage(null);
      608 |   };
      609 |

      at printWarning (node_modules/react-dom/cjs/react-dom.development.js:86:30)
      at error (node_modules/react-dom/cjs/react-dom.development.js:60:7)
      at warnIfUpdatesNotWrappedWithActDEV (node_modules/react-dom/cjs/react-dom.development.js:27628:9)
      at scheduleUpdateOnFiber (node_modules/react-dom/cjs/react-dom.development.js:25547:5)
      at dispatchSetState (node_modules/react-dom/cjs/react-dom.development.js:16708:7)
      at handleSubmitAssignments (src/client/components/PlatformAdmin.tsx:606:5)

    console.error
      Warning: An update to AssignmentCard inside a test was not wrapped in act(...).
      
      When testing, code that causes React state updates should be wrapped into act(...):
      
      act(() => {
        /* fire events that update state */
      });
      /* assert on the output */
      
      This ensures that you're testing the behavior the user would see in the browser. Learn more at 
https://reactjs.org/link/wrap-tests-with-act
          at AssignmentCard (C:\Users\ryamiller\ASM\ai-poc\AI-Pilot\src\client\components\PlatformAdmin.tsx:479:3)
          at div
          at section
          at div
          at main
          at div
          at PlatformAdmin (C:\Users\ryamiller\ASM\ai-poc\AI-Pilot\src\client\components\PlatformAdmin.tsx:141:3)

      605 |     await onSave(group.project, selectedUserIds, pendingEmails);
      606 |     setImportedPendingEmails([]);
    > 607 |     setImportMessage(null);
          |     ^
      608 |   };
      609 |
      610 |   const pending = isSaving || removePendingAssignment.isPending;

      at printWarning (node_modules/react-dom/cjs/react-dom.development.js:86:30)
      at error (node_modules/react-dom/cjs/react-dom.development.js:60:7)
      at warnIfUpdatesNotWrappedWithActDEV (node_modules/react-dom/cjs/react-dom.development.js:27628:9)
      at scheduleUpdateOnFiber (node_modules/react-dom/cjs/react-dom.development.js:25547:5)
      at dispatchSetState (node_modules/react-dom/cjs/react-dom.development.js:16708:7)
      at handleSubmitAssignments (src/client/components/PlatformAdmin.tsx:607:5)

    console.error
      Warning: An update to PlatformAdmin inside a test was not wrapped in act(...).
      
      When testing, code that causes React state updates should be wrapped into act(...):
      
      act(() => {
        /* fire events that update state */
      });
      /* assert on the output */
      
      This ensures that you're testing the behavior the user would see in the browser. Learn more at 
https://reactjs.org/link/wrap-tests-with-act
          at PlatformAdmin (C:\Users\ryamiller\ASM\ai-poc\AI-Pilot\src\client\components\PlatformAdmin.tsx:141:3)

      302 |               aria-controls="platform-admin-panel-menu"
      303 |               className={`${styles.tabButton} ${activeTab === 'menu' ? styles.tabButtonActive : ''}`}
    > 304 |               onClick={() => setActiveTab('menu')}
          |                              ^
      305 |             >
      306 |               Menu Visibility
      307 |             </button>

      at printWarning (node_modules/react-dom/cjs/react-dom.development.js:86:30)
      at error (node_modules/react-dom/cjs/react-dom.development.js:60:7)
      at warnIfUpdatesNotWrappedWithActDEV (node_modules/react-dom/cjs/react-dom.development.js:27628:9)
      at scheduleUpdateOnFiber (node_modules/react-dom/cjs/react-dom.development.js:25547:5)
      at dispatchSetState (node_modules/react-dom/cjs/react-dom.development.js:16708:7)
      at onClick (src/client/components/PlatformAdmin.tsx:304:30)
      at HTMLUnknownElement.callCallback (node_modules/react-dom/cjs/react-dom.development.js:4164:14)
      at HTMLUnknownElement.callTheUserObjectsOperation 
(node_modules/jsdom/lib/jsdom/living/generated/EventListener.js:26:30)
      at innerInvokeEventListeners (node_modules/jsdom/lib/jsdom/living/events/EventTarget-impl.js:350:25)
      at invokeEventListeners (node_modules/jsdom/lib/jsdom/living/events/EventTarget-impl.js:286:3)
      at HTMLUnknownElementImpl._dispatch (node_modules/jsdom/lib/jsdom/living/events/EventTarget-impl.js:233:9)
      at HTMLUnknownElementImpl.dispatchEvent (node_modules/jsdom/lib/jsdom/living/events/EventTarget-impl.js:104:17)
      at HTMLUnknownElement.dispatchEvent (node_modules/jsdom/lib/jsdom/living/generated/EventTarget.js:241:34)
      at Object.invokeGuardedCallbackDev (node_modules/react-dom/cjs/react-dom.development.js:4213:16)
      at invokeGuardedCallback (node_modules/react-dom/cjs/react-dom.development.js:4277:31)
      at invokeGuardedCallbackAndCatchFirstError (node_modules/react-dom/cjs/react-dom.development.js:4291:25)
      at executeDispatch (node_modules/react-dom/cjs/react-dom.development.js:9041:3)
      at processDispatchQueueItemsInOrder (node_modules/react-dom/cjs/react-dom.development.js:9073:7)
      at processDispatchQueue (node_modules/react-dom/cjs/react-dom.development.js:9086:5)
      at dispatchEventsForPlugins (node_modules/react-dom/cjs/react-dom.development.js:9097:3)
      at node_modules/react-dom/cjs/react-dom.development.js:9288:12
      at batchedUpdates$1 (node_modules/react-dom/cjs/react-dom.development.js:26179:12)
      at batchedUpdates (node_modules/react-dom/cjs/react-dom.development.js:3991:12)
      at dispatchEventForPluginEventSystem (node_modules/react-dom/cjs/react-dom.development.js:9287:3)
      at dispatchEventWithEnableCapturePhaseSelectiveHydrationWithoutDiscreteEventReplay 
(node_modules/react-dom/cjs/react-dom.development.js:6465:5)
      at dispatchEvent (node_modules/react-dom/cjs/react-dom.development.js:6457:5)
      at dispatchDiscreteEvent (node_modules/react-dom/cjs/react-dom.development.js:6430:5)
      at HTMLDivElement.callTheUserObjectsOperation 
(node_modules/jsdom/lib/jsdom/living/generated/EventListener.js:26:30)
      at innerInvokeEventListeners (node_modules/jsdom/lib/jsdom/living/events/EventTarget-impl.js:350:25)
      at invokeEventListeners (node_modules/jsdom/lib/jsdom/living/events/EventTarget-impl.js:286:3)
      at HTMLButtonElementImpl._dispatch (node_modules/jsdom/lib/jsdom/living/events/EventTarget-impl.js:233:9)
      at HTMLButtonElementImpl.dispatchEvent (node_modules/jsdom/lib/jsdom/living/events/EventTarget-impl.js:104:17)
      at HTMLButtonElement.dispatchEvent (node_modules/jsdom/lib/jsdom/living/generated/EventTarget.js:241:34)
      at node_modules/@testing-library/user-event/dist/cjs/event/dispatchEvent.js:45:43
      at Object.eventWrapper (node_modules/@testing-library/dom/dist/config.js:25:23)
      at Object.wrapEvent (node_modules/@testing-library/user-event/dist/cjs/event/wrapEvent.js:6:28)
      at Object.dispatchEvent (node_modules/@testing-library/user-event/dist/cjs/event/dispatchEvent.js:45:22)
      at Object.dispatchUIEvent (node_modules/@testing-library/user-event/dist/cjs/event/dispatchEvent.js:22:26)
      at Mouse.up (node_modules/@testing-library/user-event/dist/cjs/system/pointer/mouse.js:100:30)
      at PointerHost.release (node_modules/@testing-library/user-event/dist/cjs/system/pointer/index.js:87:24)
      at pointerAction (node_modules/@testing-library/user-event/dist/cjs/pointer/index.js:54:47)
      at Object.pointer (node_modules/@testing-library/user-event/dist/cjs/pointer/index.js:27:9)
      at Object.<anonymous> (src/client/components/__tests__/PlatformAdmin.test.tsx:275:5)

    console.error
      Warning: An update to MenuVisibilitySection inside a test was not wrapped in act(...).
      
      When testing, code that causes React state updates should be wrapped into act(...):
      
      act(() => {
        /* fire events that update state */
      });
      /* assert on the output */
      
      This ensures that you're testing the behavior the user would see in the browser. Learn more at 
https://reactjs.org/link/wrap-tests-with-act
          at MenuVisibilitySection 
(C:\Users\ryamiller\ASM\ai-poc\AI-Pilot\src\client\components\PlatformAdmin.tsx:787:3)
          at div
          at main
          at div
          at PlatformAdmin (C:\Users\ryamiller\ASM\ai-poc\AI-Pilot\src\client\components\PlatformAdmin.tsx:141:3)

      at printWarning (node_modules/react-dom/cjs/react-dom.development.js:86:30)
      at error (node_modules/react-dom/cjs/react-dom.development.js:60:7)
      at warnIfUpdatesNotWrappedWithActDEV (node_modules/react-dom/cjs/react-dom.development.js:27628:9)
      at scheduleUpdateOnFiber (node_modules/react-dom/cjs/react-dom.development.js:25547:5)
      at dispatchSetState (node_modules/react-dom/cjs/react-dom.development.js:16708:7)
      at control (node_modules/react-hook-form/src/useForm.ts:117:6)
      at commitHookEffectListMount (node_modules/react-dom/cjs/react-dom.development.js:23189:26)
      at commitLayoutEffectOnFiber (node_modules/react-dom/cjs/react-dom.development.js:23312:15)
      at commitLayoutMountEffects_complete (node_modules/react-dom/cjs/react-dom.development.js:24727:9)
      at commitLayoutEffects_begin (node_modules/react-dom/cjs/react-dom.development.js:24713:7)
      at commitLayoutEffects (node_modules/react-dom/cjs/react-dom.development.js:24651:3)
      at commitRootImpl (node_modules/react-dom/cjs/react-dom.development.js:26862:5)
      at commitRoot (node_modules/react-dom/cjs/react-dom.development.js:26721:5)
      at performSyncWorkOnRoot (node_modules/react-dom/cjs/react-dom.development.js:26156:3)
      at flushSyncCallbacks (node_modules/react-dom/cjs/react-dom.development.js:12042:22)
      at node_modules/react-dom/cjs/react-dom.development.js:25690:13
      at invokeTheCallbackFunction (node_modules/jsdom/lib/jsdom/living/generated/Function.js:19:26)
      at node_modules/jsdom/lib/jsdom/browser/Window.js:554:9

    console.error
      Warning: An update to MenuVisibilitySection inside a test was not wrapped in act(...).
      
      When testing, code that causes React state updates should be wrapped into act(...):
      
      act(() => {
        /* fire events that update state */
      });
      /* assert on the output */
      
      This ensures that you're testing the behavior the user would see in the browser. Learn more at 
https://reactjs.org/link/wrap-tests-with-act
          at MenuVisibilitySection 
(C:\Users\ryamiller\ASM\ai-poc\AI-Pilot\src\client\components\PlatformAdmin.tsx:787:3)
          at div
          at main
          at div
          at PlatformAdmin (C:\Users\ryamiller\ASM\ai-poc\AI-Pilot\src\client\components\PlatformAdmin.tsx:141:3)

      807 |
      808 |   useEffect(() => {
    > 809 |     reset({ enabledViews });
          |     ^
      810 |   }, [enabledViews, reset, selectedProject]);
      811 |
      812 |   const onSubmit = async (values: MenuFormValues) => {

      at printWarning (node_modules/react-dom/cjs/react-dom.development.js:86:30)
      at error (node_modules/react-dom/cjs/react-dom.development.js:60:7)
      at warnIfUpdatesNotWrappedWithActDEV (node_modules/react-dom/cjs/react-dom.development.js:27628:9)
      at scheduleUpdateOnFiber (node_modules/react-dom/cjs/react-dom.development.js:25547:5)
      at dispatchSetState (node_modules/react-dom/cjs/react-dom.development.js:16708:7)
      at Object.control [as callback] (node_modules/react-hook-form/src/useForm.ts:113:7)
      at Object.name (node_modules/react-hook-form/src/logic/createFormControl.ts:1088:58)
      at Object.next (node_modules/react-hook-form/src/utils/extractFormValues.ts:3:15)
      at keepDefaultValues (node_modules/react-hook-form/src/logic/createFormControl.ts:1469:32)
      at getFieldState (node_modules/react-hook-form/src/logic/createFormControl.ts:1550:7)
      at src/client/components/PlatformAdmin.tsx:809:5
      at commitHookEffectListMount (node_modules/react-dom/cjs/react-dom.development.js:23189:26)
      at commitPassiveMountOnFiber (node_modules/react-dom/cjs/react-dom.development.js:24970:11)
      at commitPassiveMountEffects_complete (node_modules/react-dom/cjs/react-dom.development.js:24930:9)
      at commitPassiveMountEffects_begin (node_modules/react-dom/cjs/react-dom.development.js:24917:7)
      at commitPassiveMountEffects (node_modules/react-dom/cjs/react-dom.development.js:24905:3)
      at flushPassiveEffectsImpl (node_modules/react-dom/cjs/react-dom.development.js:27078:3)
      at flushPassiveEffects (node_modules/react-dom/cjs/react-dom.development.js:27023:14)
      at commitRootImpl (node_modules/react-dom/cjs/react-dom.development.js:26974:5)
      at commitRoot (node_modules/react-dom/cjs/react-dom.development.js:26721:5)
      at performSyncWorkOnRoot (node_modules/react-dom/cjs/react-dom.development.js:26156:3)
      at flushSyncCallbacks (node_modules/react-dom/cjs/react-dom.development.js:12042:22)
      at node_modules/react-dom/cjs/react-dom.development.js:25690:13
      at invokeTheCallbackFunction (node_modules/jsdom/lib/jsdom/living/generated/Function.js:19:26)
      at node_modules/jsdom/lib/jsdom/browser/Window.js:554:9

    console.error
      Warning: An update to PlatformAdmin inside a test was not wrapped in act(...).
      
      When testing, code that causes React state updates should be wrapped into act(...):
      
      act(() => {
        /* fire events that update state */
      });
      /* assert on the output */
      
      This ensures that you're testing the behavior the user would see in the browser. Learn more at 
https://reactjs.org/link/wrap-tests-with-act
          at PlatformAdmin (C:\Users\ryamiller\ASM\ai-poc\AI-Pilot\src\client\components\PlatformAdmin.tsx:141:3)

      313 |               aria-controls="platform-admin-panel-flags"
      314 |               className={`${styles.tabButton} ${activeTab === 'flags' ? styles.tabButtonActive : ''}`}
    > 315 |               onClick={() => setActiveTab('flags')}
          |                              ^
      316 |             >
      317 |               Feature Flags
      318 |             </button>

      at printWarning (node_modules/react-dom/cjs/react-dom.development.js:86:30)
      at error (node_modules/react-dom/cjs/react-dom.development.js:60:7)
      at warnIfUpdatesNotWrappedWithActDEV (node_modules/react-dom/cjs/react-dom.development.js:27628:9)
      at scheduleUpdateOnFiber (node_modules/react-dom/cjs/react-dom.development.js:25547:5)
      at dispatchSetState (node_modules/react-dom/cjs/react-dom.development.js:16708:7)
      at onClick (src/client/components/PlatformAdmin.tsx:315:30)
      at HTMLUnknownElement.callCallback (node_modules/react-dom/cjs/react-dom.development.js:4164:14)
      at HTMLUnknownElement.callTheUserObjectsOperation 
(node_modules/jsdom/lib/jsdom/living/generated/EventListener.js:26:30)
      at innerInvokeEventListeners (node_modules/jsdom/lib/jsdom/living/events/EventTarget-impl.js:350:25)
      at invokeEventListeners (node_modules/jsdom/lib/jsdom/living/events/EventTarget-impl.js:286:3)
      at HTMLUnknownElementImpl._dispatch (node_modules/jsdom/lib/jsdom/living/events/EventTarget-impl.js:233:9)
      at HTMLUnknownElementImpl.dispatchEvent (node_modules/jsdom/lib/jsdom/living/events/EventTarget-impl.js:104:17)
      at HTMLUnknownElement.dispatchEvent (node_modules/jsdom/lib/jsdom/living/generated/EventTarget.js:241:34)
      at Object.invokeGuardedCallbackDev (node_modules/react-dom/cjs/react-dom.development.js:4213:16)
      at invokeGuardedCallback (node_modules/react-dom/cjs/react-dom.development.js:4277:31)
      at invokeGuardedCallbackAndCatchFirstError (node_modules/react-dom/cjs/react-dom.development.js:4291:25)
      at executeDispatch (node_modules/react-dom/cjs/react-dom.development.js:9041:3)
      at processDispatchQueueItemsInOrder (node_modules/react-dom/cjs/react-dom.development.js:9073:7)
      at processDispatchQueue (node_modules/react-dom/cjs/react-dom.development.js:9086:5)
      at dispatchEventsForPlugins (node_modules/react-dom/cjs/react-dom.development.js:9097:3)
      at node_modules/react-dom/cjs/react-dom.development.js:9288:12
      at batchedUpdates$1 (node_modules/react-dom/cjs/react-dom.development.js:26179:12)
      at batchedUpdates (node_modules/react-dom/cjs/react-dom.development.js:3991:12)
      at dispatchEventForPluginEventSystem (node_modules/react-dom/cjs/react-dom.development.js:9287:3)
      at dispatchEventWithEnableCapturePhaseSelectiveHydrationWithoutDiscreteEventReplay 
(node_modules/react-dom/cjs/react-dom.development.js:6465:5)
      at dispatchEvent (node_modules/react-dom/cjs/react-dom.development.js:6457:5)
      at dispatchDiscreteEvent (node_modules/react-dom/cjs/react-dom.development.js:6430:5)
      at HTMLDivElement.callTheUserObjectsOperation 
(node_modules/jsdom/lib/jsdom/living/generated/EventListener.js:26:30)
      at innerInvokeEventListeners (node_modules/jsdom/lib/jsdom/living/events/EventTarget-impl.js:350:25)
      at invokeEventListeners (node_modules/jsdom/lib/jsdom/living/events/EventTarget-impl.js:286:3)
      at HTMLButtonElementImpl._dispatch (node_modules/jsdom/lib/jsdom/living/events/EventTarget-impl.js:233:9)
      at HTMLButtonElementImpl.dispatchEvent (node_modules/jsdom/lib/jsdom/living/events/EventTarget-impl.js:104:17)
      at HTMLButtonElement.dispatchEvent (node_modules/jsdom/lib/jsdom/living/generated/EventTarget.js:241:34)
      at node_modules/@testing-library/user-event/dist/cjs/event/dispatchEvent.js:45:43
      at Object.eventWrapper (node_modules/@testing-library/dom/dist/config.js:25:23)
      at Object.wrapEvent (node_modules/@testing-library/user-event/dist/cjs/event/wrapEvent.js:6:28)
      at Object.dispatchEvent (node_modules/@testing-library/user-event/dist/cjs/event/dispatchEvent.js:45:22)
      at Object.dispatchUIEvent (node_modules/@testing-library/user-event/dist/cjs/event/dispatchEvent.js:22:26)
      at Mouse.up (node_modules/@testing-library/user-event/dist/cjs/system/pointer/mouse.js:100:30)
      at PointerHost.release (node_modules/@testing-library/user-event/dist/cjs/system/pointer/index.js:87:24)
      at pointerAction (node_modules/@testing-library/user-event/dist/cjs/pointer/index.js:54:47)
      at Object.pointer (node_modules/@testing-library/user-event/dist/cjs/pointer/index.js:27:9)
      at Object.<anonymous> (src/client/components/__tests__/PlatformAdmin.test.tsx:361:5)

    console.error
      Warning: An update to FeatureFlagsSection inside a test was not wrapped in act(...).
      
      When testing, code that causes React state updates should be wrapped into act(...):
      
      act(() => {
        /* fire events that update state */
      });
      /* assert on the output */
      
      This ensures that you're testing the behavior the user would see in the browser. Learn more at 
https://reactjs.org/link/wrap-tests-with-act
          at FeatureFlagsSection 
(C:\Users\ryamiller\ASM\ai-poc\AI-Pilot\src\client\components\PlatformAdmin.tsx:1018:55)
          at div
          at main
          at div
          at PlatformAdmin (C:\Users\ryamiller\ASM\ai-poc\AI-Pilot\src\client\components\PlatformAdmin.tsx:141:3)

      at printWarning (node_modules/react-dom/cjs/react-dom.development.js:86:30)
      at error (node_modules/react-dom/cjs/react-dom.development.js:60:7)
      at warnIfUpdatesNotWrappedWithActDEV (node_modules/react-dom/cjs/react-dom.development.js:27628:9)
      at scheduleUpdateOnFiber (node_modules/react-dom/cjs/react-dom.development.js:25547:5)
      at dispatchSetState (node_modules/react-dom/cjs/react-dom.development.js:16708:7)
      at control (node_modules/react-hook-form/src/useForm.ts:117:6)
      at commitHookEffectListMount (node_modules/react-dom/cjs/react-dom.development.js:23189:26)
      at commitLayoutEffectOnFiber (node_modules/react-dom/cjs/react-dom.development.js:23312:15)
      at commitLayoutMountEffects_complete (node_modules/react-dom/cjs/react-dom.development.js:24727:9)
      at commitLayoutEffects_begin (node_modules/react-dom/cjs/react-dom.development.js:24713:7)
      at commitLayoutEffects (node_modules/react-dom/cjs/react-dom.development.js:24651:3)
      at commitRootImpl (node_modules/react-dom/cjs/react-dom.development.js:26862:5)
      at commitRoot (node_modules/react-dom/cjs/react-dom.development.js:26721:5)
      at performSyncWorkOnRoot (node_modules/react-dom/cjs/react-dom.development.js:26156:3)
      at flushSyncCallbacks (node_modules/react-dom/cjs/react-dom.development.js:12042:22)
      at node_modules/react-dom/cjs/react-dom.development.js:25690:13
      at invokeTheCallbackFunction (node_modules/jsdom/lib/jsdom/living/generated/Function.js:19:26)
      at node_modules/jsdom/lib/jsdom/browser/Window.js:554:9

    console.error
      Warning: An update to FlagCard inside a test was not wrapped in act(...).
      
      When testing, code that causes React state updates should be wrapped into act(...):
      
      act(() => {
        /* fire events that update state */
      });
      /* assert on the output */
      
      This ensures that you're testing the behavior the user would see in the browser. Learn more at 
https://reactjs.org/link/wrap-tests-with-act
          at FlagCard (C:\Users\ryamiller\ASM\ai-poc\AI-Pilot\src\client\components\PlatformAdmin.tsx:1186:3)
          at div
          at section
          at FeatureFlagsSection 
(C:\Users\ryamiller\ASM\ai-poc\AI-Pilot\src\client\components\PlatformAdmin.tsx:1018:55)
          at div
          at main
          at div
          at PlatformAdmin (C:\Users\ryamiller\ASM\ai-poc\AI-Pilot\src\client\components\PlatformAdmin.tsx:141:3)

      1219 |
      1220 |   useEffect(() => {
    > 1221 |     setSelectedTargets([]);
           |     ^
      1222 |   }, [ruleType]);
      1223 |
      1224 |   const targetOptions = useMemo<TypeaheadOption[]>(() => {

      at printWarning (node_modules/react-dom/cjs/react-dom.development.js:86:30)
      at error (node_modules/react-dom/cjs/react-dom.development.js:60:7)
      at warnIfUpdatesNotWrappedWithActDEV (node_modules/react-dom/cjs/react-dom.development.js:27628:9)
      at scheduleUpdateOnFiber (node_modules/react-dom/cjs/react-dom.development.js:25547:5)
      at dispatchSetState (node_modules/react-dom/cjs/react-dom.development.js:16708:7)
      at src/client/components/PlatformAdmin.tsx:1221:5
      at commitHookEffectListMount (node_modules/react-dom/cjs/react-dom.development.js:23189:26)
      at commitPassiveMountOnFiber (node_modules/react-dom/cjs/react-dom.development.js:24970:11)
      at commitPassiveMountEffects_complete (node_modules/react-dom/cjs/react-dom.development.js:24930:9)
      at commitPassiveMountEffects_begin (node_modules/react-dom/cjs/react-dom.development.js:24917:7)
      at commitPassiveMountEffects (node_modules/react-dom/cjs/react-dom.development.js:24905:3)
      at flushPassiveEffectsImpl (node_modules/react-dom/cjs/react-dom.development.js:27078:3)
      at flushPassiveEffects (node_modules/react-dom/cjs/react-dom.development.js:27023:14)
      at commitRootImpl (node_modules/react-dom/cjs/react-dom.development.js:26974:5)
      at commitRoot (node_modules/react-dom/cjs/react-dom.development.js:26721:5)
      at performSyncWorkOnRoot (node_modules/react-dom/cjs/react-dom.development.js:26156:3)
      at flushSyncCallbacks (node_modules/react-dom/cjs/react-dom.development.js:12042:22)
      at node_modules/react-dom/cjs/react-dom.development.js:25690:13
      at invokeTheCallbackFunction (node_modules/jsdom/lib/jsdom/living/generated/Function.js:19:26)
      at node_modules/jsdom/lib/jsdom/browser/Window.js:554:9

    console.error
      Warning: An update to PlatformAdmin inside a test was not wrapped in act(...).
      
      When testing, code that causes React state updates should be wrapped into act(...):
      
      act(() => {
        /* fire events that update state */
      });
      /* assert on the output */
      
      This ensures that you're testing the behavior the user would see in the browser. Learn more at 
https://reactjs.org/link/wrap-tests-with-act
          at PlatformAdmin (C:\Users\ryamiller\ASM\ai-poc\AI-Pilot\src\client\components\PlatformAdmin.tsx:141:3)

      313 |               aria-controls="platform-admin-panel-flags"
      314 |               className={`${styles.tabButton} ${activeTab === 'flags' ? styles.tabButtonActive : ''}`}
    > 315 |               onClick={() => setActiveTab('flags')}
          |                              ^
      316 |             >
      317 |               Feature Flags
      318 |             </button>

      at printWarning (node_modules/react-dom/cjs/react-dom.development.js:86:30)
      at error (node_modules/react-dom/cjs/react-dom.development.js:60:7)
      at warnIfUpdatesNotWrappedWithActDEV (node_modules/react-dom/cjs/react-dom.development.js:27628:9)
      at scheduleUpdateOnFiber (node_modules/react-dom/cjs/react-dom.development.js:25547:5)
      at dispatchSetState (node_modules/react-dom/cjs/react-dom.development.js:16708:7)
      at onClick (src/client/components/PlatformAdmin.tsx:315:30)
      at HTMLUnknownElement.callCallback (node_modules/react-dom/cjs/react-dom.development.js:4164:14)
      at HTMLUnknownElement.callTheUserObjectsOperation 
(node_modules/jsdom/lib/jsdom/living/generated/EventListener.js:26:30)
      at innerInvokeEventListeners (node_modules/jsdom/lib/jsdom/living/events/EventTarget-impl.js:350:25)
      at invokeEventListeners (node_modules/jsdom/lib/jsdom/living/events/EventTarget-impl.js:286:3)
      at HTMLUnknownElementImpl._dispatch (node_modules/jsdom/lib/jsdom/living/events/EventTarget-impl.js:233:9)
      at HTMLUnknownElementImpl.dispatchEvent (node_modules/jsdom/lib/jsdom/living/events/EventTarget-impl.js:104:17)
      at HTMLUnknownElement.dispatchEvent (node_modules/jsdom/lib/jsdom/living/generated/EventTarget.js:241:34)
      at Object.invokeGuardedCallbackDev (node_modules/react-dom/cjs/react-dom.development.js:4213:16)
      at invokeGuardedCallback (node_modules/react-dom/cjs/react-dom.development.js:4277:31)
      at invokeGuardedCallbackAndCatchFirstError (node_modules/react-dom/cjs/react-dom.development.js:4291:25)
      at executeDispatch (node_modules/react-dom/cjs/react-dom.development.js:9041:3)
      at processDispatchQueueItemsInOrder (node_modules/react-dom/cjs/react-dom.development.js:9073:7)
      at processDispatchQueue (node_modules/react-dom/cjs/react-dom.development.js:9086:5)
      at dispatchEventsForPlugins (node_modules/react-dom/cjs/react-dom.development.js:9097:3)
      at node_modules/react-dom/cjs/react-dom.development.js:9288:12
      at batchedUpdates$1 (node_modules/react-dom/cjs/react-dom.development.js:26179:12)
      at batchedUpdates (node_modules/react-dom/cjs/react-dom.development.js:3991:12)
      at dispatchEventForPluginEventSystem (node_modules/react-dom/cjs/react-dom.development.js:9287:3)
      at dispatchEventWithEnableCapturePhaseSelectiveHydrationWithoutDiscreteEventReplay 
(node_modules/react-dom/cjs/react-dom.development.js:6465:5)
      at dispatchEvent (node_modules/react-dom/cjs/react-dom.development.js:6457:5)
      at dispatchDiscreteEvent (node_modules/react-dom/cjs/react-dom.development.js:6430:5)
      at HTMLDivElement.callTheUserObjectsOperation 
(node_modules/jsdom/lib/jsdom/living/generated/EventListener.js:26:30)
      at innerInvokeEventListeners (node_modules/jsdom/lib/jsdom/living/events/EventTarget-impl.js:350:25)
      at invokeEventListeners (node_modules/jsdom/lib/jsdom/living/events/EventTarget-impl.js:286:3)
      at HTMLButtonElementImpl._dispatch (node_modules/jsdom/lib/jsdom/living/events/EventTarget-impl.js:233:9)
      at HTMLButtonElementImpl.dispatchEvent (node_modules/jsdom/lib/jsdom/living/events/EventTarget-impl.js:104:17)
      at HTMLButtonElement.dispatchEvent (node_modules/jsdom/lib/jsdom/living/generated/EventTarget.js:241:34)
      at node_modules/@testing-library/user-event/dist/cjs/event/dispatchEvent.js:45:43
      at Object.eventWrapper (node_modules/@testing-library/dom/dist/config.js:25:23)
      at Object.wrapEvent (node_modules/@testing-library/user-event/dist/cjs/event/wrapEvent.js:6:28)
      at Object.dispatchEvent (node_modules/@testing-library/user-event/dist/cjs/event/dispatchEvent.js:45:22)
      at Object.dispatchUIEvent (node_modules/@testing-library/user-event/dist/cjs/event/dispatchEvent.js:22:26)
      at Mouse.up (node_modules/@testing-library/user-event/dist/cjs/system/pointer/mouse.js:100:30)
      at PointerHost.release (node_modules/@testing-library/user-event/dist/cjs/system/pointer/index.js:87:24)
      at pointerAction (node_modules/@testing-library/user-event/dist/cjs/pointer/index.js:54:47)
      at Object.pointer (node_modules/@testing-library/user-event/dist/cjs/pointer/index.js:27:9)
      at Object.<anonymous> (src/client/components/__tests__/PlatformAdmin.test.tsx:376:5)

    console.error
      Warning: An update to FeatureFlagsSection inside a test was not wrapped in act(...).
      
      When testing, code that causes React state updates should be wrapped into act(...):
      
      act(() => {
        /* fire events that update state */
      });
      /* assert on the output */
      
      This ensures that you're testing the behavior the user would see in the browser. Learn more at 
https://reactjs.org/link/wrap-tests-with-act
          at FeatureFlagsSection 
(C:\Users\ryamiller\ASM\ai-poc\AI-Pilot\src\client\components\PlatformAdmin.tsx:1018:55)
          at div
          at main
          at div
          at PlatformAdmin (C:\Users\ryamiller\ASM\ai-poc\AI-Pilot\src\client\components\PlatformAdmin.tsx:141:3)

      at printWarning (node_modules/react-dom/cjs/react-dom.development.js:86:30)
      at error (node_modules/react-dom/cjs/react-dom.development.js:60:7)
      at warnIfUpdatesNotWrappedWithActDEV (node_modules/react-dom/cjs/react-dom.development.js:27628:9)
      at scheduleUpdateOnFiber (node_modules/react-dom/cjs/react-dom.development.js:25547:5)
      at dispatchSetState (node_modules/react-dom/cjs/react-dom.development.js:16708:7)
      at control (node_modules/react-hook-form/src/useForm.ts:117:6)
      at commitHookEffectListMount (node_modules/react-dom/cjs/react-dom.development.js:23189:26)
      at commitLayoutEffectOnFiber (node_modules/react-dom/cjs/react-dom.development.js:23312:15)
      at commitLayoutMountEffects_complete (node_modules/react-dom/cjs/react-dom.development.js:24727:9)
      at commitLayoutEffects_begin (node_modules/react-dom/cjs/react-dom.development.js:24713:7)
      at commitLayoutEffects (node_modules/react-dom/cjs/react-dom.development.js:24651:3)
      at commitRootImpl (node_modules/react-dom/cjs/react-dom.development.js:26862:5)
      at commitRoot (node_modules/react-dom/cjs/react-dom.development.js:26721:5)
      at performSyncWorkOnRoot (node_modules/react-dom/cjs/react-dom.development.js:26156:3)
      at flushSyncCallbacks (node_modules/react-dom/cjs/react-dom.development.js:12042:22)
      at node_modules/react-dom/cjs/react-dom.development.js:25690:13
      at invokeTheCallbackFunction (node_modules/jsdom/lib/jsdom/living/generated/Function.js:19:26)
      at node_modules/jsdom/lib/jsdom/browser/Window.js:554:9

    console.error
      Warning: An update to FlagCard inside a test was not wrapped in act(...).
      
      When testing, code that causes React state updates should be wrapped into act(...):
      
      act(() => {
        /* fire events that update state */
      });
      /* assert on the output */
      
      This ensures that you're testing the behavior the user would see in the browser. Learn more at 
https://reactjs.org/link/wrap-tests-with-act
          at FlagCard (C:\Users\ryamiller\ASM\ai-poc\AI-Pilot\src\client\components\PlatformAdmin.tsx:1186:3)
          at div
          at section
          at FeatureFlagsSection 
(C:\Users\ryamiller\ASM\ai-poc\AI-Pilot\src\client\components\PlatformAdmin.tsx:1018:55)
          at div
          at main
          at div
          at PlatformAdmin (C:\Users\ryamiller\ASM\ai-poc\AI-Pilot\src\client\components\PlatformAdmin.tsx:141:3)

      1219 |
      1220 |   useEffect(() => {
    > 1221 |     setSelectedTargets([]);
           |     ^
      1222 |   }, [ruleType]);
      1223 |
      1224 |   const targetOptions = useMemo<TypeaheadOption[]>(() => {

      at printWarning (node_modules/react-dom/cjs/react-dom.development.js:86:30)
      at error (node_modules/react-dom/cjs/react-dom.development.js:60:7)
      at warnIfUpdatesNotWrappedWithActDEV (node_modules/react-dom/cjs/react-dom.development.js:27628:9)
      at scheduleUpdateOnFiber (node_modules/react-dom/cjs/react-dom.development.js:25547:5)
      at dispatchSetState (node_modules/react-dom/cjs/react-dom.development.js:16708:7)
      at src/client/components/PlatformAdmin.tsx:1221:5
      at commitHookEffectListMount (node_modules/react-dom/cjs/react-dom.development.js:23189:26)
      at commitPassiveMountOnFiber (node_modules/react-dom/cjs/react-dom.development.js:24970:11)
      at commitPassiveMountEffects_complete (node_modules/react-dom/cjs/react-dom.development.js:24930:9)
      at commitPassiveMountEffects_begin (node_modules/react-dom/cjs/react-dom.development.js:24917:7)
      at commitPassiveMountEffects (node_modules/react-dom/cjs/react-dom.development.js:24905:3)
      at flushPassiveEffectsImpl (node_modules/react-dom/cjs/react-dom.development.js:27078:3)
      at flushPassiveEffects (node_modules/react-dom/cjs/react-dom.development.js:27023:14)
      at commitRootImpl (node_modules/react-dom/cjs/react-dom.development.js:26974:5)
      at commitRoot (node_modules/react-dom/cjs/react-dom.development.js:26721:5)
      at performSyncWorkOnRoot (node_modules/react-dom/cjs/react-dom.development.js:26156:3)
      at flushSyncCallbacks (node_modules/react-dom/cjs/react-dom.development.js:12042:22)
      at node_modules/react-dom/cjs/react-dom.development.js:25690:13
      at invokeTheCallbackFunction (node_modules/jsdom/lib/jsdom/living/generated/Function.js:19:26)
      at node_modules/jsdom/lib/jsdom/browser/Window.js:554:9

    console.error
      Warning: An update to FeatureFlagsSection inside a test was not wrapped in act(...).
      
      When testing, code that causes React state updates should be wrapped into act(...):
      
      act(() => {
        /* fire events that update state */
      });
      /* assert on the output */
      
      This ensures that you're testing the behavior the user would see in the browser. Learn more at 
https://reactjs.org/link/wrap-tests-with-act
          at FeatureFlagsSection 
(C:\Users\ryamiller\ASM\ai-poc\AI-Pilot\src\client\components\PlatformAdmin.tsx:1018:55)
          at div
          at main
          at div
          at PlatformAdmin (C:\Users\ryamiller\ASM\ai-poc\AI-Pilot\src\client\components\PlatformAdmin.tsx:141:3)

      1136 |               isExpanded={expandedFlagId === flag.id}
      1137 |               showAudit={auditFlagId === flag.id}
    > 1138 |               onToggleExpand={() => setExpandedFlagId(expandedFlagId === flag.id ? null : flag.id)}
           |                                     ^
      1139 |               onToggleAudit={() => setAuditFlagId(auditFlagId === flag.id ? null : flag.id)}
      1140 |               onToggleEnabled={() => handleToggleEnabled(flag)}
      1141 |               onLifecycleChange={(lc) => handleLifecycleChange(flag, lc)}

      at printWarning (node_modules/react-dom/cjs/react-dom.development.js:86:30)
      at error (node_modules/react-dom/cjs/react-dom.development.js:60:7)
      at warnIfUpdatesNotWrappedWithActDEV (node_modules/react-dom/cjs/react-dom.development.js:27628:9)
      at scheduleUpdateOnFiber (node_modules/react-dom/cjs/react-dom.development.js:25547:5)
      at dispatchSetState (node_modules/react-dom/cjs/react-dom.development.js:16708:7)
      at onToggleExpand (src/client/components/PlatformAdmin.tsx:1138:37)
      at HTMLUnknownElement.callCallback (node_modules/react-dom/cjs/react-dom.development.js:4164:14)
      at HTMLUnknownElement.callTheUserObjectsOperation 
(node_modules/jsdom/lib/jsdom/living/generated/EventListener.js:26:30)
      at innerInvokeEventListeners (node_modules/jsdom/lib/jsdom/living/events/EventTarget-impl.js:350:25)
      at invokeEventListeners (node_modules/jsdom/lib/jsdom/living/events/EventTarget-impl.js:286:3)
      at HTMLUnknownElementImpl._dispatch (node_modules/jsdom/lib/jsdom/living/events/EventTarget-impl.js:233:9)
      at HTMLUnknownElementImpl.dispatchEvent (node_modules/jsdom/lib/jsdom/living/events/EventTarget-impl.js:104:17)
      at HTMLUnknownElement.dispatchEvent (node_modules/jsdom/lib/jsdom/living/generated/EventTarget.js:241:34)
      at Object.invokeGuardedCallbackDev (node_modules/react-dom/cjs/react-dom.development.js:4213:16)
      at invokeGuardedCallback (node_modules/react-dom/cjs/react-dom.development.js:4277:31)
      at invokeGuardedCallbackAndCatchFirstError (node_modules/react-dom/cjs/react-dom.development.js:4291:25)
      at executeDispatch (node_modules/react-dom/cjs/react-dom.development.js:9041:3)
      at processDispatchQueueItemsInOrder (node_modules/react-dom/cjs/react-dom.development.js:9073:7)
      at processDispatchQueue (node_modules/react-dom/cjs/react-dom.development.js:9086:5)
      at dispatchEventsForPlugins (node_modules/react-dom/cjs/react-dom.development.js:9097:3)
      at node_modules/react-dom/cjs/react-dom.development.js:9288:12
      at batchedUpdates$1 (node_modules/react-dom/cjs/react-dom.development.js:26179:12)
      at batchedUpdates (node_modules/react-dom/cjs/react-dom.development.js:3991:12)
      at dispatchEventForPluginEventSystem (node_modules/react-dom/cjs/react-dom.development.js:9287:3)
      at dispatchEventWithEnableCapturePhaseSelectiveHydrationWithoutDiscreteEventReplay 
(node_modules/react-dom/cjs/react-dom.development.js:6465:5)
      at dispatchEvent (node_modules/react-dom/cjs/react-dom.development.js:6457:5)
      at dispatchDiscreteEvent (node_modules/react-dom/cjs/react-dom.development.js:6430:5)
      at HTMLDivElement.callTheUserObjectsOperation 
(node_modules/jsdom/lib/jsdom/living/generated/EventListener.js:26:30)
      at innerInvokeEventListeners (node_modules/jsdom/lib/jsdom/living/events/EventTarget-impl.js:350:25)
      at invokeEventListeners (node_modules/jsdom/lib/jsdom/living/events/EventTarget-impl.js:286:3)
      at HTMLButtonElementImpl._dispatch (node_modules/jsdom/lib/jsdom/living/events/EventTarget-impl.js:233:9)
      at HTMLButtonElementImpl.dispatchEvent (node_modules/jsdom/lib/jsdom/living/events/EventTarget-impl.js:104:17)
      at HTMLButtonElement.dispatchEvent (node_modules/jsdom/lib/jsdom/living/generated/EventTarget.js:241:34)
      at node_modules/@testing-library/user-event/dist/cjs/event/dispatchEvent.js:45:43
      at Object.eventWrapper (node_modules/@testing-library/dom/dist/config.js:25:23)
      at Object.wrapEvent (node_modules/@testing-library/user-event/dist/cjs/event/wrapEvent.js:6:28)
      at Object.dispatchEvent (node_modules/@testing-library/user-event/dist/cjs/event/dispatchEvent.js:45:22)
      at Object.dispatchUIEvent (node_modules/@testing-library/user-event/dist/cjs/event/dispatchEvent.js:22:26)
      at Mouse.up (node_modules/@testing-library/user-event/dist/cjs/system/pointer/mouse.js:100:30)
      at PointerHost.release (node_modules/@testing-library/user-event/dist/cjs/system/pointer/index.js:87:24)
      at pointerAction (node_modules/@testing-library/user-event/dist/cjs/pointer/index.js:54:47)
      at Object.pointer (node_modules/@testing-library/user-event/dist/cjs/pointer/index.js:27:9)
      at Object.<anonymous> (src/client/components/__tests__/PlatformAdmin.test.tsx:377:5)

    console.error
      Warning: An update to TypeaheadMultiSelect inside a test was not wrapped in act(...).
      
      When testing, code that causes React state updates should be wrapped into act(...):
      
      act(() => {
        /* fire events that update state */
      });
      /* assert on the output */
      
      This ensures that you're testing the behavior the user would see in the browser. Learn more at 
https://reactjs.org/link/wrap-tests-with-act
          at TypeaheadMultiSelect 
(C:\Users\ryamiller\ASM\ai-poc\AI-Pilot\src\client\components\PlatformAdmin.tsx:907:3)
          at div
          at div
          at article
          at FlagCard (C:\Users\ryamiller\ASM\ai-poc\AI-Pilot\src\client\components\PlatformAdmin.tsx:1186:3)
          at div
          at section
          at FeatureFlagsSection 
(C:\Users\ryamiller\ASM\ai-poc\AI-Pilot\src\client\components\PlatformAdmin.tsx:1018:55)
          at div
          at main
          at div
          at PlatformAdmin (C:\Users\ryamiller\ASM\ai-poc\AI-Pilot\src\client\components\PlatformAdmin.tsx:141:3)

      971 |         placeholder={placeholder}
      972 |         disabled={disabled || options.length === 0}
    > 973 |         onChange={(event) => setSearchQuery(event.target.value)}
          |                              ^
      974 |         autoComplete="off"
      975 |       />
      976 |       {options.length === 0 ? (

      at printWarning (node_modules/react-dom/cjs/react-dom.development.js:86:30)
      at error (node_modules/react-dom/cjs/react-dom.development.js:60:7)
      at warnIfUpdatesNotWrappedWithActDEV (node_modules/react-dom/cjs/react-dom.development.js:27628:9)
      at scheduleUpdateOnFiber (node_modules/react-dom/cjs/react-dom.development.js:25547:5)
      at dispatchSetState (node_modules/react-dom/cjs/react-dom.development.js:16708:7)
      at onChange (src/client/components/PlatformAdmin.tsx:973:30)
      at HTMLUnknownElement.callCallback (node_modules/react-dom/cjs/react-dom.development.js:4164:14)
      at HTMLUnknownElement.callTheUserObjectsOperation 
(node_modules/jsdom/lib/jsdom/living/generated/EventListener.js:26:30)
      at innerInvokeEventListeners (node_modules/jsdom/lib/jsdom/living/events/EventTarget-impl.js:350:25)
      at invokeEventListeners (node_modules/jsdom/lib/jsdom/living/events/EventTarget-impl.js:286:3)
      at HTMLUnknownElementImpl._dispatch (node_modules/jsdom/lib/jsdom/living/events/EventTarget-impl.js:233:9)
      at HTMLUnknownElementImpl.dispatchEvent (node_modules/jsdom/lib/jsdom/living/events/EventTarget-impl.js:104:17)
      at HTMLUnknownElement.dispatchEvent (node_modules/jsdom/lib/jsdom/living/generated/EventTarget.js:241:34)
      at Object.invokeGuardedCallbackDev (node_modules/react-dom/cjs/react-dom.development.js:4213:16)
      at invokeGuardedCallback (node_modules/react-dom/cjs/react-dom.development.js:4277:31)
      at invokeGuardedCallbackAndCatchFirstError (node_modules/react-dom/cjs/react-dom.development.js:4291:25)
      at executeDispatch (node_modules/react-dom/cjs/react-dom.development.js:9041:3)
      at processDispatchQueueItemsInOrder (node_modules/react-dom/cjs/react-dom.development.js:9073:7)
      at processDispatchQueue (node_modules/react-dom/cjs/react-dom.development.js:9086:5)
      at dispatchEventsForPlugins (node_modules/react-dom/cjs/react-dom.development.js:9097:3)
      at node_modules/react-dom/cjs/react-dom.development.js:9288:12
      at batchedUpdates$1 (node_modules/react-dom/cjs/react-dom.development.js:26179:12)
      at batchedUpdates (node_modules/react-dom/cjs/react-dom.development.js:3991:12)
      at dispatchEventForPluginEventSystem (node_modules/react-dom/cjs/react-dom.development.js:9287:3)
      at dispatchEventWithEnableCapturePhaseSelectiveHydrationWithoutDiscreteEventReplay 
(node_modules/react-dom/cjs/react-dom.development.js:6465:5)
      at dispatchEvent (node_modules/react-dom/cjs/react-dom.development.js:6457:5)
      at dispatchDiscreteEvent (node_modules/react-dom/cjs/react-dom.development.js:6430:5)
      at HTMLDivElement.callTheUserObjectsOperation 
(node_modules/jsdom/lib/jsdom/living/generated/EventListener.js:26:30)
      at innerInvokeEventListeners (node_modules/jsdom/lib/jsdom/living/events/EventTarget-impl.js:350:25)
      at invokeEventListeners (node_modules/jsdom/lib/jsdom/living/events/EventTarget-impl.js:286:3)
      at HTMLInputElementImpl._dispatch (node_modules/jsdom/lib/jsdom/living/events/EventTarget-impl.js:233:9)
      at HTMLInputElementImpl.dispatchEvent (node_modules/jsdom/lib/jsdom/living/events/EventTarget-impl.js:104:17)
      at HTMLInputElement.dispatchEvent (node_modules/jsdom/lib/jsdom/living/generated/EventTarget.js:241:34)
      at node_modules/@testing-library/user-event/dist/cjs/event/dispatchEvent.js:45:43
      at Object.eventWrapper (node_modules/@testing-library/dom/dist/config.js:25:23)
      at Object.wrapEvent (node_modules/@testing-library/user-event/dist/cjs/event/wrapEvent.js:6:28)
      at Object.dispatchEvent (node_modules/@testing-library/user-event/dist/cjs/event/dispatchEvent.js:45:22)
      at Object.dispatchUIEvent (node_modules/@testing-library/user-event/dist/cjs/event/dispatchEvent.js:22:26)
      at commitInput (node_modules/@testing-library/user-event/dist/cjs/event/input.js:145:14)
      at editInputElement (node_modules/@testing-library/user-event/dist/cjs/event/input.js:115:9)
      at Object.input (node_modules/@testing-library/user-event/dist/cjs/event/input.js:37:9)
      at node_modules/@testing-library/user-event/dist/cjs/event/behavior/keypress.js:31:26
      at Object.dispatchEvent (node_modules/@testing-library/user-event/dist/cjs/event/dispatchEvent.js:41:13)
      at Object.dispatchUIEvent (node_modules/@testing-library/user-event/dist/cjs/event/dispatchEvent.js:22:26)
      at KeyboardHost.keydown (node_modules/@testing-library/user-event/dist/cjs/system/keyboard.js:76:22)
      at keyboardAction (node_modules/@testing-library/user-event/dist/cjs/keyboard/index.js:22:35)
      at Object.keyboard (node_modules/@testing-library/user-event/dist/cjs/keyboard/index.js:11:15)
      at Object.type (node_modules/@testing-library/user-event/dist/cjs/utility/type.js:17:5)
      at Object.<anonymous> (src/client/components/__tests__/PlatformAdmin.test.tsx:378:5)

    console.error
      Warning: An update to TypeaheadMultiSelect inside a test was not wrapped in act(...).
      
      When testing, code that causes React state updates should be wrapped into act(...):
      
      act(() => {
        /* fire events that update state */
      });
      /* assert on the output */
      
      This ensures that you're testing the behavior the user would see in the browser. Learn more at 
https://reactjs.org/link/wrap-tests-with-act
          at TypeaheadMultiSelect 
(C:\Users\ryamiller\ASM\ai-poc\AI-Pilot\src\client\components\PlatformAdmin.tsx:907:3)
          at div
          at div
          at article
          at FlagCard (C:\Users\ryamiller\ASM\ai-poc\AI-Pilot\src\client\components\PlatformAdmin.tsx:1186:3)
          at div
          at section
          at FeatureFlagsSection 
(C:\Users\ryamiller\ASM\ai-poc\AI-Pilot\src\client\components\PlatformAdmin.tsx:1018:55)
          at div
          at main
          at div
          at PlatformAdmin (C:\Users\ryamiller\ASM\ai-poc\AI-Pilot\src\client\components\PlatformAdmin.tsx:141:3)

      971 |         placeholder={placeholder}
      972 |         disabled={disabled || options.length === 0}
    > 973 |         onChange={(event) => setSearchQuery(event.target.value)}
          |                              ^
      974 |         autoComplete="off"
      975 |       />
      976 |       {options.length === 0 ? (

      at printWarning (node_modules/react-dom/cjs/react-dom.development.js:86:30)
      at error (node_modules/react-dom/cjs/react-dom.development.js:60:7)
      at warnIfUpdatesNotWrappedWithActDEV (node_modules/react-dom/cjs/react-dom.development.js:27628:9)
      at scheduleUpdateOnFiber (node_modules/react-dom/cjs/react-dom.development.js:25547:5)
      at dispatchSetState (node_modules/react-dom/cjs/react-dom.development.js:16708:7)
      at onChange (src/client/components/PlatformAdmin.tsx:973:30)
      at HTMLUnknownElement.callCallback (node_modules/react-dom/cjs/react-dom.development.js:4164:14)
      at HTMLUnknownElement.callTheUserObjectsOperation 
(node_modules/jsdom/lib/jsdom/living/generated/EventListener.js:26:30)
      at innerInvokeEventListeners (node_modules/jsdom/lib/jsdom/living/events/EventTarget-impl.js:350:25)
      at invokeEventListeners (node_modules/jsdom/lib/jsdom/living/events/EventTarget-impl.js:286:3)
      at HTMLUnknownElementImpl._dispatch (node_modules/jsdom/lib/jsdom/living/events/EventTarget-impl.js:233:9)
      at HTMLUnknownElementImpl.dispatchEvent (node_modules/jsdom/lib/jsdom/living/events/EventTarget-impl.js:104:17)
      at HTMLUnknownElement.dispatchEvent (node_modules/jsdom/lib/jsdom/living/generated/EventTarget.js:241:34)
      at Object.invokeGuardedCallbackDev (node_modules/react-dom/cjs/react-dom.development.js:4213:16)
      at invokeGuardedCallback (node_modules/react-dom/cjs/react-dom.development.js:4277:31)
      at invokeGuardedCallbackAndCatchFirstError (node_modules/react-dom/cjs/react-dom.development.js:4291:25)
      at executeDispatch (node_modules/react-dom/cjs/react-dom.development.js:9041:3)
      at processDispatchQueueItemsInOrder (node_modules/react-dom/cjs/react-dom.development.js:9073:7)
      at processDispatchQueue (node_modules/react-dom/cjs/react-dom.development.js:9086:5)
      at dispatchEventsForPlugins (node_modules/react-dom/cjs/react-dom.development.js:9097:3)
      at node_modules/react-dom/cjs/react-dom.development.js:9288:12
      at batchedUpdates$1 (node_modules/react-dom/cjs/react-dom.development.js:26179:12)
      at batchedUpdates (node_modules/react-dom/cjs/react-dom.development.js:3991:12)
      at dispatchEventForPluginEventSystem (node_modules/react-dom/cjs/react-dom.development.js:9287:3)
      at dispatchEventWithEnableCapturePhaseSelectiveHydrationWithoutDiscreteEventReplay 
(node_modules/react-dom/cjs/react-dom.development.js:6465:5)
      at dispatchEvent (node_modules/react-dom/cjs/react-dom.development.js:6457:5)
      at dispatchDiscreteEvent (node_modules/react-dom/cjs/react-dom.development.js:6430:5)
      at HTMLDivElement.callTheUserObjectsOperation 
(node_modules/jsdom/lib/jsdom/living/generated/EventListener.js:26:30)
      at innerInvokeEventListeners (node_modules/jsdom/lib/jsdom/living/events/EventTarget-impl.js:350:25)
      at invokeEventListeners (node_modules/jsdom/lib/jsdom/living/events/EventTarget-impl.js:286:3)
      at HTMLInputElementImpl._dispatch (node_modules/jsdom/lib/jsdom/living/events/EventTarget-impl.js:233:9)
      at HTMLInputElementImpl.dispatchEvent (node_modules/jsdom/lib/jsdom/living/events/EventTarget-impl.js:104:17)
      at HTMLInputElement.dispatchEvent (node_modules/jsdom/lib/jsdom/living/generated/EventTarget.js:241:34)
      at node_modules/@testing-library/user-event/dist/cjs/event/dispatchEvent.js:45:43
      at Object.eventWrapper (node_modules/@testing-library/dom/dist/config.js:25:23)
      at Object.wrapEvent (node_modules/@testing-library/user-event/dist/cjs/event/wrapEvent.js:6:28)
      at Object.dispatchEvent (node_modules/@testing-library/user-event/dist/cjs/event/dispatchEvent.js:45:22)
      at Object.dispatchUIEvent (node_modules/@testing-library/user-event/dist/cjs/event/dispatchEvent.js:22:26)
      at commitInput (node_modules/@testing-library/user-event/dist/cjs/event/input.js:145:14)
      at editInputElement (node_modules/@testing-library/user-event/dist/cjs/event/input.js:115:9)
      at Object.input (node_modules/@testing-library/user-event/dist/cjs/event/input.js:37:9)
      at node_modules/@testing-library/user-event/dist/cjs/event/behavior/keypress.js:31:26
      at Object.dispatchEvent (node_modules/@testing-library/user-event/dist/cjs/event/dispatchEvent.js:41:13)
      at Object.dispatchUIEvent (node_modules/@testing-library/user-event/dist/cjs/event/dispatchEvent.js:22:26)
      at KeyboardHost.keydown (node_modules/@testing-library/user-event/dist/cjs/system/keyboard.js:76:22)
      at keyboardAction (node_modules/@testing-library/user-event/dist/cjs/keyboard/index.js:22:35)
      at Object.keyboard (node_modules/@testing-library/user-event/dist/cjs/keyboard/index.js:11:15)
      at Object.type (node_modules/@testing-library/user-event/dist/cjs/utility/type.js:17:5)
      at Object.<anonymous> (src/client/components/__tests__/PlatformAdmin.test.tsx:378:5)

    console.error
      Warning: An update to TypeaheadMultiSelect inside a test was not wrapped in act(...).
      
      When testing, code that causes React state updates should be wrapped into act(...):
      
      act(() => {
        /* fire events that update state */
      });
      /* assert on the output */
      
      This ensures that you're testing the behavior the user would see in the browser. Learn more at 
https://reactjs.org/link/wrap-tests-with-act
          at TypeaheadMultiSelect 
(C:\Users\ryamiller\ASM\ai-poc\AI-Pilot\src\client\components\PlatformAdmin.tsx:907:3)
          at div
          at div
          at article
          at FlagCard (C:\Users\ryamiller\ASM\ai-poc\AI-Pilot\src\client\components\PlatformAdmin.tsx:1186:3)
          at div
          at section
          at FeatureFlagsSection 
(C:\Users\ryamiller\ASM\ai-poc\AI-Pilot\src\client\components\PlatformAdmin.tsx:1018:55)
          at div
          at main
          at div
          at PlatformAdmin (C:\Users\ryamiller\ASM\ai-poc\AI-Pilot\src\client\components\PlatformAdmin.tsx:141:3)

      971 |         placeholder={placeholder}
      972 |         disabled={disabled || options.length === 0}
    > 973 |         onChange={(event) => setSearchQuery(event.target.value)}
          |                              ^
      974 |         autoComplete="off"
      975 |       />
      976 |       {options.length === 0 ? (

      at printWarning (node_modules/react-dom/cjs/react-dom.development.js:86:30)
      at error (node_modules/react-dom/cjs/react-dom.development.js:60:7)
      at warnIfUpdatesNotWrappedWithActDEV (node_modules/react-dom/cjs/react-dom.development.js:27628:9)
      at scheduleUpdateOnFiber (node_modules/react-dom/cjs/react-dom.development.js:25547:5)
      at dispatchSetState (node_modules/react-dom/cjs/react-dom.development.js:16708:7)
      at onChange (src/client/components/PlatformAdmin.tsx:973:30)
      at HTMLUnknownElement.callCallback (node_modules/react-dom/cjs/react-dom.development.js:4164:14)
      at HTMLUnknownElement.callTheUserObjectsOperation 
(node_modules/jsdom/lib/jsdom/living/generated/EventListener.js:26:30)
      at innerInvokeEventListeners (node_modules/jsdom/lib/jsdom/living/events/EventTarget-impl.js:350:25)
      at invokeEventListeners (node_modules/jsdom/lib/jsdom/living/events/EventTarget-impl.js:286:3)
      at HTMLUnknownElementImpl._dispatch (node_modules/jsdom/lib/jsdom/living/events/EventTarget-impl.js:233:9)
      at HTMLUnknownElementImpl.dispatchEvent (node_modules/jsdom/lib/jsdom/living/events/EventTarget-impl.js:104:17)
      at HTMLUnknownElement.dispatchEvent (node_modules/jsdom/lib/jsdom/living/generated/EventTarget.js:241:34)
      at Object.invokeGuardedCallbackDev (node_modules/react-dom/cjs/react-dom.development.js:4213:16)
      at invokeGuardedCallback (node_modules/react-dom/cjs/react-dom.development.js:4277:31)
      at invokeGuardedCallbackAndCatchFirstError (node_modules/react-dom/cjs/react-dom.development.js:4291:25)
      at executeDispatch (node_modules/react-dom/cjs/react-dom.development.js:9041:3)
      at processDispatchQueueItemsInOrder (node_modules/react-dom/cjs/react-dom.development.js:9073:7)
      at processDispatchQueue (node_modules/react-dom/cjs/react-dom.development.js:9086:5)
      at dispatchEventsForPlugins (node_modules/react-dom/cjs/react-dom.development.js:9097:3)
      at node_modules/react-dom/cjs/react-dom.development.js:9288:12
      at batchedUpdates$1 (node_modules/react-dom/cjs/react-dom.development.js:26179:12)
      at batchedUpdates (node_modules/react-dom/cjs/react-dom.development.js:3991:12)
      at dispatchEventForPluginEventSystem (node_modules/react-dom/cjs/react-dom.development.js:9287:3)
      at dispatchEventWithEnableCapturePhaseSelectiveHydrationWithoutDiscreteEventReplay 
(node_modules/react-dom/cjs/react-dom.development.js:6465:5)
      at dispatchEvent (node_modules/react-dom/cjs/react-dom.development.js:6457:5)
      at dispatchDiscreteEvent (node_modules/react-dom/cjs/react-dom.development.js:6430:5)
      at HTMLDivElement.callTheUserObjectsOperation 
(node_modules/jsdom/lib/jsdom/living/generated/EventListener.js:26:30)
      at innerInvokeEventListeners (node_modules/jsdom/lib/jsdom/living/events/EventTarget-impl.js:350:25)
      at invokeEventListeners (node_modules/jsdom/lib/jsdom/living/events/EventTarget-impl.js:286:3)
      at HTMLInputElementImpl._dispatch (node_modules/jsdom/lib/jsdom/living/events/EventTarget-impl.js:233:9)
      at HTMLInputElementImpl.dispatchEvent (node_modules/jsdom/lib/jsdom/living/events/EventTarget-impl.js:104:17)
      at HTMLInputElement.dispatchEvent (node_modules/jsdom/lib/jsdom/living/generated/EventTarget.js:241:34)
      at node_modules/@testing-library/user-event/dist/cjs/event/dispatchEvent.js:45:43
      at Object.eventWrapper (node_modules/@testing-library/dom/dist/config.js:25:23)
      at Object.wrapEvent (node_modules/@testing-library/user-event/dist/cjs/event/wrapEvent.js:6:28)
      at Object.dispatchEvent (node_modules/@testing-library/user-event/dist/cjs/event/dispatchEvent.js:45:22)
      at Object.dispatchUIEvent (node_modules/@testing-library/user-event/dist/cjs/event/dispatchEvent.js:22:26)
      at commitInput (node_modules/@testing-library/user-event/dist/cjs/event/input.js:145:14)
      at editInputElement (node_modules/@testing-library/user-event/dist/cjs/event/input.js:115:9)
      at Object.input (node_modules/@testing-library/user-event/dist/cjs/event/input.js:37:9)
      at node_modules/@testing-library/user-event/dist/cjs/event/behavior/keypress.js:31:26
      at Object.dispatchEvent (node_modules/@testing-library/user-event/dist/cjs/event/dispatchEvent.js:41:13)
      at Object.dispatchUIEvent (node_modules/@testing-library/user-event/dist/cjs/event/dispatchEvent.js:22:26)
      at KeyboardHost.keydown (node_modules/@testing-library/user-event/dist/cjs/system/keyboard.js:76:22)
      at keyboardAction (node_modules/@testing-library/user-event/dist/cjs/keyboard/index.js:22:35)
      at Object.keyboard (node_modules/@testing-library/user-event/dist/cjs/keyboard/index.js:11:15)
      at Object.type (node_modules/@testing-library/user-event/dist/cjs/utility/type.js:17:5)
      at Object.<anonymous> (src/client/components/__tests__/PlatformAdmin.test.tsx:378:5)

    console.error
      Warning: An update to FlagCard inside a test was not wrapped in act(...).
      
      When testing, code that causes React state updates should be wrapped into act(...):
      
      act(() => {
        /* fire events that update state */
      });
      /* assert on the output */
      
      This ensures that you're testing the behavior the user would see in the browser. Learn more at 
https://reactjs.org/link/wrap-tests-with-act
          at FlagCard (C:\Users\ryamiller\ASM\ai-poc\AI-Pilot\src\client\components\PlatformAdmin.tsx:1186:3)
          at div
          at section
          at FeatureFlagsSection 
(C:\Users\ryamiller\ASM\ai-poc\AI-Pilot\src\client\components\PlatformAdmin.tsx:1018:55)
          at div
          at main
          at div
          at PlatformAdmin (C:\Users\ryamiller\ASM\ai-poc\AI-Pilot\src\client\components\PlatformAdmin.tsx:141:3)

      933 |   const handleAdd = (value: string) => {
      934 |     if (selectedSet.has(value)) return;
    > 935 |     onChange([...selectedValues, value]);
          |     ^
      936 |     setSearchQuery('');
      937 |   };
      938 |

      at printWarning (node_modules/react-dom/cjs/react-dom.development.js:86:30)
      at error (node_modules/react-dom/cjs/react-dom.development.js:60:7)
      at warnIfUpdatesNotWrappedWithActDEV (node_modules/react-dom/cjs/react-dom.development.js:27628:9)
      at scheduleUpdateOnFiber (node_modules/react-dom/cjs/react-dom.development.js:25547:5)
      at dispatchSetState (node_modules/react-dom/cjs/react-dom.development.js:16708:7)
      at handleAdd (src/client/components/PlatformAdmin.tsx:935:5)
      at onClick (src/client/components/PlatformAdmin.tsx:986:32)
      at HTMLUnknownElement.callCallback (node_modules/react-dom/cjs/react-dom.development.js:4164:14)
      at HTMLUnknownElement.callTheUserObjectsOperation 
(node_modules/jsdom/lib/jsdom/living/generated/EventListener.js:26:30)
      at innerInvokeEventListeners (node_modules/jsdom/lib/jsdom/living/events/EventTarget-impl.js:350:25)
      at invokeEventListeners (node_modules/jsdom/lib/jsdom/living/events/EventTarget-impl.js:286:3)
      at HTMLUnknownElementImpl._dispatch (node_modules/jsdom/lib/jsdom/living/events/EventTarget-impl.js:233:9)
      at HTMLUnknownElementImpl.dispatchEvent (node_modules/jsdom/lib/jsdom/living/events/EventTarget-impl.js:104:17)
      at HTMLUnknownElement.dispatchEvent (node_modules/jsdom/lib/jsdom/living/generated/EventTarget.js:241:34)
      at Object.invokeGuardedCallbackDev (node_modules/react-dom/cjs/react-dom.development.js:4213:16)
      at invokeGuardedCallback (node_modules/react-dom/cjs/react-dom.development.js:4277:31)
      at invokeGuardedCallbackAndCatchFirstError (node_modules/react-dom/cjs/react-dom.development.js:4291:25)
      at executeDispatch (node_modules/react-dom/cjs/react-dom.development.js:9041:3)
      at processDispatchQueueItemsInOrder (node_modules/react-dom/cjs/react-dom.development.js:9073:7)
      at processDispatchQueue (node_modules/react-dom/cjs/react-dom.development.js:9086:5)
      at dispatchEventsForPlugins (node_modules/react-dom/cjs/react-dom.development.js:9097:3)
      at node_modules/react-dom/cjs/react-dom.development.js:9288:12
      at batchedUpdates$1 (node_modules/react-dom/cjs/react-dom.development.js:26179:12)
      at batchedUpdates (node_modules/react-dom/cjs/react-dom.development.js:3991:12)
      at dispatchEventForPluginEventSystem (node_modules/react-dom/cjs/react-dom.development.js:9287:3)
      at dispatchEventWithEnableCapturePhaseSelectiveHydrationWithoutDiscreteEventReplay 
(node_modules/react-dom/cjs/react-dom.development.js:6465:5)
      at dispatchEvent (node_modules/react-dom/cjs/react-dom.development.js:6457:5)
      at dispatchDiscreteEvent (node_modules/react-dom/cjs/react-dom.development.js:6430:5)
      at HTMLDivElement.callTheUserObjectsOperation 
(node_modules/jsdom/lib/jsdom/living/generated/EventListener.js:26:30)
      at innerInvokeEventListeners (node_modules/jsdom/lib/jsdom/living/events/EventTarget-impl.js:350:25)
      at invokeEventListeners (node_modules/jsdom/lib/jsdom/living/events/EventTarget-impl.js:286:3)
      at HTMLButtonElementImpl._dispatch (node_modules/jsdom/lib/jsdom/living/events/EventTarget-impl.js:233:9)
      at HTMLButtonElementImpl.dispatchEvent (node_modules/jsdom/lib/jsdom/living/events/EventTarget-impl.js:104:17)
      at HTMLButtonElement.dispatchEvent (node_modules/jsdom/lib/jsdom/living/generated/EventTarget.js:241:34)
      at node_modules/@testing-library/user-event/dist/cjs/event/dispatchEvent.js:45:43
      at Object.eventWrapper (node_modules/@testing-library/dom/dist/config.js:25:23)
      at Object.wrapEvent (node_modules/@testing-library/user-event/dist/cjs/event/wrapEvent.js:6:28)
      at Object.dispatchEvent (node_modules/@testing-library/user-event/dist/cjs/event/dispatchEvent.js:45:22)
      at Object.dispatchUIEvent (node_modules/@testing-library/user-event/dist/cjs/event/dispatchEvent.js:22:26)
      at Mouse.up (node_modules/@testing-library/user-event/dist/cjs/system/pointer/mouse.js:100:30)
      at PointerHost.release (node_modules/@testing-library/user-event/dist/cjs/system/pointer/index.js:87:24)
      at pointerAction (node_modules/@testing-library/user-event/dist/cjs/pointer/index.js:54:47)
      at Object.pointer (node_modules/@testing-library/user-event/dist/cjs/pointer/index.js:27:9)
      at Object.<anonymous> (src/client/components/__tests__/PlatformAdmin.test.tsx:379:5)

    console.error
      Warning: An update to TypeaheadMultiSelect inside a test was not wrapped in act(...).
      
      When testing, code that causes React state updates should be wrapped into act(...):
      
      act(() => {
        /* fire events that update state */
      });
      /* assert on the output */
      
      This ensures that you're testing the behavior the user would see in the browser. Learn more at 
https://reactjs.org/link/wrap-tests-with-act
          at TypeaheadMultiSelect 
(C:\Users\ryamiller\ASM\ai-poc\AI-Pilot\src\client\components\PlatformAdmin.tsx:907:3)
          at div
          at div
          at article
          at FlagCard (C:\Users\ryamiller\ASM\ai-poc\AI-Pilot\src\client\components\PlatformAdmin.tsx:1186:3)
          at div
          at section
          at FeatureFlagsSection 
(C:\Users\ryamiller\ASM\ai-poc\AI-Pilot\src\client\components\PlatformAdmin.tsx:1018:55)
          at div
          at main
          at div
          at PlatformAdmin (C:\Users\ryamiller\ASM\ai-poc\AI-Pilot\src\client\components\PlatformAdmin.tsx:141:3)

      934 |     if (selectedSet.has(value)) return;
      935 |     onChange([...selectedValues, value]);
    > 936 |     setSearchQuery('');
          |     ^
      937 |   };
      938 |
      939 |   const handleRemove = (value: string) => {

      at printWarning (node_modules/react-dom/cjs/react-dom.development.js:86:30)
      at error (node_modules/react-dom/cjs/react-dom.development.js:60:7)
      at warnIfUpdatesNotWrappedWithActDEV (node_modules/react-dom/cjs/react-dom.development.js:27628:9)
      at scheduleUpdateOnFiber (node_modules/react-dom/cjs/react-dom.development.js:25547:5)
      at dispatchSetState (node_modules/react-dom/cjs/react-dom.development.js:16708:7)
      at handleAdd (src/client/components/PlatformAdmin.tsx:936:5)
      at onClick (src/client/components/PlatformAdmin.tsx:986:32)
      at HTMLUnknownElement.callCallback (node_modules/react-dom/cjs/react-dom.development.js:4164:14)
      at HTMLUnknownElement.callTheUserObjectsOperation 
(node_modules/jsdom/lib/jsdom/living/generated/EventListener.js:26:30)
      at innerInvokeEventListeners (node_modules/jsdom/lib/jsdom/living/events/EventTarget-impl.js:350:25)
      at invokeEventListeners (node_modules/jsdom/lib/jsdom/living/events/EventTarget-impl.js:286:3)
      at HTMLUnknownElementImpl._dispatch (node_modules/jsdom/lib/jsdom/living/events/EventTarget-impl.js:233:9)
      at HTMLUnknownElementImpl.dispatchEvent (node_modules/jsdom/lib/jsdom/living/events/EventTarget-impl.js:104:17)
      at HTMLUnknownElement.dispatchEvent (node_modules/jsdom/lib/jsdom/living/generated/EventTarget.js:241:34)
      at Object.invokeGuardedCallbackDev (node_modules/react-dom/cjs/react-dom.development.js:4213:16)
      at invokeGuardedCallback (node_modules/react-dom/cjs/react-dom.development.js:4277:31)
      at invokeGuardedCallbackAndCatchFirstError (node_modules/react-dom/cjs/react-dom.development.js:4291:25)
      at executeDispatch (node_modules/react-dom/cjs/react-dom.development.js:9041:3)
      at processDispatchQueueItemsInOrder (node_modules/react-dom/cjs/react-dom.development.js:9073:7)
      at processDispatchQueue (node_modules/react-dom/cjs/react-dom.development.js:9086:5)
      at dispatchEventsForPlugins (node_modules/react-dom/cjs/react-dom.development.js:9097:3)
      at node_modules/react-dom/cjs/react-dom.development.js:9288:12
      at batchedUpdates$1 (node_modules/react-dom/cjs/react-dom.development.js:26179:12)
      at batchedUpdates (node_modules/react-dom/cjs/react-dom.development.js:3991:12)
      at dispatchEventForPluginEventSystem (node_modules/react-dom/cjs/react-dom.development.js:9287:3)
      at dispatchEventWithEnableCapturePhaseSelectiveHydrationWithoutDiscreteEventReplay 
(node_modules/react-dom/cjs/react-dom.development.js:6465:5)
      at dispatchEvent (node_modules/react-dom/cjs/react-dom.development.js:6457:5)
      at dispatchDiscreteEvent (node_modules/react-dom/cjs/react-dom.development.js:6430:5)
      at HTMLDivElement.callTheUserObjectsOperation 
(node_modules/jsdom/lib/jsdom/living/generated/EventListener.js:26:30)
      at innerInvokeEventListeners (node_modules/jsdom/lib/jsdom/living/events/EventTarget-impl.js:350:25)
      at invokeEventListeners (node_modules/jsdom/lib/jsdom/living/events/EventTarget-impl.js:286:3)
      at HTMLButtonElementImpl._dispatch (node_modules/jsdom/lib/jsdom/living/events/EventTarget-impl.js:233:9)
      at HTMLButtonElementImpl.dispatchEvent (node_modules/jsdom/lib/jsdom/living/events/EventTarget-impl.js:104:17)
      at HTMLButtonElement.dispatchEvent (node_modules/jsdom/lib/jsdom/living/generated/EventTarget.js:241:34)
      at node_modules/@testing-library/user-event/dist/cjs/event/dispatchEvent.js:45:43
      at Object.eventWrapper (node_modules/@testing-library/dom/dist/config.js:25:23)
      at Object.wrapEvent (node_modules/@testing-library/user-event/dist/cjs/event/wrapEvent.js:6:28)
      at Object.dispatchEvent (node_modules/@testing-library/user-event/dist/cjs/event/dispatchEvent.js:45:22)
      at Object.dispatchUIEvent (node_modules/@testing-library/user-event/dist/cjs/event/dispatchEvent.js:22:26)
      at Mouse.up (node_modules/@testing-library/user-event/dist/cjs/system/pointer/mouse.js:100:30)
      at PointerHost.release (node_modules/@testing-library/user-event/dist/cjs/system/pointer/index.js:87:24)
      at pointerAction (node_modules/@testing-library/user-event/dist/cjs/pointer/index.js:54:47)
      at Object.pointer (node_modules/@testing-library/user-event/dist/cjs/pointer/index.js:27:9)
      at Object.<anonymous> (src/client/components/__tests__/PlatformAdmin.test.tsx:379:5)

    console.error
      Warning: An update to FlagCard inside a test was not wrapped in act(...).
      
      When testing, code that causes React state updates should be wrapped into act(...):
      
      act(() => {
        /* fire events that update state */
      });
      /* assert on the output */
      
      This ensures that you're testing the behavior the user would see in the browser. Learn more at 
https://reactjs.org/link/wrap-tests-with-act
          at FlagCard (C:\Users\ryamiller\ASM\ai-poc\AI-Pilot\src\client\components\PlatformAdmin.tsx:1186:3)
          at div
          at section
          at FeatureFlagsSection 
(C:\Users\ryamiller\ASM\ai-poc\AI-Pilot\src\client\components\PlatformAdmin.tsx:1018:55)
          at div
          at main
          at div
          at PlatformAdmin (C:\Users\ryamiller\ASM\ai-poc\AI-Pilot\src\client\components\PlatformAdmin.tsx:141:3)

      1319 |     }
      1320 |
    > 1321 |     setSelectedTargets([]);
           |     ^
      1322 |   };
      1323 |
      1324 |   const handleRemoveRule = (ruleId: string) => {

      at printWarning (node_modules/react-dom/cjs/react-dom.development.js:86:30)
      at error (node_modules/react-dom/cjs/react-dom.development.js:60:7)
      at warnIfUpdatesNotWrappedWithActDEV (node_modules/react-dom/cjs/react-dom.development.js:27628:9)
      at scheduleUpdateOnFiber (node_modules/react-dom/cjs/react-dom.development.js:25547:5)
      at dispatchSetState (node_modules/react-dom/cjs/react-dom.development.js:16708:7)
      at handleAddRules (src/client/components/PlatformAdmin.tsx:1321:5)

    console.error
      Warning: An update to PlatformAdmin inside a test was not wrapped in act(...).
      
      When testing, code that causes React state updates should be wrapped into act(...):
      
      act(() => {
        /* fire events that update state */
      });
      /* assert on the output */
      
      This ensures that you're testing the behavior the user would see in the browser. Learn more at 
https://reactjs.org/link/wrap-tests-with-act
          at PlatformAdmin (C:\Users\ryamiller\ASM\ai-poc\AI-Pilot\src\client\components\PlatformAdmin.tsx:141:3)

      313 |               aria-controls="platform-admin-panel-flags"
      314 |               className={`${styles.tabButton} ${activeTab === 'flags' ? styles.tabButtonActive : ''}`}
    > 315 |               onClick={() => setActiveTab('flags')}
          |                              ^
      316 |             >
      317 |               Feature Flags
      318 |             </button>

      at printWarning (node_modules/react-dom/cjs/react-dom.development.js:86:30)
      at error (node_modules/react-dom/cjs/react-dom.development.js:60:7)
      at warnIfUpdatesNotWrappedWithActDEV (node_modules/react-dom/cjs/react-dom.development.js:27628:9)
      at scheduleUpdateOnFiber (node_modules/react-dom/cjs/react-dom.development.js:25547:5)
      at dispatchSetState (node_modules/react-dom/cjs/react-dom.development.js:16708:7)
      at onClick (src/client/components/PlatformAdmin.tsx:315:30)
      at HTMLUnknownElement.callCallback (node_modules/react-dom/cjs/react-dom.development.js:4164:14)
      at HTMLUnknownElement.callTheUserObjectsOperation 
(node_modules/jsdom/lib/jsdom/living/generated/EventListener.js:26:30)
      at innerInvokeEventListeners (node_modules/jsdom/lib/jsdom/living/events/EventTarget-impl.js:350:25)
      at invokeEventListeners (node_modules/jsdom/lib/jsdom/living/events/EventTarget-impl.js:286:3)
      at HTMLUnknownElementImpl._dispatch (node_modules/jsdom/lib/jsdom/living/events/EventTarget-impl.js:233:9)
      at HTMLUnknownElementImpl.dispatchEvent (node_modules/jsdom/lib/jsdom/living/events/EventTarget-impl.js:104:17)
      at HTMLUnknownElement.dispatchEvent (node_modules/jsdom/lib/jsdom/living/generated/EventTarget.js:241:34)
      at Object.invokeGuardedCallbackDev (node_modules/react-dom/cjs/react-dom.development.js:4213:16)
      at invokeGuardedCallback (node_modules/react-dom/cjs/react-dom.development.js:4277:31)
      at invokeGuardedCallbackAndCatchFirstError (node_modules/react-dom/cjs/react-dom.development.js:4291:25)
      at executeDispatch (node_modules/react-dom/cjs/react-dom.development.js:9041:3)
      at processDispatchQueueItemsInOrder (node_modules/react-dom/cjs/react-dom.development.js:9073:7)
      at processDispatchQueue (node_modules/react-dom/cjs/react-dom.development.js:9086:5)
      at dispatchEventsForPlugins (node_modules/react-dom/cjs/react-dom.development.js:9097:3)
      at node_modules/react-dom/cjs/react-dom.development.js:9288:12
      at batchedUpdates$1 (node_modules/react-dom/cjs/react-dom.development.js:26179:12)
      at batchedUpdates (node_modules/react-dom/cjs/react-dom.development.js:3991:12)
      at dispatchEventForPluginEventSystem (node_modules/react-dom/cjs/react-dom.development.js:9287:3)
      at dispatchEventWithEnableCapturePhaseSelectiveHydrationWithoutDiscreteEventReplay 
(node_modules/react-dom/cjs/react-dom.development.js:6465:5)
      at dispatchEvent (node_modules/react-dom/cjs/react-dom.development.js:6457:5)
      at dispatchDiscreteEvent (node_modules/react-dom/cjs/react-dom.development.js:6430:5)
      at HTMLDivElement.callTheUserObjectsOperation 
(node_modules/jsdom/lib/jsdom/living/generated/EventListener.js:26:30)
      at innerInvokeEventListeners (node_modules/jsdom/lib/jsdom/living/events/EventTarget-impl.js:350:25)
      at invokeEventListeners (node_modules/jsdom/lib/jsdom/living/events/EventTarget-impl.js:286:3)
      at HTMLButtonElementImpl._dispatch (node_modules/jsdom/lib/jsdom/living/events/EventTarget-impl.js:233:9)
      at HTMLButtonElementImpl.dispatchEvent (node_modules/jsdom/lib/jsdom/living/events/EventTarget-impl.js:104:17)
      at HTMLButtonElement.dispatchEvent (node_modules/jsdom/lib/jsdom/living/generated/EventTarget.js:241:34)
      at node_modules/@testing-library/user-event/dist/cjs/event/dispatchEvent.js:45:43
      at Object.eventWrapper (node_modules/@testing-library/dom/dist/config.js:25:23)
      at Object.wrapEvent (node_modules/@testing-library/user-event/dist/cjs/event/wrapEvent.js:6:28)
      at Object.dispatchEvent (node_modules/@testing-library/user-event/dist/cjs/event/dispatchEvent.js:45:22)
      at Object.dispatchUIEvent (node_modules/@testing-library/user-event/dist/cjs/event/dispatchEvent.js:22:26)
      at Mouse.up (node_modules/@testing-library/user-event/dist/cjs/system/pointer/mouse.js:100:30)
      at PointerHost.release (node_modules/@testing-library/user-event/dist/cjs/system/pointer/index.js:87:24)
      at pointerAction (node_modules/@testing-library/user-event/dist/cjs/pointer/index.js:54:47)
      at Object.pointer (node_modules/@testing-library/user-event/dist/cjs/pointer/index.js:27:9)
      at Object.<anonymous> (src/client/components/__tests__/PlatformAdmin.test.tsx:400:5)

    console.error
      Warning: An update to FeatureFlagsSection inside a test was not wrapped in act(...).
      
      When testing, code that causes React state updates should be wrapped into act(...):
      
      act(() => {
        /* fire events that update state */
      });
      /* assert on the output */
      
      This ensures that you're testing the behavior the user would see in the browser. Learn more at 
https://reactjs.org/link/wrap-tests-with-act
          at FeatureFlagsSection 
(C:\Users\ryamiller\ASM\ai-poc\AI-Pilot\src\client\components\PlatformAdmin.tsx:1018:55)
          at div
          at main
          at div
          at PlatformAdmin (C:\Users\ryamiller\ASM\ai-poc\AI-Pilot\src\client\components\PlatformAdmin.tsx:141:3)

      at printWarning (node_modules/react-dom/cjs/react-dom.development.js:86:30)
      at error (node_modules/react-dom/cjs/react-dom.development.js:60:7)
      at warnIfUpdatesNotWrappedWithActDEV (node_modules/react-dom/cjs/react-dom.development.js:27628:9)
      at scheduleUpdateOnFiber (node_modules/react-dom/cjs/react-dom.development.js:25547:5)
      at dispatchSetState (node_modules/react-dom/cjs/react-dom.development.js:16708:7)
      at control (node_modules/react-hook-form/src/useForm.ts:117:6)
      at commitHookEffectListMount (node_modules/react-dom/cjs/react-dom.development.js:23189:26)
      at commitLayoutEffectOnFiber (node_modules/react-dom/cjs/react-dom.development.js:23312:15)
      at commitLayoutMountEffects_complete (node_modules/react-dom/cjs/react-dom.development.js:24727:9)
      at commitLayoutEffects_begin (node_modules/react-dom/cjs/react-dom.development.js:24713:7)
      at commitLayoutEffects (node_modules/react-dom/cjs/react-dom.development.js:24651:3)
      at commitRootImpl (node_modules/react-dom/cjs/react-dom.development.js:26862:5)
      at commitRoot (node_modules/react-dom/cjs/react-dom.development.js:26721:5)
      at performSyncWorkOnRoot (node_modules/react-dom/cjs/react-dom.development.js:26156:3)
      at flushSyncCallbacks (node_modules/react-dom/cjs/react-dom.development.js:12042:22)
      at node_modules/react-dom/cjs/react-dom.development.js:25690:13
      at invokeTheCallbackFunction (node_modules/jsdom/lib/jsdom/living/generated/Function.js:19:26)
      at node_modules/jsdom/lib/jsdom/browser/Window.js:554:9

    console.error
      Warning: An update to FlagCard inside a test was not wrapped in act(...).
      
      When testing, code that causes React state updates should be wrapped into act(...):
      
      act(() => {
        /* fire events that update state */
      });
      /* assert on the output */
      
      This ensures that you're testing the behavior the user would see in the browser. Learn more at 
https://reactjs.org/link/wrap-tests-with-act
          at FlagCard (C:\Users\ryamiller\ASM\ai-poc\AI-Pilot\src\client\components\PlatformAdmin.tsx:1186:3)
          at div
          at section
          at FeatureFlagsSection 
(C:\Users\ryamiller\ASM\ai-poc\AI-Pilot\src\client\components\PlatformAdmin.tsx:1018:55)
          at div
          at main
          at div
          at PlatformAdmin (C:\Users\ryamiller\ASM\ai-poc\AI-Pilot\src\client\components\PlatformAdmin.tsx:141:3)

      1219 |
      1220 |   useEffect(() => {
    > 1221 |     setSelectedTargets([]);
           |     ^
      1222 |   }, [ruleType]);
      1223 |
      1224 |   const targetOptions = useMemo<TypeaheadOption[]>(() => {

      at printWarning (node_modules/react-dom/cjs/react-dom.development.js:86:30)
      at error (node_modules/react-dom/cjs/react-dom.development.js:60:7)
      at warnIfUpdatesNotWrappedWithActDEV (node_modules/react-dom/cjs/react-dom.development.js:27628:9)
      at scheduleUpdateOnFiber (node_modules/react-dom/cjs/react-dom.development.js:25547:5)
      at dispatchSetState (node_modules/react-dom/cjs/react-dom.development.js:16708:7)
      at src/client/components/PlatformAdmin.tsx:1221:5
      at commitHookEffectListMount (node_modules/react-dom/cjs/react-dom.development.js:23189:26)
      at commitPassiveMountOnFiber (node_modules/react-dom/cjs/react-dom.development.js:24970:11)
      at commitPassiveMountEffects_complete (node_modules/react-dom/cjs/react-dom.development.js:24930:9)
      at commitPassiveMountEffects_begin (node_modules/react-dom/cjs/react-dom.development.js:24917:7)
      at commitPassiveMountEffects (node_modules/react-dom/cjs/react-dom.development.js:24905:3)
      at flushPassiveEffectsImpl (node_modules/react-dom/cjs/react-dom.development.js:27078:3)
      at flushPassiveEffects (node_modules/react-dom/cjs/react-dom.development.js:27023:14)
      at commitRootImpl (node_modules/react-dom/cjs/react-dom.development.js:26974:5)
      at commitRoot (node_modules/react-dom/cjs/react-dom.development.js:26721:5)
      at performSyncWorkOnRoot (node_modules/react-dom/cjs/react-dom.development.js:26156:3)
      at flushSyncCallbacks (node_modules/react-dom/cjs/react-dom.development.js:12042:22)
      at node_modules/react-dom/cjs/react-dom.development.js:25690:13
      at invokeTheCallbackFunction (node_modules/jsdom/lib/jsdom/living/generated/Function.js:19:26)
      at node_modules/jsdom/lib/jsdom/browser/Window.js:554:9

    console.error
      Warning: An update to FeatureFlagsSection inside a test was not wrapped in act(...).
      
      When testing, code that causes React state updates should be wrapped into act(...):
      
      act(() => {
        /* fire events that update state */
      });
      /* assert on the output */
      
      This ensures that you're testing the behavior the user would see in the browser. Learn more at 
https://reactjs.org/link/wrap-tests-with-act
          at FeatureFlagsSection 
(C:\Users\ryamiller\ASM\ai-poc\AI-Pilot\src\client\components\PlatformAdmin.tsx:1018:55)
          at div
          at main
          at div
          at PlatformAdmin (C:\Users\ryamiller\ASM\ai-poc\AI-Pilot\src\client\components\PlatformAdmin.tsx:141:3)

      1136 |               isExpanded={expandedFlagId === flag.id}
      1137 |               showAudit={auditFlagId === flag.id}
    > 1138 |               onToggleExpand={() => setExpandedFlagId(expandedFlagId === flag.id ? null : flag.id)}
           |                                     ^
      1139 |               onToggleAudit={() => setAuditFlagId(auditFlagId === flag.id ? null : flag.id)}
      1140 |               onToggleEnabled={() => handleToggleEnabled(flag)}
      1141 |               onLifecycleChange={(lc) => handleLifecycleChange(flag, lc)}

      at printWarning (node_modules/react-dom/cjs/react-dom.development.js:86:30)
      at error (node_modules/react-dom/cjs/react-dom.development.js:60:7)
      at warnIfUpdatesNotWrappedWithActDEV (node_modules/react-dom/cjs/react-dom.development.js:27628:9)
      at scheduleUpdateOnFiber (node_modules/react-dom/cjs/react-dom.development.js:25547:5)
      at dispatchSetState (node_modules/react-dom/cjs/react-dom.development.js:16708:7)
      at onToggleExpand (src/client/components/PlatformAdmin.tsx:1138:37)
      at HTMLUnknownElement.callCallback (node_modules/react-dom/cjs/react-dom.development.js:4164:14)
      at HTMLUnknownElement.callTheUserObjectsOperation 
(node_modules/jsdom/lib/jsdom/living/generated/EventListener.js:26:30)
      at innerInvokeEventListeners (node_modules/jsdom/lib/jsdom/living/events/EventTarget-impl.js:350:25)
      at invokeEventListeners (node_modules/jsdom/lib/jsdom/living/events/EventTarget-impl.js:286:3)
      at HTMLUnknownElementImpl._dispatch (node_modules/jsdom/lib/jsdom/living/events/EventTarget-impl.js:233:9)
      at HTMLUnknownElementImpl.dispatchEvent (node_modules/jsdom/lib/jsdom/living/events/EventTarget-impl.js:104:17)
      at HTMLUnknownElement.dispatchEvent (node_modules/jsdom/lib/jsdom/living/generated/EventTarget.js:241:34)
      at Object.invokeGuardedCallbackDev (node_modules/react-dom/cjs/react-dom.development.js:4213:16)
      at invokeGuardedCallback (node_modules/react-dom/cjs/react-dom.development.js:4277:31)
      at invokeGuardedCallbackAndCatchFirstError (node_modules/react-dom/cjs/react-dom.development.js:4291:25)
      at executeDispatch (node_modules/react-dom/cjs/react-dom.development.js:9041:3)
      at processDispatchQueueItemsInOrder (node_modules/react-dom/cjs/react-dom.development.js:9073:7)
      at processDispatchQueue (node_modules/react-dom/cjs/react-dom.development.js:9086:5)
      at dispatchEventsForPlugins (node_modules/react-dom/cjs/react-dom.development.js:9097:3)
      at node_modules/react-dom/cjs/react-dom.development.js:9288:12
      at batchedUpdates$1 (node_modules/react-dom/cjs/react-dom.development.js:26179:12)
      at batchedUpdates (node_modules/react-dom/cjs/react-dom.development.js:3991:12)
      at dispatchEventForPluginEventSystem (node_modules/react-dom/cjs/react-dom.development.js:9287:3)
      at dispatchEventWithEnableCapturePhaseSelectiveHydrationWithoutDiscreteEventReplay 
(node_modules/react-dom/cjs/react-dom.development.js:6465:5)
      at dispatchEvent (node_modules/react-dom/cjs/react-dom.development.js:6457:5)
      at dispatchDiscreteEvent (node_modules/react-dom/cjs/react-dom.development.js:6430:5)
      at HTMLDivElement.callTheUserObjectsOperation 
(node_modules/jsdom/lib/jsdom/living/generated/EventListener.js:26:30)
      at innerInvokeEventListeners (node_modules/jsdom/lib/jsdom/living/events/EventTarget-impl.js:350:25)
      at invokeEventListeners (node_modules/jsdom/lib/jsdom/living/events/EventTarget-impl.js:286:3)
      at HTMLButtonElementImpl._dispatch (node_modules/jsdom/lib/jsdom/living/events/EventTarget-impl.js:233:9)
      at HTMLButtonElementImpl.dispatchEvent (node_modules/jsdom/lib/jsdom/living/events/EventTarget-impl.js:104:17)
      at HTMLButtonElement.dispatchEvent (node_modules/jsdom/lib/jsdom/living/generated/EventTarget.js:241:34)
      at node_modules/@testing-library/user-event/dist/cjs/event/dispatchEvent.js:45:43
      at Object.eventWrapper (node_modules/@testing-library/dom/dist/config.js:25:23)
      at Object.wrapEvent (node_modules/@testing-library/user-event/dist/cjs/event/wrapEvent.js:6:28)
      at Object.dispatchEvent (node_modules/@testing-library/user-event/dist/cjs/event/dispatchEvent.js:45:22)
      at Object.dispatchUIEvent (node_modules/@testing-library/user-event/dist/cjs/event/dispatchEvent.js:22:26)
      at Mouse.up (node_modules/@testing-library/user-event/dist/cjs/system/pointer/mouse.js:100:30)
      at PointerHost.release (node_modules/@testing-library/user-event/dist/cjs/system/pointer/index.js:87:24)
      at pointerAction (node_modules/@testing-library/user-event/dist/cjs/pointer/index.js:54:47)
      at Object.pointer (node_modules/@testing-library/user-event/dist/cjs/pointer/index.js:27:9)
      at Object.<anonymous> (src/client/components/__tests__/PlatformAdmin.test.tsx:401:5)

    console.error
      Warning: An update to FlagCard inside a test was not wrapped in act(...).
      
      When testing, code that causes React state updates should be wrapped into act(...):
      
      act(() => {
        /* fire events that update state */
      });
      /* assert on the output */
      
      This ensures that you're testing the behavior the user would see in the browser. Learn more at 
https://reactjs.org/link/wrap-tests-with-act
          at FlagCard (C:\Users\ryamiller\ASM\ai-poc\AI-Pilot\src\client\components\PlatformAdmin.tsx:1186:3)
          at div
          at section
          at FeatureFlagsSection 
(C:\Users\ryamiller\ASM\ai-poc\AI-Pilot\src\client\components\PlatformAdmin.tsx:1018:55)
          at div
          at main
          at div
          at PlatformAdmin (C:\Users\ryamiller\ASM\ai-poc\AI-Pilot\src\client\components\PlatformAdmin.tsx:141:3)

      1431 |                   value={ruleType}
      1432 |                   disabled={rulePending}
    > 1433 |                   onChange={(event) => setRuleType(event.target.value as FlagRuleType)}
           |                                        ^
      1434 |                 >
      1435 |                   <option value="everyone">everyone</option>
      1436 |                   <option value="project">project</option>

      at printWarning (node_modules/react-dom/cjs/react-dom.development.js:86:30)
      at error (node_modules/react-dom/cjs/react-dom.development.js:60:7)
      at warnIfUpdatesNotWrappedWithActDEV (node_modules/react-dom/cjs/react-dom.development.js:27628:9)
      at scheduleUpdateOnFiber (node_modules/react-dom/cjs/react-dom.development.js:25547:5)
      at dispatchSetState (node_modules/react-dom/cjs/react-dom.development.js:16708:7)
      at onChange (src/client/components/PlatformAdmin.tsx:1433:40)
      at HTMLUnknownElement.callCallback (node_modules/react-dom/cjs/react-dom.development.js:4164:14)
      at HTMLUnknownElement.callTheUserObjectsOperation 
(node_modules/jsdom/lib/jsdom/living/generated/EventListener.js:26:30)
      at innerInvokeEventListeners (node_modules/jsdom/lib/jsdom/living/events/EventTarget-impl.js:350:25)
      at invokeEventListeners (node_modules/jsdom/lib/jsdom/living/events/EventTarget-impl.js:286:3)
      at HTMLUnknownElementImpl._dispatch (node_modules/jsdom/lib/jsdom/living/events/EventTarget-impl.js:233:9)
      at HTMLUnknownElementImpl.dispatchEvent (node_modules/jsdom/lib/jsdom/living/events/EventTarget-impl.js:104:17)
      at HTMLUnknownElement.dispatchEvent (node_modules/jsdom/lib/jsdom/living/generated/EventTarget.js:241:34)
      at Object.invokeGuardedCallbackDev (node_modules/react-dom/cjs/react-dom.development.js:4213:16)
      at invokeGuardedCallback (node_modules/react-dom/cjs/react-dom.development.js:4277:31)
      at invokeGuardedCallbackAndCatchFirstError (node_modules/react-dom/cjs/react-dom.development.js:4291:25)
      at executeDispatch (node_modules/react-dom/cjs/react-dom.development.js:9041:3)
      at processDispatchQueueItemsInOrder (node_modules/react-dom/cjs/react-dom.development.js:9073:7)
      at processDispatchQueue (node_modules/react-dom/cjs/react-dom.development.js:9086:5)
      at dispatchEventsForPlugins (node_modules/react-dom/cjs/react-dom.development.js:9097:3)
      at node_modules/react-dom/cjs/react-dom.development.js:9288:12
      at batchedUpdates$1 (node_modules/react-dom/cjs/react-dom.development.js:26179:12)
      at batchedUpdates (node_modules/react-dom/cjs/react-dom.development.js:3991:12)
      at dispatchEventForPluginEventSystem (node_modules/react-dom/cjs/react-dom.development.js:9287:3)
      at dispatchEventWithEnableCapturePhaseSelectiveHydrationWithoutDiscreteEventReplay 
(node_modules/react-dom/cjs/react-dom.development.js:6465:5)
      at dispatchEvent (node_modules/react-dom/cjs/react-dom.development.js:6457:5)
      at dispatchDiscreteEvent (node_modules/react-dom/cjs/react-dom.development.js:6430:5)
      at HTMLDivElement.callTheUserObjectsOperation 
(node_modules/jsdom/lib/jsdom/living/generated/EventListener.js:26:30)
      at innerInvokeEventListeners (node_modules/jsdom/lib/jsdom/living/events/EventTarget-impl.js:350:25)
      at invokeEventListeners (node_modules/jsdom/lib/jsdom/living/events/EventTarget-impl.js:286:3)
      at HTMLSelectElementImpl._dispatch (node_modules/jsdom/lib/jsdom/living/events/EventTarget-impl.js:233:9)
      at HTMLSelectElementImpl.dispatchEvent (node_modules/jsdom/lib/jsdom/living/events/EventTarget-impl.js:104:17)
      at Proxy.dispatchEvent (node_modules/jsdom/lib/jsdom/living/generated/EventTarget.js:241:34)
      at node_modules/@testing-library/user-event/dist/cjs/event/dispatchEvent.js:45:43
      at Object.eventWrapper (node_modules/@testing-library/dom/dist/config.js:25:23)
      at Object.wrapEvent (node_modules/@testing-library/user-event/dist/cjs/event/wrapEvent.js:6:28)
      at Object.dispatchEvent (node_modules/@testing-library/user-event/dist/cjs/event/dispatchEvent.js:45:22)
      at Object.dispatchUIEvent (node_modules/@testing-library/user-event/dist/cjs/event/dispatchEvent.js:22:26)
      at selectOption (node_modules/@testing-library/user-event/dist/cjs/utility/selectOptions.js:51:14)
      at Object.selectOptionsBase (node_modules/@testing-library/user-event/dist/cjs/utility/selectOptions.js:87:13)
      at Object.<anonymous> (src/client/components/__tests__/PlatformAdmin.test.tsx:402:5)

    console.error
      Warning: An update to FlagCard inside a test was not wrapped in act(...).
      
      When testing, code that causes React state updates should be wrapped into act(...):
      
      act(() => {
        /* fire events that update state */
      });
      /* assert on the output */
      
      This ensures that you're testing the behavior the user would see in the browser. Learn more at 
https://reactjs.org/link/wrap-tests-with-act
          at FlagCard (C:\Users\ryamiller\ASM\ai-poc\AI-Pilot\src\client\components\PlatformAdmin.tsx:1186:3)
          at div
          at section
          at FeatureFlagsSection 
(C:\Users\ryamiller\ASM\ai-poc\AI-Pilot\src\client\components\PlatformAdmin.tsx:1018:55)
          at div
          at main
          at div
          at PlatformAdmin (C:\Users\ryamiller\ASM\ai-poc\AI-Pilot\src\client\components\PlatformAdmin.tsx:141:3)

      1219 |
      1220 |   useEffect(() => {
    > 1221 |     setSelectedTargets([]);
           |     ^
      1222 |   }, [ruleType]);
      1223 |
      1224 |   const targetOptions = useMemo<TypeaheadOption[]>(() => {

      at printWarning (node_modules/react-dom/cjs/react-dom.development.js:86:30)
      at error (node_modules/react-dom/cjs/react-dom.development.js:60:7)
      at warnIfUpdatesNotWrappedWithActDEV (node_modules/react-dom/cjs/react-dom.development.js:27628:9)
      at scheduleUpdateOnFiber (node_modules/react-dom/cjs/react-dom.development.js:25547:5)
      at dispatchSetState (node_modules/react-dom/cjs/react-dom.development.js:16708:7)
      at src/client/components/PlatformAdmin.tsx:1221:5
      at commitHookEffectListMount (node_modules/react-dom/cjs/react-dom.development.js:23189:26)
      at commitPassiveMountOnFiber (node_modules/react-dom/cjs/react-dom.development.js:24970:11)
      at commitPassiveMountEffects_complete (node_modules/react-dom/cjs/react-dom.development.js:24930:9)
      at commitPassiveMountEffects_begin (node_modules/react-dom/cjs/react-dom.development.js:24917:7)
      at commitPassiveMountEffects (node_modules/react-dom/cjs/react-dom.development.js:24905:3)
      at flushPassiveEffectsImpl (node_modules/react-dom/cjs/react-dom.development.js:27078:3)
      at flushPassiveEffects (node_modules/react-dom/cjs/react-dom.development.js:27023:14)
      at commitRootImpl (node_modules/react-dom/cjs/react-dom.development.js:26974:5)
      at commitRoot (node_modules/react-dom/cjs/react-dom.development.js:26721:5)
      at performSyncWorkOnRoot (node_modules/react-dom/cjs/react-dom.development.js:26156:3)
      at flushSyncCallbacks (node_modules/react-dom/cjs/react-dom.development.js:12042:22)
      at flushSync (node_modules/react-dom/cjs/react-dom.development.js:26240:7)
      at finishEventHandler (node_modules/react-dom/cjs/react-dom.development.js:3976:5)
      at batchedUpdates (node_modules/react-dom/cjs/react-dom.development.js:3994:5)
      at dispatchEventForPluginEventSystem (node_modules/react-dom/cjs/react-dom.development.js:9287:3)
      at dispatchEventWithEnableCapturePhaseSelectiveHydrationWithoutDiscreteEventReplay 
(node_modules/react-dom/cjs/react-dom.development.js:6465:5)
      at dispatchEvent (node_modules/react-dom/cjs/react-dom.development.js:6457:5)
      at dispatchDiscreteEvent (node_modules/react-dom/cjs/react-dom.development.js:6430:5)
      at HTMLDivElement.callTheUserObjectsOperation 
(node_modules/jsdom/lib/jsdom/living/generated/EventListener.js:26:30)
      at innerInvokeEventListeners (node_modules/jsdom/lib/jsdom/living/events/EventTarget-impl.js:350:25)
      at invokeEventListeners (node_modules/jsdom/lib/jsdom/living/events/EventTarget-impl.js:286:3)
      at HTMLSelectElementImpl._dispatch (node_modules/jsdom/lib/jsdom/living/events/EventTarget-impl.js:233:9)
      at HTMLSelectElementImpl.dispatchEvent (node_modules/jsdom/lib/jsdom/living/events/EventTarget-impl.js:104:17)
      at Proxy.dispatchEvent (node_modules/jsdom/lib/jsdom/living/generated/EventTarget.js:241:34)
      at node_modules/@testing-library/user-event/dist/cjs/event/dispatchEvent.js:45:43
      at Object.eventWrapper (node_modules/@testing-library/dom/dist/config.js:25:23)
      at Object.wrapEvent (node_modules/@testing-library/user-event/dist/cjs/event/wrapEvent.js:6:28)
      at Object.dispatchEvent (node_modules/@testing-library/user-event/dist/cjs/event/dispatchEvent.js:45:22)
      at Object.dispatchUIEvent (node_modules/@testing-library/user-event/dist/cjs/event/dispatchEvent.js:22:26)
      at selectOption (node_modules/@testing-library/user-event/dist/cjs/utility/selectOptions.js:51:14)
      at Object.selectOptionsBase (node_modules/@testing-library/user-event/dist/cjs/utility/selectOptions.js:87:13)
      at Object.<anonymous> (src/client/components/__tests__/PlatformAdmin.test.tsx:402:5)

    console.error
      Warning: An update to TypeaheadMultiSelect inside a test was not wrapped in act(...).
      
      When testing, code that causes React state updates should be wrapped into act(...):
      
      act(() => {
        /* fire events that update state */
      });
      /* assert on the output */
      
      This ensures that you're testing the behavior the user would see in the browser. Learn more at 
https://reactjs.org/link/wrap-tests-with-act
          at TypeaheadMultiSelect 
(C:\Users\ryamiller\ASM\ai-poc\AI-Pilot\src\client\components\PlatformAdmin.tsx:907:3)
          at div
          at div
          at article
          at FlagCard (C:\Users\ryamiller\ASM\ai-poc\AI-Pilot\src\client\components\PlatformAdmin.tsx:1186:3)
          at div
          at section
          at FeatureFlagsSection 
(C:\Users\ryamiller\ASM\ai-poc\AI-Pilot\src\client\components\PlatformAdmin.tsx:1018:55)
          at div
          at main
          at div
          at PlatformAdmin (C:\Users\ryamiller\ASM\ai-poc\AI-Pilot\src\client\components\PlatformAdmin.tsx:141:3)

      971 |         placeholder={placeholder}
      972 |         disabled={disabled || options.length === 0}
    > 973 |         onChange={(event) => setSearchQuery(event.target.value)}
          |                              ^
      974 |         autoComplete="off"
      975 |       />
      976 |       {options.length === 0 ? (

      at printWarning (node_modules/react-dom/cjs/react-dom.development.js:86:30)
      at error (node_modules/react-dom/cjs/react-dom.development.js:60:7)
      at warnIfUpdatesNotWrappedWithActDEV (node_modules/react-dom/cjs/react-dom.development.js:27628:9)
      at scheduleUpdateOnFiber (node_modules/react-dom/cjs/react-dom.development.js:25547:5)
      at dispatchSetState (node_modules/react-dom/cjs/react-dom.development.js:16708:7)
      at onChange (src/client/components/PlatformAdmin.tsx:973:30)
      at HTMLUnknownElement.callCallback (node_modules/react-dom/cjs/react-dom.development.js:4164:14)
      at HTMLUnknownElement.callTheUserObjectsOperation 
(node_modules/jsdom/lib/jsdom/living/generated/EventListener.js:26:30)
      at innerInvokeEventListeners (node_modules/jsdom/lib/jsdom/living/events/EventTarget-impl.js:350:25)
      at invokeEventListeners (node_modules/jsdom/lib/jsdom/living/events/EventTarget-impl.js:286:3)
      at HTMLUnknownElementImpl._dispatch (node_modules/jsdom/lib/jsdom/living/events/EventTarget-impl.js:233:9)
      at HTMLUnknownElementImpl.dispatchEvent (node_modules/jsdom/lib/jsdom/living/events/EventTarget-impl.js:104:17)
      at HTMLUnknownElement.dispatchEvent (node_modules/jsdom/lib/jsdom/living/generated/EventTarget.js:241:34)
      at Object.invokeGuardedCallbackDev (node_modules/react-dom/cjs/react-dom.development.js:4213:16)
      at invokeGuardedCallback (node_modules/react-dom/cjs/react-dom.development.js:4277:31)
      at invokeGuardedCallbackAndCatchFirstError (node_modules/react-dom/cjs/react-dom.development.js:4291:25)
      at executeDispatch (node_modules/react-dom/cjs/react-dom.development.js:9041:3)
      at processDispatchQueueItemsInOrder (node_modules/react-dom/cjs/react-dom.development.js:9073:7)
      at processDispatchQueue (node_modules/react-dom/cjs/react-dom.development.js:9086:5)
      at dispatchEventsForPlugins (node_modules/react-dom/cjs/react-dom.development.js:9097:3)
      at node_modules/react-dom/cjs/react-dom.development.js:9288:12
      at batchedUpdates$1 (node_modules/react-dom/cjs/react-dom.development.js:26179:12)
      at batchedUpdates (node_modules/react-dom/cjs/react-dom.development.js:3991:12)
      at dispatchEventForPluginEventSystem (node_modules/react-dom/cjs/react-dom.development.js:9287:3)
      at dispatchEventWithEnableCapturePhaseSelectiveHydrationWithoutDiscreteEventReplay 
(node_modules/react-dom/cjs/react-dom.development.js:6465:5)
      at dispatchEvent (node_modules/react-dom/cjs/react-dom.development.js:6457:5)
      at dispatchDiscreteEvent (node_modules/react-dom/cjs/react-dom.development.js:6430:5)
      at HTMLDivElement.callTheUserObjectsOperation 
(node_modules/jsdom/lib/jsdom/living/generated/EventListener.js:26:30)
      at innerInvokeEventListeners (node_modules/jsdom/lib/jsdom/living/events/EventTarget-impl.js:350:25)
      at invokeEventListeners (node_modules/jsdom/lib/jsdom/living/events/EventTarget-impl.js:286:3)
      at HTMLInputElementImpl._dispatch (node_modules/jsdom/lib/jsdom/living/events/EventTarget-impl.js:233:9)
      at HTMLInputElementImpl.dispatchEvent (node_modules/jsdom/lib/jsdom/living/events/EventTarget-impl.js:104:17)
      at HTMLInputElement.dispatchEvent (node_modules/jsdom/lib/jsdom/living/generated/EventTarget.js:241:34)
      at node_modules/@testing-library/user-event/dist/cjs/event/dispatchEvent.js:45:43
      at Object.eventWrapper (node_modules/@testing-library/dom/dist/config.js:25:23)
      at Object.wrapEvent (node_modules/@testing-library/user-event/dist/cjs/event/wrapEvent.js:6:28)
      at Object.dispatchEvent (node_modules/@testing-library/user-event/dist/cjs/event/dispatchEvent.js:45:22)
      at Object.dispatchUIEvent (node_modules/@testing-library/user-event/dist/cjs/event/dispatchEvent.js:22:26)
      at commitInput (node_modules/@testing-library/user-event/dist/cjs/event/input.js:145:14)
      at editInputElement (node_modules/@testing-library/user-event/dist/cjs/event/input.js:115:9)
      at Object.input (node_modules/@testing-library/user-event/dist/cjs/event/input.js:37:9)
      at node_modules/@testing-library/user-event/dist/cjs/event/behavior/keypress.js:31:26
      at Object.dispatchEvent (node_modules/@testing-library/user-event/dist/cjs/event/dispatchEvent.js:41:13)
      at Object.dispatchUIEvent (node_modules/@testing-library/user-event/dist/cjs/event/dispatchEvent.js:22:26)
      at KeyboardHost.keydown (node_modules/@testing-library/user-event/dist/cjs/system/keyboard.js:76:22)
      at keyboardAction (node_modules/@testing-library/user-event/dist/cjs/keyboard/index.js:22:35)
      at Object.keyboard (node_modules/@testing-library/user-event/dist/cjs/keyboard/index.js:11:15)
      at Object.type (node_modules/@testing-library/user-event/dist/cjs/utility/type.js:17:5)
      at Object.<anonymous> (src/client/components/__tests__/PlatformAdmin.test.tsx:403:5)

    console.error
      Warning: An update to TypeaheadMultiSelect inside a test was not wrapped in act(...).
      
      When testing, code that causes React state updates should be wrapped into act(...):
      
      act(() => {
        /* fire events that update state */
      });
      /* assert on the output */
      
      This ensures that you're testing the behavior the user would see in the browser. Learn more at 
https://reactjs.org/link/wrap-tests-with-act
          at TypeaheadMultiSelect 
(C:\Users\ryamiller\ASM\ai-poc\AI-Pilot\src\client\components\PlatformAdmin.tsx:907:3)
          at div
          at div
          at article
          at FlagCard (C:\Users\ryamiller\ASM\ai-poc\AI-Pilot\src\client\components\PlatformAdmin.tsx:1186:3)
          at div
          at section
          at FeatureFlagsSection 
(C:\Users\ryamiller\ASM\ai-poc\AI-Pilot\src\client\components\PlatformAdmin.tsx:1018:55)
          at div
          at main
          at div
          at PlatformAdmin (C:\Users\ryamiller\ASM\ai-poc\AI-Pilot\src\client\components\PlatformAdmin.tsx:141:3)

      971 |         placeholder={placeholder}
      972 |         disabled={disabled || options.length === 0}
    > 973 |         onChange={(event) => setSearchQuery(event.target.value)}
          |                              ^
      974 |         autoComplete="off"
      975 |       />
      976 |       {options.length === 0 ? (

      at printWarning (node_modules/react-dom/cjs/react-dom.development.js:86:30)
      at error (node_modules/react-dom/cjs/react-dom.development.js:60:7)
      at warnIfUpdatesNotWrappedWithActDEV (node_modules/react-dom/cjs/react-dom.development.js:27628:9)
      at scheduleUpdateOnFiber (node_modules/react-dom/cjs/react-dom.development.js:25547:5)
      at dispatchSetState (node_modules/react-dom/cjs/react-dom.development.js:16708:7)
      at onChange (src/client/components/PlatformAdmin.tsx:973:30)
      at HTMLUnknownElement.callCallback (node_modules/react-dom/cjs/react-dom.development.js:4164:14)
      at HTMLUnknownElement.callTheUserObjectsOperation 
(node_modules/jsdom/lib/jsdom/living/generated/EventListener.js:26:30)
      at innerInvokeEventListeners (node_modules/jsdom/lib/jsdom/living/events/EventTarget-impl.js:350:25)
      at invokeEventListeners (node_modules/jsdom/lib/jsdom/living/events/EventTarget-impl.js:286:3)
      at HTMLUnknownElementImpl._dispatch (node_modules/jsdom/lib/jsdom/living/events/EventTarget-impl.js:233:9)
      at HTMLUnknownElementImpl.dispatchEvent (node_modules/jsdom/lib/jsdom/living/events/EventTarget-impl.js:104:17)
      at HTMLUnknownElement.dispatchEvent (node_modules/jsdom/lib/jsdom/living/generated/EventTarget.js:241:34)
      at Object.invokeGuardedCallbackDev (node_modules/react-dom/cjs/react-dom.development.js:4213:16)
      at invokeGuardedCallback (node_modules/react-dom/cjs/react-dom.development.js:4277:31)
      at invokeGuardedCallbackAndCatchFirstError (node_modules/react-dom/cjs/react-dom.development.js:4291:25)
      at executeDispatch (node_modules/react-dom/cjs/react-dom.development.js:9041:3)
      at processDispatchQueueItemsInOrder (node_modules/react-dom/cjs/react-dom.development.js:9073:7)
      at processDispatchQueue (node_modules/react-dom/cjs/react-dom.development.js:9086:5)
      at dispatchEventsForPlugins (node_modules/react-dom/cjs/react-dom.development.js:9097:3)
      at node_modules/react-dom/cjs/react-dom.development.js:9288:12
      at batchedUpdates$1 (node_modules/react-dom/cjs/react-dom.development.js:26179:12)
      at batchedUpdates (node_modules/react-dom/cjs/react-dom.development.js:3991:12)
      at dispatchEventForPluginEventSystem (node_modules/react-dom/cjs/react-dom.development.js:9287:3)
      at dispatchEventWithEnableCapturePhaseSelectiveHydrationWithoutDiscreteEventReplay 
(node_modules/react-dom/cjs/react-dom.development.js:6465:5)
      at dispatchEvent (node_modules/react-dom/cjs/react-dom.development.js:6457:5)
      at dispatchDiscreteEvent (node_modules/react-dom/cjs/react-dom.development.js:6430:5)
      at HTMLDivElement.callTheUserObjectsOperation 
(node_modules/jsdom/lib/jsdom/living/generated/EventListener.js:26:30)
      at innerInvokeEventListeners (node_modules/jsdom/lib/jsdom/living/events/EventTarget-impl.js:350:25)
      at invokeEventListeners (node_modules/jsdom/lib/jsdom/living/events/EventTarget-impl.js:286:3)
      at HTMLInputElementImpl._dispatch (node_modules/jsdom/lib/jsdom/living/events/EventTarget-impl.js:233:9)
      at HTMLInputElementImpl.dispatchEvent (node_modules/jsdom/lib/jsdom/living/events/EventTarget-impl.js:104:17)
      at HTMLInputElement.dispatchEvent (node_modules/jsdom/lib/jsdom/living/generated/EventTarget.js:241:34)
      at node_modules/@testing-library/user-event/dist/cjs/event/dispatchEvent.js:45:43
      at Object.eventWrapper (node_modules/@testing-library/dom/dist/config.js:25:23)
      at Object.wrapEvent (node_modules/@testing-library/user-event/dist/cjs/event/wrapEvent.js:6:28)
      at Object.dispatchEvent (node_modules/@testing-library/user-event/dist/cjs/event/dispatchEvent.js:45:22)
      at Object.dispatchUIEvent (node_modules/@testing-library/user-event/dist/cjs/event/dispatchEvent.js:22:26)
      at commitInput (node_modules/@testing-library/user-event/dist/cjs/event/input.js:145:14)
      at editInputElement (node_modules/@testing-library/user-event/dist/cjs/event/input.js:115:9)
      at Object.input (node_modules/@testing-library/user-event/dist/cjs/event/input.js:37:9)
      at node_modules/@testing-library/user-event/dist/cjs/event/behavior/keypress.js:31:26
      at Object.dispatchEvent (node_modules/@testing-library/user-event/dist/cjs/event/dispatchEvent.js:41:13)
      at Object.dispatchUIEvent (node_modules/@testing-library/user-event/dist/cjs/event/dispatchEvent.js:22:26)
      at KeyboardHost.keydown (node_modules/@testing-library/user-event/dist/cjs/system/keyboard.js:76:22)
      at keyboardAction (node_modules/@testing-library/user-event/dist/cjs/keyboard/index.js:22:35)
      at Object.keyboard (node_modules/@testing-library/user-event/dist/cjs/keyboard/index.js:11:15)
      at Object.type (node_modules/@testing-library/user-event/dist/cjs/utility/type.js:17:5)
      at Object.<anonymous> (src/client/components/__tests__/PlatformAdmin.test.tsx:403:5)

    console.error
      Warning: An update to TypeaheadMultiSelect inside a test was not wrapped in act(...).
      
      When testing, code that causes React state updates should be wrapped into act(...):
      
      act(() => {
        /* fire events that update state */
      });
      /* assert on the output */
      
      This ensures that you're testing the behavior the user would see in the browser. Learn more at 
https://reactjs.org/link/wrap-tests-with-act
          at TypeaheadMultiSelect 
(C:\Users\ryamiller\ASM\ai-poc\AI-Pilot\src\client\components\PlatformAdmin.tsx:907:3)
          at div
          at div
          at article
          at FlagCard (C:\Users\ryamiller\ASM\ai-poc\AI-Pilot\src\client\components\PlatformAdmin.tsx:1186:3)
          at div
          at section
          at FeatureFlagsSection 
(C:\Users\ryamiller\ASM\ai-poc\AI-Pilot\src\client\components\PlatformAdmin.tsx:1018:55)
          at div
          at main
          at div
          at PlatformAdmin (C:\Users\ryamiller\ASM\ai-poc\AI-Pilot\src\client\components\PlatformAdmin.tsx:141:3)

      971 |         placeholder={placeholder}
      972 |         disabled={disabled || options.length === 0}
    > 973 |         onChange={(event) => setSearchQuery(event.target.value)}
          |                              ^
      974 |         autoComplete="off"
      975 |       />
      976 |       {options.length === 0 ? (

      at printWarning (node_modules/react-dom/cjs/react-dom.development.js:86:30)
      at error (node_modules/react-dom/cjs/react-dom.development.js:60:7)
      at warnIfUpdatesNotWrappedWithActDEV (node_modules/react-dom/cjs/react-dom.development.js:27628:9)
      at scheduleUpdateOnFiber (node_modules/react-dom/cjs/react-dom.development.js:25547:5)
      at dispatchSetState (node_modules/react-dom/cjs/react-dom.development.js:16708:7)
      at onChange (src/client/components/PlatformAdmin.tsx:973:30)
      at HTMLUnknownElement.callCallback (node_modules/react-dom/cjs/react-dom.development.js:4164:14)
      at HTMLUnknownElement.callTheUserObjectsOperation 
(node_modules/jsdom/lib/jsdom/living/generated/EventListener.js:26:30)
      at innerInvokeEventListeners (node_modules/jsdom/lib/jsdom/living/events/EventTarget-impl.js:350:25)
      at invokeEventListeners (node_modules/jsdom/lib/jsdom/living/events/EventTarget-impl.js:286:3)
      at HTMLUnknownElementImpl._dispatch (node_modules/jsdom/lib/jsdom/living/events/EventTarget-impl.js:233:9)
      at HTMLUnknownElementImpl.dispatchEvent (node_modules/jsdom/lib/jsdom/living/events/EventTarget-impl.js:104:17)
      at HTMLUnknownElement.dispatchEvent (node_modules/jsdom/lib/jsdom/living/generated/EventTarget.js:241:34)
      at Object.invokeGuardedCallbackDev (node_modules/react-dom/cjs/react-dom.development.js:4213:16)
      at invokeGuardedCallback (node_modules/react-dom/cjs/react-dom.development.js:4277:31)
      at invokeGuardedCallbackAndCatchFirstError (node_modules/react-dom/cjs/react-dom.development.js:4291:25)
      at executeDispatch (node_modules/react-dom/cjs/react-dom.development.js:9041:3)
      at processDispatchQueueItemsInOrder (node_modules/react-dom/cjs/react-dom.development.js:9073:7)
      at processDispatchQueue (node_modules/react-dom/cjs/react-dom.development.js:9086:5)
      at dispatchEventsForPlugins (node_modules/react-dom/cjs/react-dom.development.js:9097:3)
      at node_modules/react-dom/cjs/react-dom.development.js:9288:12
      at batchedUpdates$1 (node_modules/react-dom/cjs/react-dom.development.js:26179:12)
      at batchedUpdates (node_modules/react-dom/cjs/react-dom.development.js:3991:12)
      at dispatchEventForPluginEventSystem (node_modules/react-dom/cjs/react-dom.development.js:9287:3)
      at dispatchEventWithEnableCapturePhaseSelectiveHydrationWithoutDiscreteEventReplay 
(node_modules/react-dom/cjs/react-dom.development.js:6465:5)
      at dispatchEvent (node_modules/react-dom/cjs/react-dom.development.js:6457:5)
      at dispatchDiscreteEvent (node_modules/react-dom/cjs/react-dom.development.js:6430:5)
      at HTMLDivElement.callTheUserObjectsOperation 
(node_modules/jsdom/lib/jsdom/living/generated/EventListener.js:26:30)
      at innerInvokeEventListeners (node_modules/jsdom/lib/jsdom/living/events/EventTarget-impl.js:350:25)
      at invokeEventListeners (node_modules/jsdom/lib/jsdom/living/events/EventTarget-impl.js:286:3)
      at HTMLInputElementImpl._dispatch (node_modules/jsdom/lib/jsdom/living/events/EventTarget-impl.js:233:9)
      at HTMLInputElementImpl.dispatchEvent (node_modules/jsdom/lib/jsdom/living/events/EventTarget-impl.js:104:17)
      at HTMLInputElement.dispatchEvent (node_modules/jsdom/lib/jsdom/living/generated/EventTarget.js:241:34)
      at node_modules/@testing-library/user-event/dist/cjs/event/dispatchEvent.js:45:43
      at Object.eventWrapper (node_modules/@testing-library/dom/dist/config.js:25:23)
      at Object.wrapEvent (node_modules/@testing-library/user-event/dist/cjs/event/wrapEvent.js:6:28)
      at Object.dispatchEvent (node_modules/@testing-library/user-event/dist/cjs/event/dispatchEvent.js:45:22)
      at Object.dispatchUIEvent (node_modules/@testing-library/user-event/dist/cjs/event/dispatchEvent.js:22:26)
      at commitInput (node_modules/@testing-library/user-event/dist/cjs/event/input.js:145:14)
      at editInputElement (node_modules/@testing-library/user-event/dist/cjs/event/input.js:115:9)
      at Object.input (node_modules/@testing-library/user-event/dist/cjs/event/input.js:37:9)
      at node_modules/@testing-library/user-event/dist/cjs/event/behavior/keypress.js:31:26
      at Object.dispatchEvent (node_modules/@testing-library/user-event/dist/cjs/event/dispatchEvent.js:41:13)
      at Object.dispatchUIEvent (node_modules/@testing-library/user-event/dist/cjs/event/dispatchEvent.js:22:26)
      at KeyboardHost.keydown (node_modules/@testing-library/user-event/dist/cjs/system/keyboard.js:76:22)
      at keyboardAction (node_modules/@testing-library/user-event/dist/cjs/keyboard/index.js:22:35)
      at Object.keyboard (node_modules/@testing-library/user-event/dist/cjs/keyboard/index.js:11:15)
      at Object.type (node_modules/@testing-library/user-event/dist/cjs/utility/type.js:17:5)
      at Object.<anonymous> (src/client/components/__tests__/PlatformAdmin.test.tsx:403:5)

    console.error
      Warning: An update to FlagCard inside a test was not wrapped in act(...).
      
      When testing, code that causes React state updates should be wrapped into act(...):
      
      act(() => {
        /* fire events that update state */
      });
      /* assert on the output */
      
      This ensures that you're testing the behavior the user would see in the browser. Learn more at 
https://reactjs.org/link/wrap-tests-with-act
          at FlagCard (C:\Users\ryamiller\ASM\ai-poc\AI-Pilot\src\client\components\PlatformAdmin.tsx:1186:3)
          at div
          at section
          at FeatureFlagsSection 
(C:\Users\ryamiller\ASM\ai-poc\AI-Pilot\src\client\components\PlatformAdmin.tsx:1018:55)
          at div
          at main
          at div
          at PlatformAdmin (C:\Users\ryamiller\ASM\ai-poc\AI-Pilot\src\client\components\PlatformAdmin.tsx:141:3)

      933 |   const handleAdd = (value: string) => {
      934 |     if (selectedSet.has(value)) return;
    > 935 |     onChange([...selectedValues, value]);
          |     ^
      936 |     setSearchQuery('');
      937 |   };
      938 |

      at printWarning (node_modules/react-dom/cjs/react-dom.development.js:86:30)
      at error (node_modules/react-dom/cjs/react-dom.development.js:60:7)
      at warnIfUpdatesNotWrappedWithActDEV (node_modules/react-dom/cjs/react-dom.development.js:27628:9)
      at scheduleUpdateOnFiber (node_modules/react-dom/cjs/react-dom.development.js:25547:5)
      at dispatchSetState (node_modules/react-dom/cjs/react-dom.development.js:16708:7)
      at handleAdd (src/client/components/PlatformAdmin.tsx:935:5)
      at onClick (src/client/components/PlatformAdmin.tsx:986:32)
      at HTMLUnknownElement.callCallback (node_modules/react-dom/cjs/react-dom.development.js:4164:14)
      at HTMLUnknownElement.callTheUserObjectsOperation 
(node_modules/jsdom/lib/jsdom/living/generated/EventListener.js:26:30)
      at innerInvokeEventListeners (node_modules/jsdom/lib/jsdom/living/events/EventTarget-impl.js:350:25)
      at invokeEventListeners (node_modules/jsdom/lib/jsdom/living/events/EventTarget-impl.js:286:3)
      at HTMLUnknownElementImpl._dispatch (node_modules/jsdom/lib/jsdom/living/events/EventTarget-impl.js:233:9)
      at HTMLUnknownElementImpl.dispatchEvent (node_modules/jsdom/lib/jsdom/living/events/EventTarget-impl.js:104:17)
      at HTMLUnknownElement.dispatchEvent (node_modules/jsdom/lib/jsdom/living/generated/EventTarget.js:241:34)
      at Object.invokeGuardedCallbackDev (node_modules/react-dom/cjs/react-dom.development.js:4213:16)
      at invokeGuardedCallback (node_modules/react-dom/cjs/react-dom.development.js:4277:31)
      at invokeGuardedCallbackAndCatchFirstError (node_modules/react-dom/cjs/react-dom.development.js:4291:25)
      at executeDispatch (node_modules/react-dom/cjs/react-dom.development.js:9041:3)
      at processDispatchQueueItemsInOrder (node_modules/react-dom/cjs/react-dom.development.js:9073:7)
      at processDispatchQueue (node_modules/react-dom/cjs/react-dom.development.js:9086:5)
      at dispatchEventsForPlugins (node_modules/react-dom/cjs/react-dom.development.js:9097:3)
      at node_modules/react-dom/cjs/react-dom.development.js:9288:12
      at batchedUpdates$1 (node_modules/react-dom/cjs/react-dom.development.js:26179:12)
      at batchedUpdates (node_modules/react-dom/cjs/react-dom.development.js:3991:12)
      at dispatchEventForPluginEventSystem (node_modules/react-dom/cjs/react-dom.development.js:9287:3)
      at dispatchEventWithEnableCapturePhaseSelectiveHydrationWithoutDiscreteEventReplay 
(node_modules/react-dom/cjs/react-dom.development.js:6465:5)
      at dispatchEvent (node_modules/react-dom/cjs/react-dom.development.js:6457:5)
      at dispatchDiscreteEvent (node_modules/react-dom/cjs/react-dom.development.js:6430:5)
      at HTMLDivElement.callTheUserObjectsOperation 
(node_modules/jsdom/lib/jsdom/living/generated/EventListener.js:26:30)
      at innerInvokeEventListeners (node_modules/jsdom/lib/jsdom/living/events/EventTarget-impl.js:350:25)
      at invokeEventListeners (node_modules/jsdom/lib/jsdom/living/events/EventTarget-impl.js:286:3)
      at HTMLButtonElementImpl._dispatch (node_modules/jsdom/lib/jsdom/living/events/EventTarget-impl.js:233:9)
      at HTMLButtonElementImpl.dispatchEvent (node_modules/jsdom/lib/jsdom/living/events/EventTarget-impl.js:104:17)
      at HTMLButtonElement.dispatchEvent (node_modules/jsdom/lib/jsdom/living/generated/EventTarget.js:241:34)
      at node_modules/@testing-library/user-event/dist/cjs/event/dispatchEvent.js:45:43
      at Object.eventWrapper (node_modules/@testing-library/dom/dist/config.js:25:23)
      at Object.wrapEvent (node_modules/@testing-library/user-event/dist/cjs/event/wrapEvent.js:6:28)
      at Object.dispatchEvent (node_modules/@testing-library/user-event/dist/cjs/event/dispatchEvent.js:45:22)
      at Object.dispatchUIEvent (node_modules/@testing-library/user-event/dist/cjs/event/dispatchEvent.js:22:26)
      at Mouse.up (node_modules/@testing-library/user-event/dist/cjs/system/pointer/mouse.js:100:30)
      at PointerHost.release (node_modules/@testing-library/user-event/dist/cjs/system/pointer/index.js:87:24)
      at pointerAction (node_modules/@testing-library/user-event/dist/cjs/pointer/index.js:54:47)
      at Object.pointer (node_modules/@testing-library/user-event/dist/cjs/pointer/index.js:27:9)
      at Object.<anonymous> (src/client/components/__tests__/PlatformAdmin.test.tsx:404:5)

    console.error
      Warning: An update to TypeaheadMultiSelect inside a test was not wrapped in act(...).
      
      When testing, code that causes React state updates should be wrapped into act(...):
      
      act(() => {
        /* fire events that update state */
      });
      /* assert on the output */
      
      This ensures that you're testing the behavior the user would see in the browser. Learn more at 
https://reactjs.org/link/wrap-tests-with-act
          at TypeaheadMultiSelect 
(C:\Users\ryamiller\ASM\ai-poc\AI-Pilot\src\client\components\PlatformAdmin.tsx:907:3)
          at div
          at div
          at article
          at FlagCard (C:\Users\ryamiller\ASM\ai-poc\AI-Pilot\src\client\components\PlatformAdmin.tsx:1186:3)
          at div
          at section
          at FeatureFlagsSection 
(C:\Users\ryamiller\ASM\ai-poc\AI-Pilot\src\client\components\PlatformAdmin.tsx:1018:55)
          at div
          at main
          at div
          at PlatformAdmin (C:\Users\ryamiller\ASM\ai-poc\AI-Pilot\src\client\components\PlatformAdmin.tsx:141:3)

      934 |     if (selectedSet.has(value)) return;
      935 |     onChange([...selectedValues, value]);
    > 936 |     setSearchQuery('');
          |     ^
      937 |   };
      938 |
      939 |   const handleRemove = (value: string) => {

      at printWarning (node_modules/react-dom/cjs/react-dom.development.js:86:30)
      at error (node_modules/react-dom/cjs/react-dom.development.js:60:7)
      at warnIfUpdatesNotWrappedWithActDEV (node_modules/react-dom/cjs/react-dom.development.js:27628:9)
      at scheduleUpdateOnFiber (node_modules/react-dom/cjs/react-dom.development.js:25547:5)
      at dispatchSetState (node_modules/react-dom/cjs/react-dom.development.js:16708:7)
      at handleAdd (src/client/components/PlatformAdmin.tsx:936:5)
      at onClick (src/client/components/PlatformAdmin.tsx:986:32)
      at HTMLUnknownElement.callCallback (node_modules/react-dom/cjs/react-dom.development.js:4164:14)
      at HTMLUnknownElement.callTheUserObjectsOperation 
(node_modules/jsdom/lib/jsdom/living/generated/EventListener.js:26:30)
      at innerInvokeEventListeners (node_modules/jsdom/lib/jsdom/living/events/EventTarget-impl.js:350:25)
      at invokeEventListeners (node_modules/jsdom/lib/jsdom/living/events/EventTarget-impl.js:286:3)
      at HTMLUnknownElementImpl._dispatch (node_modules/jsdom/lib/jsdom/living/events/EventTarget-impl.js:233:9)
      at HTMLUnknownElementImpl.dispatchEvent (node_modules/jsdom/lib/jsdom/living/events/EventTarget-impl.js:104:17)
      at HTMLUnknownElement.dispatchEvent (node_modules/jsdom/lib/jsdom/living/generated/EventTarget.js:241:34)
      at Object.invokeGuardedCallbackDev (node_modules/react-dom/cjs/react-dom.development.js:4213:16)
      at invokeGuardedCallback (node_modules/react-dom/cjs/react-dom.development.js:4277:31)
      at invokeGuardedCallbackAndCatchFirstError (node_modules/react-dom/cjs/react-dom.development.js:4291:25)
      at executeDispatch (node_modules/react-dom/cjs/react-dom.development.js:9041:3)
      at processDispatchQueueItemsInOrder (node_modules/react-dom/cjs/react-dom.development.js:9073:7)
      at processDispatchQueue (node_modules/react-dom/cjs/react-dom.development.js:9086:5)
      at dispatchEventsForPlugins (node_modules/react-dom/cjs/react-dom.development.js:9097:3)
      at node_modules/react-dom/cjs/react-dom.development.js:9288:12
      at batchedUpdates$1 (node_modules/react-dom/cjs/react-dom.development.js:26179:12)
      at batchedUpdates (node_modules/react-dom/cjs/react-dom.development.js:3991:12)
      at dispatchEventForPluginEventSystem (node_modules/react-dom/cjs/react-dom.development.js:9287:3)
      at dispatchEventWithEnableCapturePhaseSelectiveHydrationWithoutDiscreteEventReplay 
(node_modules/react-dom/cjs/react-dom.development.js:6465:5)
      at dispatchEvent (node_modules/react-dom/cjs/react-dom.development.js:6457:5)
      at dispatchDiscreteEvent (node_modules/react-dom/cjs/react-dom.development.js:6430:5)
      at HTMLDivElement.callTheUserObjectsOperation 
(node_modules/jsdom/lib/jsdom/living/generated/EventListener.js:26:30)
      at innerInvokeEventListeners (node_modules/jsdom/lib/jsdom/living/events/EventTarget-impl.js:350:25)
      at invokeEventListeners (node_modules/jsdom/lib/jsdom/living/events/EventTarget-impl.js:286:3)
      at HTMLButtonElementImpl._dispatch (node_modules/jsdom/lib/jsdom/living/events/EventTarget-impl.js:233:9)
      at HTMLButtonElementImpl.dispatchEvent (node_modules/jsdom/lib/jsdom/living/events/EventTarget-impl.js:104:17)
      at HTMLButtonElement.dispatchEvent (node_modules/jsdom/lib/jsdom/living/generated/EventTarget.js:241:34)
      at node_modules/@testing-library/user-event/dist/cjs/event/dispatchEvent.js:45:43
      at Object.eventWrapper (node_modules/@testing-library/dom/dist/config.js:25:23)
      at Object.wrapEvent (node_modules/@testing-library/user-event/dist/cjs/event/wrapEvent.js:6:28)
      at Object.dispatchEvent (node_modules/@testing-library/user-event/dist/cjs/event/dispatchEvent.js:45:22)
      at Object.dispatchUIEvent (node_modules/@testing-library/user-event/dist/cjs/event/dispatchEvent.js:22:26)
      at Mouse.up (node_modules/@testing-library/user-event/dist/cjs/system/pointer/mouse.js:100:30)
      at PointerHost.release (node_modules/@testing-library/user-event/dist/cjs/system/pointer/index.js:87:24)
      at pointerAction (node_modules/@testing-library/user-event/dist/cjs/pointer/index.js:54:47)
      at Object.pointer (node_modules/@testing-library/user-event/dist/cjs/pointer/index.js:27:9)
      at Object.<anonymous> (src/client/components/__tests__/PlatformAdmin.test.tsx:404:5)

    console.error
      Warning: An update to FlagCard inside a test was not wrapped in act(...).
      
      When testing, code that causes React state updates should be wrapped into act(...):
      
      act(() => {
        /* fire events that update state */
      });
      /* assert on the output */
      
      This ensures that you're testing the behavior the user would see in the browser. Learn more at 
https://reactjs.org/link/wrap-tests-with-act
          at FlagCard (C:\Users\ryamiller\ASM\ai-poc\AI-Pilot\src\client\components\PlatformAdmin.tsx:1186:3)
          at div
          at section
          at FeatureFlagsSection 
(C:\Users\ryamiller\ASM\ai-poc\AI-Pilot\src\client\components\PlatformAdmin.tsx:1018:55)
          at div
          at main
          at div
          at PlatformAdmin (C:\Users\ryamiller\ASM\ai-poc\AI-Pilot\src\client\components\PlatformAdmin.tsx:141:3)

      1319 |     }
      1320 |
    > 1321 |     setSelectedTargets([]);
           |     ^
      1322 |   };
      1323 |
      1324 |   const handleRemoveRule = (ruleId: string) => {

      at printWarning (node_modules/react-dom/cjs/react-dom.development.js:86:30)
      at error (node_modules/react-dom/cjs/react-dom.development.js:60:7)
      at warnIfUpdatesNotWrappedWithActDEV (node_modules/react-dom/cjs/react-dom.development.js:27628:9)
      at scheduleUpdateOnFiber (node_modules/react-dom/cjs/react-dom.development.js:25547:5)
      at dispatchSetState (node_modules/react-dom/cjs/react-dom.development.js:16708:7)
      at handleAddRules (src/client/components/PlatformAdmin.tsx:1321:5)

    console.error
      Warning: An update to PlatformAdmin inside a test was not wrapped in act(...).
      
      When testing, code that causes React state updates should be wrapped into act(...):
      
      act(() => {
        /* fire events that update state */
      });
      /* assert on the output */
      
      This ensures that you're testing the behavior the user would see in the browser. Learn more at 
https://reactjs.org/link/wrap-tests-with-act
          at PlatformAdmin (C:\Users\ryamiller\ASM\ai-poc\AI-Pilot\src\client\components\PlatformAdmin.tsx:141:3)

      313 |               aria-controls="platform-admin-panel-flags"
      314 |               className={`${styles.tabButton} ${activeTab === 'flags' ? styles.tabButtonActive : ''}`}
    > 315 |               onClick={() => setActiveTab('flags')}
          |                              ^
      316 |             >
      317 |               Feature Flags
      318 |             </button>

      at printWarning (node_modules/react-dom/cjs/react-dom.development.js:86:30)
      at error (node_modules/react-dom/cjs/react-dom.development.js:60:7)
      at warnIfUpdatesNotWrappedWithActDEV (node_modules/react-dom/cjs/react-dom.development.js:27628:9)
      at scheduleUpdateOnFiber (node_modules/react-dom/cjs/react-dom.development.js:25547:5)
      at dispatchSetState (node_modules/react-dom/cjs/react-dom.development.js:16708:7)
      at onClick (src/client/components/PlatformAdmin.tsx:315:30)
      at HTMLUnknownElement.callCallback (node_modules/react-dom/cjs/react-dom.development.js:4164:14)
      at HTMLUnknownElement.callTheUserObjectsOperation 
(node_modules/jsdom/lib/jsdom/living/generated/EventListener.js:26:30)
      at innerInvokeEventListeners (node_modules/jsdom/lib/jsdom/living/events/EventTarget-impl.js:350:25)
      at invokeEventListeners (node_modules/jsdom/lib/jsdom/living/events/EventTarget-impl.js:286:3)
      at HTMLUnknownElementImpl._dispatch (node_modules/jsdom/lib/jsdom/living/events/EventTarget-impl.js:233:9)
      at HTMLUnknownElementImpl.dispatchEvent (node_modules/jsdom/lib/jsdom/living/events/EventTarget-impl.js:104:17)
      at HTMLUnknownElement.dispatchEvent (node_modules/jsdom/lib/jsdom/living/generated/EventTarget.js:241:34)
      at Object.invokeGuardedCallbackDev (node_modules/react-dom/cjs/react-dom.development.js:4213:16)
      at invokeGuardedCallback (node_modules/react-dom/cjs/react-dom.development.js:4277:31)
      at invokeGuardedCallbackAndCatchFirstError (node_modules/react-dom/cjs/react-dom.development.js:4291:25)
      at executeDispatch (node_modules/react-dom/cjs/react-dom.development.js:9041:3)
      at processDispatchQueueItemsInOrder (node_modules/react-dom/cjs/react-dom.development.js:9073:7)
      at processDispatchQueue (node_modules/react-dom/cjs/react-dom.development.js:9086:5)
      at dispatchEventsForPlugins (node_modules/react-dom/cjs/react-dom.development.js:9097:3)
      at node_modules/react-dom/cjs/react-dom.development.js:9288:12
      at batchedUpdates$1 (node_modules/react-dom/cjs/react-dom.development.js:26179:12)
      at batchedUpdates (node_modules/react-dom/cjs/react-dom.development.js:3991:12)
      at dispatchEventForPluginEventSystem (node_modules/react-dom/cjs/react-dom.development.js:9287:3)
      at dispatchEventWithEnableCapturePhaseSelectiveHydrationWithoutDiscreteEventReplay 
(node_modules/react-dom/cjs/react-dom.development.js:6465:5)
      at dispatchEvent (node_modules/react-dom/cjs/react-dom.development.js:6457:5)
      at dispatchDiscreteEvent (node_modules/react-dom/cjs/react-dom.development.js:6430:5)
      at HTMLDivElement.callTheUserObjectsOperation 
(node_modules/jsdom/lib/jsdom/living/generated/EventListener.js:26:30)
      at innerInvokeEventListeners (node_modules/jsdom/lib/jsdom/living/events/EventTarget-impl.js:350:25)
      at invokeEventListeners (node_modules/jsdom/lib/jsdom/living/events/EventTarget-impl.js:286:3)
      at HTMLButtonElementImpl._dispatch (node_modules/jsdom/lib/jsdom/living/events/EventTarget-impl.js:233:9)
      at HTMLButtonElementImpl.dispatchEvent (node_modules/jsdom/lib/jsdom/living/events/EventTarget-impl.js:104:17)
      at HTMLButtonElement.dispatchEvent (node_modules/jsdom/lib/jsdom/living/generated/EventTarget.js:241:34)
      at node_modules/@testing-library/user-event/dist/cjs/event/dispatchEvent.js:45:43
      at Object.eventWrapper (node_modules/@testing-library/dom/dist/config.js:25:23)
      at Object.wrapEvent (node_modules/@testing-library/user-event/dist/cjs/event/wrapEvent.js:6:28)
      at Object.dispatchEvent (node_modules/@testing-library/user-event/dist/cjs/event/dispatchEvent.js:45:22)
      at Object.dispatchUIEvent (node_modules/@testing-library/user-event/dist/cjs/event/dispatchEvent.js:22:26)
      at Mouse.up (node_modules/@testing-library/user-event/dist/cjs/system/pointer/mouse.js:100:30)
      at PointerHost.release (node_modules/@testing-library/user-event/dist/cjs/system/pointer/index.js:87:24)
      at pointerAction (node_modules/@testing-library/user-event/dist/cjs/pointer/index.js:54:47)
      at Object.pointer (node_modules/@testing-library/user-event/dist/cjs/pointer/index.js:27:9)
      at Object.<anonymous> (src/client/components/__tests__/PlatformAdmin.test.tsx:425:5)

    console.error
      Warning: An update to FeatureFlagsSection inside a test was not wrapped in act(...).
      
      When testing, code that causes React state updates should be wrapped into act(...):
      
      act(() => {
        /* fire events that update state */
      });
      /* assert on the output */
      
      This ensures that you're testing the behavior the user would see in the browser. Learn more at 
https://reactjs.org/link/wrap-tests-with-act
          at FeatureFlagsSection 
(C:\Users\ryamiller\ASM\ai-poc\AI-Pilot\src\client\components\PlatformAdmin.tsx:1018:55)
          at div
          at main
          at div
          at PlatformAdmin (C:\Users\ryamiller\ASM\ai-poc\AI-Pilot\src\client\components\PlatformAdmin.tsx:141:3)

      at printWarning (node_modules/react-dom/cjs/react-dom.development.js:86:30)
      at error (node_modules/react-dom/cjs/react-dom.development.js:60:7)
      at warnIfUpdatesNotWrappedWithActDEV (node_modules/react-dom/cjs/react-dom.development.js:27628:9)
      at scheduleUpdateOnFiber (node_modules/react-dom/cjs/react-dom.development.js:25547:5)
      at dispatchSetState (node_modules/react-dom/cjs/react-dom.development.js:16708:7)
      at control (node_modules/react-hook-form/src/useForm.ts:117:6)
      at commitHookEffectListMount (node_modules/react-dom/cjs/react-dom.development.js:23189:26)
      at commitLayoutEffectOnFiber (node_modules/react-dom/cjs/react-dom.development.js:23312:15)
      at commitLayoutMountEffects_complete (node_modules/react-dom/cjs/react-dom.development.js:24727:9)
      at commitLayoutEffects_begin (node_modules/react-dom/cjs/react-dom.development.js:24713:7)
      at commitLayoutEffects (node_modules/react-dom/cjs/react-dom.development.js:24651:3)
      at commitRootImpl (node_modules/react-dom/cjs/react-dom.development.js:26862:5)
      at commitRoot (node_modules/react-dom/cjs/react-dom.development.js:26721:5)
      at performSyncWorkOnRoot (node_modules/react-dom/cjs/react-dom.development.js:26156:3)
      at flushSyncCallbacks (node_modules/react-dom/cjs/react-dom.development.js:12042:22)
      at node_modules/react-dom/cjs/react-dom.development.js:25690:13
      at invokeTheCallbackFunction (node_modules/jsdom/lib/jsdom/living/generated/Function.js:19:26)
      at node_modules/jsdom/lib/jsdom/browser/Window.js:554:9

    console.error
      Warning: An update to FlagCard inside a test was not wrapped in act(...).
      
      When testing, code that causes React state updates should be wrapped into act(...):
      
      act(() => {
        /* fire events that update state */
      });
      /* assert on the output */
      
      This ensures that you're testing the behavior the user would see in the browser. Learn more at 
https://reactjs.org/link/wrap-tests-with-act
          at FlagCard (C:\Users\ryamiller\ASM\ai-poc\AI-Pilot\src\client\components\PlatformAdmin.tsx:1186:3)
          at div
          at section
          at FeatureFlagsSection 
(C:\Users\ryamiller\ASM\ai-poc\AI-Pilot\src\client\components\PlatformAdmin.tsx:1018:55)
          at div
          at main
          at div
          at PlatformAdmin (C:\Users\ryamiller\ASM\ai-poc\AI-Pilot\src\client\components\PlatformAdmin.tsx:141:3)

      1219 |
      1220 |   useEffect(() => {
    > 1221 |     setSelectedTargets([]);
           |     ^
      1222 |   }, [ruleType]);
      1223 |
      1224 |   const targetOptions = useMemo<TypeaheadOption[]>(() => {

      at printWarning (node_modules/react-dom/cjs/react-dom.development.js:86:30)
      at error (node_modules/react-dom/cjs/react-dom.development.js:60:7)
      at warnIfUpdatesNotWrappedWithActDEV (node_modules/react-dom/cjs/react-dom.development.js:27628:9)
      at scheduleUpdateOnFiber (node_modules/react-dom/cjs/react-dom.development.js:25547:5)
      at dispatchSetState (node_modules/react-dom/cjs/react-dom.development.js:16708:7)
      at src/client/components/PlatformAdmin.tsx:1221:5
      at commitHookEffectListMount (node_modules/react-dom/cjs/react-dom.development.js:23189:26)
      at commitPassiveMountOnFiber (node_modules/react-dom/cjs/react-dom.development.js:24970:11)
      at commitPassiveMountEffects_complete (node_modules/react-dom/cjs/react-dom.development.js:24930:9)
      at commitPassiveMountEffects_begin (node_modules/react-dom/cjs/react-dom.development.js:24917:7)
      at commitPassiveMountEffects (node_modules/react-dom/cjs/react-dom.development.js:24905:3)
      at flushPassiveEffectsImpl (node_modules/react-dom/cjs/react-dom.development.js:27078:3)
      at flushPassiveEffects (node_modules/react-dom/cjs/react-dom.development.js:27023:14)
      at commitRootImpl (node_modules/react-dom/cjs/react-dom.development.js:26974:5)
      at commitRoot (node_modules/react-dom/cjs/react-dom.development.js:26721:5)
      at performSyncWorkOnRoot (node_modules/react-dom/cjs/react-dom.development.js:26156:3)
      at flushSyncCallbacks (node_modules/react-dom/cjs/react-dom.development.js:12042:22)
      at node_modules/react-dom/cjs/react-dom.development.js:25690:13
      at invokeTheCallbackFunction (node_modules/jsdom/lib/jsdom/living/generated/Function.js:19:26)
      at node_modules/jsdom/lib/jsdom/browser/Window.js:554:9

    console.error
      Warning: An update to FeatureFlagsSection inside a test was not wrapped in act(...).
      
      When testing, code that causes React state updates should be wrapped into act(...):
      
      act(() => {
        /* fire events that update state */
      });
      /* assert on the output */
      
      This ensures that you're testing the behavior the user would see in the browser. Learn more at 
https://reactjs.org/link/wrap-tests-with-act
          at FeatureFlagsSection 
(C:\Users\ryamiller\ASM\ai-poc\AI-Pilot\src\client\components\PlatformAdmin.tsx:1018:55)
          at div
          at main
          at div
          at PlatformAdmin (C:\Users\ryamiller\ASM\ai-poc\AI-Pilot\src\client\components\PlatformAdmin.tsx:141:3)

      1136 |               isExpanded={expandedFlagId === flag.id}
      1137 |               showAudit={auditFlagId === flag.id}
    > 1138 |               onToggleExpand={() => setExpandedFlagId(expandedFlagId === flag.id ? null : flag.id)}
           |                                     ^
      1139 |               onToggleAudit={() => setAuditFlagId(auditFlagId === flag.id ? null : flag.id)}
      1140 |               onToggleEnabled={() => handleToggleEnabled(flag)}
      1141 |               onLifecycleChange={(lc) => handleLifecycleChange(flag, lc)}

      at printWarning (node_modules/react-dom/cjs/react-dom.development.js:86:30)
      at error (node_modules/react-dom/cjs/react-dom.development.js:60:7)
      at warnIfUpdatesNotWrappedWithActDEV (node_modules/react-dom/cjs/react-dom.development.js:27628:9)
      at scheduleUpdateOnFiber (node_modules/react-dom/cjs/react-dom.development.js:25547:5)
      at dispatchSetState (node_modules/react-dom/cjs/react-dom.development.js:16708:7)
      at onToggleExpand (src/client/components/PlatformAdmin.tsx:1138:37)
      at HTMLUnknownElement.callCallback (node_modules/react-dom/cjs/react-dom.development.js:4164:14)
      at HTMLUnknownElement.callTheUserObjectsOperation 
(node_modules/jsdom/lib/jsdom/living/generated/EventListener.js:26:30)
      at innerInvokeEventListeners (node_modules/jsdom/lib/jsdom/living/events/EventTarget-impl.js:350:25)
      at invokeEventListeners (node_modules/jsdom/lib/jsdom/living/events/EventTarget-impl.js:286:3)
      at HTMLUnknownElementImpl._dispatch (node_modules/jsdom/lib/jsdom/living/events/EventTarget-impl.js:233:9)
      at HTMLUnknownElementImpl.dispatchEvent (node_modules/jsdom/lib/jsdom/living/events/EventTarget-impl.js:104:17)
      at HTMLUnknownElement.dispatchEvent (node_modules/jsdom/lib/jsdom/living/generated/EventTarget.js:241:34)
      at Object.invokeGuardedCallbackDev (node_modules/react-dom/cjs/react-dom.development.js:4213:16)
      at invokeGuardedCallback (node_modules/react-dom/cjs/react-dom.development.js:4277:31)
      at invokeGuardedCallbackAndCatchFirstError (node_modules/react-dom/cjs/react-dom.development.js:4291:25)
      at executeDispatch (node_modules/react-dom/cjs/react-dom.development.js:9041:3)
      at processDispatchQueueItemsInOrder (node_modules/react-dom/cjs/react-dom.development.js:9073:7)
      at processDispatchQueue (node_modules/react-dom/cjs/react-dom.development.js:9086:5)
      at dispatchEventsForPlugins (node_modules/react-dom/cjs/react-dom.development.js:9097:3)
      at node_modules/react-dom/cjs/react-dom.development.js:9288:12
      at batchedUpdates$1 (node_modules/react-dom/cjs/react-dom.development.js:26179:12)
      at batchedUpdates (node_modules/react-dom/cjs/react-dom.development.js:3991:12)
      at dispatchEventForPluginEventSystem (node_modules/react-dom/cjs/react-dom.development.js:9287:3)
      at dispatchEventWithEnableCapturePhaseSelectiveHydrationWithoutDiscreteEventReplay 
(node_modules/react-dom/cjs/react-dom.development.js:6465:5)
      at dispatchEvent (node_modules/react-dom/cjs/react-dom.development.js:6457:5)
      at dispatchDiscreteEvent (node_modules/react-dom/cjs/react-dom.development.js:6430:5)
      at HTMLDivElement.callTheUserObjectsOperation 
(node_modules/jsdom/lib/jsdom/living/generated/EventListener.js:26:30)
      at innerInvokeEventListeners (node_modules/jsdom/lib/jsdom/living/events/EventTarget-impl.js:350:25)
      at invokeEventListeners (node_modules/jsdom/lib/jsdom/living/events/EventTarget-impl.js:286:3)
      at HTMLButtonElementImpl._dispatch (node_modules/jsdom/lib/jsdom/living/events/EventTarget-impl.js:233:9)
      at HTMLButtonElementImpl.dispatchEvent (node_modules/jsdom/lib/jsdom/living/events/EventTarget-impl.js:104:17)
      at HTMLButtonElement.dispatchEvent (node_modules/jsdom/lib/jsdom/living/generated/EventTarget.js:241:34)
      at node_modules/@testing-library/user-event/dist/cjs/event/dispatchEvent.js:45:43
      at Object.eventWrapper (node_modules/@testing-library/dom/dist/config.js:25:23)
      at Object.wrapEvent (node_modules/@testing-library/user-event/dist/cjs/event/wrapEvent.js:6:28)
      at Object.dispatchEvent (node_modules/@testing-library/user-event/dist/cjs/event/dispatchEvent.js:45:22)
      at Object.dispatchUIEvent (node_modules/@testing-library/user-event/dist/cjs/event/dispatchEvent.js:22:26)
      at Mouse.up (node_modules/@testing-library/user-event/dist/cjs/system/pointer/mouse.js:100:30)
      at PointerHost.release (node_modules/@testing-library/user-event/dist/cjs/system/pointer/index.js:87:24)
      at pointerAction (node_modules/@testing-library/user-event/dist/cjs/pointer/index.js:54:47)
      at Object.pointer (node_modules/@testing-library/user-event/dist/cjs/pointer/index.js:27:9)
      at Object.<anonymous> (src/client/components/__tests__/PlatformAdmin.test.tsx:426:5)

    console.error
      Warning: An update to FlagCard inside a test was not wrapped in act(...).
      
      When testing, code that causes React state updates should be wrapped into act(...):
      
      act(() => {
        /* fire events that update state */
      });
      /* assert on the output */
      
      This ensures that you're testing the behavior the user would see in the browser. Learn more at 
https://reactjs.org/link/wrap-tests-with-act
          at FlagCard (C:\Users\ryamiller\ASM\ai-poc\AI-Pilot\src\client\components\PlatformAdmin.tsx:1186:3)
          at div
          at section
          at FeatureFlagsSection 
(C:\Users\ryamiller\ASM\ai-poc\AI-Pilot\src\client\components\PlatformAdmin.tsx:1018:55)
          at div
          at main
          at div
          at PlatformAdmin (C:\Users\ryamiller\ASM\ai-poc\AI-Pilot\src\client\components\PlatformAdmin.tsx:141:3)

      1431 |                   value={ruleType}
      1432 |                   disabled={rulePending}
    > 1433 |                   onChange={(event) => setRuleType(event.target.value as FlagRuleType)}
           |                                        ^
      1434 |                 >
      1435 |                   <option value="everyone">everyone</option>
      1436 |                   <option value="project">project</option>

      at printWarning (node_modules/react-dom/cjs/react-dom.development.js:86:30)
      at error (node_modules/react-dom/cjs/react-dom.development.js:60:7)
      at warnIfUpdatesNotWrappedWithActDEV (node_modules/react-dom/cjs/react-dom.development.js:27628:9)
      at scheduleUpdateOnFiber (node_modules/react-dom/cjs/react-dom.development.js:25547:5)
      at dispatchSetState (node_modules/react-dom/cjs/react-dom.development.js:16708:7)
      at onChange (src/client/components/PlatformAdmin.tsx:1433:40)
      at HTMLUnknownElement.callCallback (node_modules/react-dom/cjs/react-dom.development.js:4164:14)
      at HTMLUnknownElement.callTheUserObjectsOperation 
(node_modules/jsdom/lib/jsdom/living/generated/EventListener.js:26:30)
      at innerInvokeEventListeners (node_modules/jsdom/lib/jsdom/living/events/EventTarget-impl.js:350:25)
      at invokeEventListeners (node_modules/jsdom/lib/jsdom/living/events/EventTarget-impl.js:286:3)
      at HTMLUnknownElementImpl._dispatch (node_modules/jsdom/lib/jsdom/living/events/EventTarget-impl.js:233:9)
      at HTMLUnknownElementImpl.dispatchEvent (node_modules/jsdom/lib/jsdom/living/events/EventTarget-impl.js:104:17)
      at HTMLUnknownElement.dispatchEvent (node_modules/jsdom/lib/jsdom/living/generated/EventTarget.js:241:34)
      at Object.invokeGuardedCallbackDev (node_modules/react-dom/cjs/react-dom.development.js:4213:16)
      at invokeGuardedCallback (node_modules/react-dom/cjs/react-dom.development.js:4277:31)
      at invokeGuardedCallbackAndCatchFirstError (node_modules/react-dom/cjs/react-dom.development.js:4291:25)
      at executeDispatch (node_modules/react-dom/cjs/react-dom.development.js:9041:3)
      at processDispatchQueueItemsInOrder (node_modules/react-dom/cjs/react-dom.development.js:9073:7)
      at processDispatchQueue (node_modules/react-dom/cjs/react-dom.development.js:9086:5)
      at dispatchEventsForPlugins (node_modules/react-dom/cjs/react-dom.development.js:9097:3)
      at node_modules/react-dom/cjs/react-dom.development.js:9288:12
      at batchedUpdates$1 (node_modules/react-dom/cjs/react-dom.development.js:26179:12)
      at batchedUpdates (node_modules/react-dom/cjs/react-dom.development.js:3991:12)
      at dispatchEventForPluginEventSystem (node_modules/react-dom/cjs/react-dom.development.js:9287:3)
      at dispatchEventWithEnableCapturePhaseSelectiveHydrationWithoutDiscreteEventReplay 
(node_modules/react-dom/cjs/react-dom.development.js:6465:5)
      at dispatchEvent (node_modules/react-dom/cjs/react-dom.development.js:6457:5)
      at dispatchDiscreteEvent (node_modules/react-dom/cjs/react-dom.development.js:6430:5)
      at HTMLDivElement.callTheUserObjectsOperation 
(node_modules/jsdom/lib/jsdom/living/generated/EventListener.js:26:30)
      at innerInvokeEventListeners (node_modules/jsdom/lib/jsdom/living/events/EventTarget-impl.js:350:25)
      at invokeEventListeners (node_modules/jsdom/lib/jsdom/living/events/EventTarget-impl.js:286:3)
      at HTMLSelectElementImpl._dispatch (node_modules/jsdom/lib/jsdom/living/events/EventTarget-impl.js:233:9)
      at HTMLSelectElementImpl.dispatchEvent (node_modules/jsdom/lib/jsdom/living/events/EventTarget-impl.js:104:17)
      at Proxy.dispatchEvent (node_modules/jsdom/lib/jsdom/living/generated/EventTarget.js:241:34)
      at node_modules/@testing-library/user-event/dist/cjs/event/dispatchEvent.js:45:43
      at Object.eventWrapper (node_modules/@testing-library/dom/dist/config.js:25:23)
      at Object.wrapEvent (node_modules/@testing-library/user-event/dist/cjs/event/wrapEvent.js:6:28)
      at Object.dispatchEvent (node_modules/@testing-library/user-event/dist/cjs/event/dispatchEvent.js:45:22)
      at Object.dispatchUIEvent (node_modules/@testing-library/user-event/dist/cjs/event/dispatchEvent.js:22:26)
      at selectOption (node_modules/@testing-library/user-event/dist/cjs/utility/selectOptions.js:51:14)
      at Object.selectOptionsBase (node_modules/@testing-library/user-event/dist/cjs/utility/selectOptions.js:87:13)
      at Object.<anonymous> (src/client/components/__tests__/PlatformAdmin.test.tsx:427:5)

    console.error
      Warning: An update to FlagCard inside a test was not wrapped in act(...).
      
      When testing, code that causes React state updates should be wrapped into act(...):
      
      act(() => {
        /* fire events that update state */
      });
      /* assert on the output */
      
      This ensures that you're testing the behavior the user would see in the browser. Learn more at 
https://reactjs.org/link/wrap-tests-with-act
          at FlagCard (C:\Users\ryamiller\ASM\ai-poc\AI-Pilot\src\client\components\PlatformAdmin.tsx:1186:3)
          at div
          at section
          at FeatureFlagsSection 
(C:\Users\ryamiller\ASM\ai-poc\AI-Pilot\src\client\components\PlatformAdmin.tsx:1018:55)
          at div
          at main
          at div
          at PlatformAdmin (C:\Users\ryamiller\ASM\ai-poc\AI-Pilot\src\client\components\PlatformAdmin.tsx:141:3)

      1219 |
      1220 |   useEffect(() => {
    > 1221 |     setSelectedTargets([]);
           |     ^
      1222 |   }, [ruleType]);
      1223 |
      1224 |   const targetOptions = useMemo<TypeaheadOption[]>(() => {

      at printWarning (node_modules/react-dom/cjs/react-dom.development.js:86:30)
      at error (node_modules/react-dom/cjs/react-dom.development.js:60:7)
      at warnIfUpdatesNotWrappedWithActDEV (node_modules/react-dom/cjs/react-dom.development.js:27628:9)
      at scheduleUpdateOnFiber (node_modules/react-dom/cjs/react-dom.development.js:25547:5)
      at dispatchSetState (node_modules/react-dom/cjs/react-dom.development.js:16708:7)
      at src/client/components/PlatformAdmin.tsx:1221:5
      at commitHookEffectListMount (node_modules/react-dom/cjs/react-dom.development.js:23189:26)
      at commitPassiveMountOnFiber (node_modules/react-dom/cjs/react-dom.development.js:24970:11)
      at commitPassiveMountEffects_complete (node_modules/react-dom/cjs/react-dom.development.js:24930:9)
      at commitPassiveMountEffects_begin (node_modules/react-dom/cjs/react-dom.development.js:24917:7)
      at commitPassiveMountEffects (node_modules/react-dom/cjs/react-dom.development.js:24905:3)
      at flushPassiveEffectsImpl (node_modules/react-dom/cjs/react-dom.development.js:27078:3)
      at flushPassiveEffects (node_modules/react-dom/cjs/react-dom.development.js:27023:14)
      at commitRootImpl (node_modules/react-dom/cjs/react-dom.development.js:26974:5)
      at commitRoot (node_modules/react-dom/cjs/react-dom.development.js:26721:5)
      at performSyncWorkOnRoot (node_modules/react-dom/cjs/react-dom.development.js:26156:3)
      at flushSyncCallbacks (node_modules/react-dom/cjs/react-dom.development.js:12042:22)
      at flushSync (node_modules/react-dom/cjs/react-dom.development.js:26240:7)
      at finishEventHandler (node_modules/react-dom/cjs/react-dom.development.js:3976:5)
      at batchedUpdates (node_modules/react-dom/cjs/react-dom.development.js:3994:5)
      at dispatchEventForPluginEventSystem (node_modules/react-dom/cjs/react-dom.development.js:9287:3)
      at dispatchEventWithEnableCapturePhaseSelectiveHydrationWithoutDiscreteEventReplay 
(node_modules/react-dom/cjs/react-dom.development.js:6465:5)
      at dispatchEvent (node_modules/react-dom/cjs/react-dom.development.js:6457:5)
      at dispatchDiscreteEvent (node_modules/react-dom/cjs/react-dom.development.js:6430:5)
      at HTMLDivElement.callTheUserObjectsOperation 
(node_modules/jsdom/lib/jsdom/living/generated/EventListener.js:26:30)
      at innerInvokeEventListeners (node_modules/jsdom/lib/jsdom/living/events/EventTarget-impl.js:350:25)
      at invokeEventListeners (node_modules/jsdom/lib/jsdom/living/events/EventTarget-impl.js:286:3)
      at HTMLSelectElementImpl._dispatch (node_modules/jsdom/lib/jsdom/living/events/EventTarget-impl.js:233:9)
      at HTMLSelectElementImpl.dispatchEvent (node_modules/jsdom/lib/jsdom/living/events/EventTarget-impl.js:104:17)
      at Proxy.dispatchEvent (node_modules/jsdom/lib/jsdom/living/generated/EventTarget.js:241:34)
      at node_modules/@testing-library/user-event/dist/cjs/event/dispatchEvent.js:45:43
      at Object.eventWrapper (node_modules/@testing-library/dom/dist/config.js:25:23)
      at Object.wrapEvent (node_modules/@testing-library/user-event/dist/cjs/event/wrapEvent.js:6:28)
      at Object.dispatchEvent (node_modules/@testing-library/user-event/dist/cjs/event/dispatchEvent.js:45:22)
      at Object.dispatchUIEvent (node_modules/@testing-library/user-event/dist/cjs/event/dispatchEvent.js:22:26)
      at selectOption (node_modules/@testing-library/user-event/dist/cjs/utility/selectOptions.js:51:14)
      at Object.selectOptionsBase (node_modules/@testing-library/user-event/dist/cjs/utility/selectOptions.js:87:13)
      at Object.<anonymous> (src/client/components/__tests__/PlatformAdmin.test.tsx:427:5)

    console.error
      Warning: An update to TypeaheadMultiSelect inside a test was not wrapped in act(...).
      
      When testing, code that causes React state updates should be wrapped into act(...):
      
      act(() => {
        /* fire events that update state */
      });
      /* assert on the output */
      
      This ensures that you're testing the behavior the user would see in the browser. Learn more at 
https://reactjs.org/link/wrap-tests-with-act
          at TypeaheadMultiSelect 
(C:\Users\ryamiller\ASM\ai-poc\AI-Pilot\src\client\components\PlatformAdmin.tsx:907:3)
          at div
          at div
          at article
          at FlagCard (C:\Users\ryamiller\ASM\ai-poc\AI-Pilot\src\client\components\PlatformAdmin.tsx:1186:3)
          at div
          at section
          at FeatureFlagsSection 
(C:\Users\ryamiller\ASM\ai-poc\AI-Pilot\src\client\components\PlatformAdmin.tsx:1018:55)
          at div
          at main
          at div
          at PlatformAdmin (C:\Users\ryamiller\ASM\ai-poc\AI-Pilot\src\client\components\PlatformAdmin.tsx:141:3)

      971 |         placeholder={placeholder}
      972 |         disabled={disabled || options.length === 0}
    > 973 |         onChange={(event) => setSearchQuery(event.target.value)}
          |                              ^
      974 |         autoComplete="off"
      975 |       />
      976 |       {options.length === 0 ? (

      at printWarning (node_modules/react-dom/cjs/react-dom.development.js:86:30)
      at error (node_modules/react-dom/cjs/react-dom.development.js:60:7)
      at warnIfUpdatesNotWrappedWithActDEV (node_modules/react-dom/cjs/react-dom.development.js:27628:9)
      at scheduleUpdateOnFiber (node_modules/react-dom/cjs/react-dom.development.js:25547:5)
      at dispatchSetState (node_modules/react-dom/cjs/react-dom.development.js:16708:7)
      at onChange (src/client/components/PlatformAdmin.tsx:973:30)
      at HTMLUnknownElement.callCallback (node_modules/react-dom/cjs/react-dom.development.js:4164:14)
      at HTMLUnknownElement.callTheUserObjectsOperation 
(node_modules/jsdom/lib/jsdom/living/generated/EventListener.js:26:30)
      at innerInvokeEventListeners (node_modules/jsdom/lib/jsdom/living/events/EventTarget-impl.js:350:25)
      at invokeEventListeners (node_modules/jsdom/lib/jsdom/living/events/EventTarget-impl.js:286:3)
      at HTMLUnknownElementImpl._dispatch (node_modules/jsdom/lib/jsdom/living/events/EventTarget-impl.js:233:9)
      at HTMLUnknownElementImpl.dispatchEvent (node_modules/jsdom/lib/jsdom/living/events/EventTarget-impl.js:104:17)
      at HTMLUnknownElement.dispatchEvent (node_modules/jsdom/lib/jsdom/living/generated/EventTarget.js:241:34)
      at Object.invokeGuardedCallbackDev (node_modules/react-dom/cjs/react-dom.development.js:4213:16)
      at invokeGuardedCallback (node_modules/react-dom/cjs/react-dom.development.js:4277:31)
      at invokeGuardedCallbackAndCatchFirstError (node_modules/react-dom/cjs/react-dom.development.js:4291:25)
      at executeDispatch (node_modules/react-dom/cjs/react-dom.development.js:9041:3)
      at processDispatchQueueItemsInOrder (node_modules/react-dom/cjs/react-dom.development.js:9073:7)
      at processDispatchQueue (node_modules/react-dom/cjs/react-dom.development.js:9086:5)
      at dispatchEventsForPlugins (node_modules/react-dom/cjs/react-dom.development.js:9097:3)
      at node_modules/react-dom/cjs/react-dom.development.js:9288:12
      at batchedUpdates$1 (node_modules/react-dom/cjs/react-dom.development.js:26179:12)
      at batchedUpdates (node_modules/react-dom/cjs/react-dom.development.js:3991:12)
      at dispatchEventForPluginEventSystem (node_modules/react-dom/cjs/react-dom.development.js:9287:3)
      at dispatchEventWithEnableCapturePhaseSelectiveHydrationWithoutDiscreteEventReplay 
(node_modules/react-dom/cjs/react-dom.development.js:6465:5)
      at dispatchEvent (node_modules/react-dom/cjs/react-dom.development.js:6457:5)
      at dispatchDiscreteEvent (node_modules/react-dom/cjs/react-dom.development.js:6430:5)
      at HTMLDivElement.callTheUserObjectsOperation 
(node_modules/jsdom/lib/jsdom/living/generated/EventListener.js:26:30)
      at innerInvokeEventListeners (node_modules/jsdom/lib/jsdom/living/events/EventTarget-impl.js:350:25)
      at invokeEventListeners (node_modules/jsdom/lib/jsdom/living/events/EventTarget-impl.js:286:3)
      at HTMLInputElementImpl._dispatch (node_modules/jsdom/lib/jsdom/living/events/EventTarget-impl.js:233:9)
      at HTMLInputElementImpl.dispatchEvent (node_modules/jsdom/lib/jsdom/living/events/EventTarget-impl.js:104:17)
      at HTMLInputElement.dispatchEvent (node_modules/jsdom/lib/jsdom/living/generated/EventTarget.js:241:34)
      at node_modules/@testing-library/user-event/dist/cjs/event/dispatchEvent.js:45:43
      at Object.eventWrapper (node_modules/@testing-library/dom/dist/config.js:25:23)
      at Object.wrapEvent (node_modules/@testing-library/user-event/dist/cjs/event/wrapEvent.js:6:28)
      at Object.dispatchEvent (node_modules/@testing-library/user-event/dist/cjs/event/dispatchEvent.js:45:22)
      at Object.dispatchUIEvent (node_modules/@testing-library/user-event/dist/cjs/event/dispatchEvent.js:22:26)
      at commitInput (node_modules/@testing-library/user-event/dist/cjs/event/input.js:145:14)
      at editInputElement (node_modules/@testing-library/user-event/dist/cjs/event/input.js:115:9)
      at Object.input (node_modules/@testing-library/user-event/dist/cjs/event/input.js:37:9)
      at node_modules/@testing-library/user-event/dist/cjs/event/behavior/keypress.js:31:26
      at Object.dispatchEvent (node_modules/@testing-library/user-event/dist/cjs/event/dispatchEvent.js:41:13)
      at Object.dispatchUIEvent (node_modules/@testing-library/user-event/dist/cjs/event/dispatchEvent.js:22:26)
      at KeyboardHost.keydown (node_modules/@testing-library/user-event/dist/cjs/system/keyboard.js:76:22)
      at keyboardAction (node_modules/@testing-library/user-event/dist/cjs/keyboard/index.js:22:35)
      at Object.keyboard (node_modules/@testing-library/user-event/dist/cjs/keyboard/index.js:11:15)
      at Object.type (node_modules/@testing-library/user-event/dist/cjs/utility/type.js:17:5)
      at Object.<anonymous> (src/client/components/__tests__/PlatformAdmin.test.tsx:428:5)

    console.error
      Warning: An update to TypeaheadMultiSelect inside a test was not wrapped in act(...).
      
      When testing, code that causes React state updates should be wrapped into act(...):
      
      act(() => {
        /* fire events that update state */
      });
      /* assert on the output */
      
      This ensures that you're testing the behavior the user would see in the browser. Learn more at 
https://reactjs.org/link/wrap-tests-with-act
          at TypeaheadMultiSelect 
(C:\Users\ryamiller\ASM\ai-poc\AI-Pilot\src\client\components\PlatformAdmin.tsx:907:3)
          at div
          at div
          at article
          at FlagCard (C:\Users\ryamiller\ASM\ai-poc\AI-Pilot\src\client\components\PlatformAdmin.tsx:1186:3)
          at div
          at section
          at FeatureFlagsSection 
(C:\Users\ryamiller\ASM\ai-poc\AI-Pilot\src\client\components\PlatformAdmin.tsx:1018:55)
          at div
          at main
          at div
          at PlatformAdmin (C:\Users\ryamiller\ASM\ai-poc\AI-Pilot\src\client\components\PlatformAdmin.tsx:141:3)

      971 |         placeholder={placeholder}
      972 |         disabled={disabled || options.length === 0}
    > 973 |         onChange={(event) => setSearchQuery(event.target.value)}
          |                              ^
      974 |         autoComplete="off"
      975 |       />
      976 |       {options.length === 0 ? (

      at printWarning (node_modules/react-dom/cjs/react-dom.development.js:86:30)
      at error (node_modules/react-dom/cjs/react-dom.development.js:60:7)
      at warnIfUpdatesNotWrappedWithActDEV (node_modules/react-dom/cjs/react-dom.development.js:27628:9)
      at scheduleUpdateOnFiber (node_modules/react-dom/cjs/react-dom.development.js:25547:5)
      at dispatchSetState (node_modules/react-dom/cjs/react-dom.development.js:16708:7)
      at onChange (src/client/components/PlatformAdmin.tsx:973:30)
      at HTMLUnknownElement.callCallback (node_modules/react-dom/cjs/react-dom.development.js:4164:14)
      at HTMLUnknownElement.callTheUserObjectsOperation 
(node_modules/jsdom/lib/jsdom/living/generated/EventListener.js:26:30)
      at innerInvokeEventListeners (node_modules/jsdom/lib/jsdom/living/events/EventTarget-impl.js:350:25)
      at invokeEventListeners (node_modules/jsdom/lib/jsdom/living/events/EventTarget-impl.js:286:3)
      at HTMLUnknownElementImpl._dispatch (node_modules/jsdom/lib/jsdom/living/events/EventTarget-impl.js:233:9)
      at HTMLUnknownElementImpl.dispatchEvent (node_modules/jsdom/lib/jsdom/living/events/EventTarget-impl.js:104:17)
      at HTMLUnknownElement.dispatchEvent (node_modules/jsdom/lib/jsdom/living/generated/EventTarget.js:241:34)
      at Object.invokeGuardedCallbackDev (node_modules/react-dom/cjs/react-dom.development.js:4213:16)
      at invokeGuardedCallback (node_modules/react-dom/cjs/react-dom.development.js:4277:31)
      at invokeGuardedCallbackAndCatchFirstError (node_modules/react-dom/cjs/react-dom.development.js:4291:25)
      at executeDispatch (node_modules/react-dom/cjs/react-dom.development.js:9041:3)
      at processDispatchQueueItemsInOrder (node_modules/react-dom/cjs/react-dom.development.js:9073:7)
      at processDispatchQueue (node_modules/react-dom/cjs/react-dom.development.js:9086:5)
      at dispatchEventsForPlugins (node_modules/react-dom/cjs/react-dom.development.js:9097:3)
      at node_modules/react-dom/cjs/react-dom.development.js:9288:12
      at batchedUpdates$1 (node_modules/react-dom/cjs/react-dom.development.js:26179:12)
      at batchedUpdates (node_modules/react-dom/cjs/react-dom.development.js:3991:12)
      at dispatchEventForPluginEventSystem (node_modules/react-dom/cjs/react-dom.development.js:9287:3)
      at dispatchEventWithEnableCapturePhaseSelectiveHydrationWithoutDiscreteEventReplay 
(node_modules/react-dom/cjs/react-dom.development.js:6465:5)
      at dispatchEvent (node_modules/react-dom/cjs/react-dom.development.js:6457:5)
      at dispatchDiscreteEvent (node_modules/react-dom/cjs/react-dom.development.js:6430:5)
      at HTMLDivElement.callTheUserObjectsOperation 
(node_modules/jsdom/lib/jsdom/living/generated/EventListener.js:26:30)
      at innerInvokeEventListeners (node_modules/jsdom/lib/jsdom/living/events/EventTarget-impl.js:350:25)
      at invokeEventListeners (node_modules/jsdom/lib/jsdom/living/events/EventTarget-impl.js:286:3)
      at HTMLInputElementImpl._dispatch (node_modules/jsdom/lib/jsdom/living/events/EventTarget-impl.js:233:9)
      at HTMLInputElementImpl.dispatchEvent (node_modules/jsdom/lib/jsdom/living/events/EventTarget-impl.js:104:17)
      at HTMLInputElement.dispatchEvent (node_modules/jsdom/lib/jsdom/living/generated/EventTarget.js:241:34)
      at node_modules/@testing-library/user-event/dist/cjs/event/dispatchEvent.js:45:43
      at Object.eventWrapper (node_modules/@testing-library/dom/dist/config.js:25:23)
      at Object.wrapEvent (node_modules/@testing-library/user-event/dist/cjs/event/wrapEvent.js:6:28)
      at Object.dispatchEvent (node_modules/@testing-library/user-event/dist/cjs/event/dispatchEvent.js:45:22)
      at Object.dispatchUIEvent (node_modules/@testing-library/user-event/dist/cjs/event/dispatchEvent.js:22:26)
      at commitInput (node_modules/@testing-library/user-event/dist/cjs/event/input.js:145:14)
      at editInputElement (node_modules/@testing-library/user-event/dist/cjs/event/input.js:115:9)
      at Object.input (node_modules/@testing-library/user-event/dist/cjs/event/input.js:37:9)
      at node_modules/@testing-library/user-event/dist/cjs/event/behavior/keypress.js:31:26
      at Object.dispatchEvent (node_modules/@testing-library/user-event/dist/cjs/event/dispatchEvent.js:41:13)
      at Object.dispatchUIEvent (node_modules/@testing-library/user-event/dist/cjs/event/dispatchEvent.js:22:26)
      at KeyboardHost.keydown (node_modules/@testing-library/user-event/dist/cjs/system/keyboard.js:76:22)
      at keyboardAction (node_modules/@testing-library/user-event/dist/cjs/keyboard/index.js:22:35)
      at Object.keyboard (node_modules/@testing-library/user-event/dist/cjs/keyboard/index.js:11:15)
      at Object.type (node_modules/@testing-library/user-event/dist/cjs/utility/type.js:17:5)
      at Object.<anonymous> (src/client/components/__tests__/PlatformAdmin.test.tsx:428:5)

    console.error
      Warning: An update to TypeaheadMultiSelect inside a test was not wrapped in act(...).
      
      When testing, code that causes React state updates should be wrapped into act(...):
      
      act(() => {
        /* fire events that update state */
      });
      /* assert on the output */
      
      This ensures that you're testing the behavior the user would see in the browser. Learn more at 
https://reactjs.org/link/wrap-tests-with-act
          at TypeaheadMultiSelect 
(C:\Users\ryamiller\ASM\ai-poc\AI-Pilot\src\client\components\PlatformAdmin.tsx:907:3)
          at div
          at div
          at article
          at FlagCard (C:\Users\ryamiller\ASM\ai-poc\AI-Pilot\src\client\components\PlatformAdmin.tsx:1186:3)
          at div
          at section
          at FeatureFlagsSection 
(C:\Users\ryamiller\ASM\ai-poc\AI-Pilot\src\client\components\PlatformAdmin.tsx:1018:55)
          at div
          at main
          at div
          at PlatformAdmin (C:\Users\ryamiller\ASM\ai-poc\AI-Pilot\src\client\components\PlatformAdmin.tsx:141:3)

      971 |         placeholder={placeholder}
      972 |         disabled={disabled || options.length === 0}
    > 973 |         onChange={(event) => setSearchQuery(event.target.value)}
          |                              ^
      974 |         autoComplete="off"
      975 |       />
      976 |       {options.length === 0 ? (

      at printWarning (node_modules/react-dom/cjs/react-dom.development.js:86:30)
      at error (node_modules/react-dom/cjs/react-dom.development.js:60:7)
      at warnIfUpdatesNotWrappedWithActDEV (node_modules/react-dom/cjs/react-dom.development.js:27628:9)
      at scheduleUpdateOnFiber (node_modules/react-dom/cjs/react-dom.development.js:25547:5)
      at dispatchSetState (node_modules/react-dom/cjs/react-dom.development.js:16708:7)
      at onChange (src/client/components/PlatformAdmin.tsx:973:30)
      at HTMLUnknownElement.callCallback (node_modules/react-dom/cjs/react-dom.development.js:4164:14)
      at HTMLUnknownElement.callTheUserObjectsOperation 
(node_modules/jsdom/lib/jsdom/living/generated/EventListener.js:26:30)
      at innerInvokeEventListeners (node_modules/jsdom/lib/jsdom/living/events/EventTarget-impl.js:350:25)
      at invokeEventListeners (node_modules/jsdom/lib/jsdom/living/events/EventTarget-impl.js:286:3)
      at HTMLUnknownElementImpl._dispatch (node_modules/jsdom/lib/jsdom/living/events/EventTarget-impl.js:233:9)
      at HTMLUnknownElementImpl.dispatchEvent (node_modules/jsdom/lib/jsdom/living/events/EventTarget-impl.js:104:17)
      at HTMLUnknownElement.dispatchEvent (node_modules/jsdom/lib/jsdom/living/generated/EventTarget.js:241:34)
      at Object.invokeGuardedCallbackDev (node_modules/react-dom/cjs/react-dom.development.js:4213:16)
      at invokeGuardedCallback (node_modules/react-dom/cjs/react-dom.development.js:4277:31)
      at invokeGuardedCallbackAndCatchFirstError (node_modules/react-dom/cjs/react-dom.development.js:4291:25)
      at executeDispatch (node_modules/react-dom/cjs/react-dom.development.js:9041:3)
      at processDispatchQueueItemsInOrder (node_modules/react-dom/cjs/react-dom.development.js:9073:7)
      at processDispatchQueue (node_modules/react-dom/cjs/react-dom.development.js:9086:5)
      at dispatchEventsForPlugins (node_modules/react-dom/cjs/react-dom.development.js:9097:3)
      at node_modules/react-dom/cjs/react-dom.development.js:9288:12
      at batchedUpdates$1 (node_modules/react-dom/cjs/react-dom.development.js:26179:12)
      at batchedUpdates (node_modules/react-dom/cjs/react-dom.development.js:3991:12)
      at dispatchEventForPluginEventSystem (node_modules/react-dom/cjs/react-dom.development.js:9287:3)
      at dispatchEventWithEnableCapturePhaseSelectiveHydrationWithoutDiscreteEventReplay 
(node_modules/react-dom/cjs/react-dom.development.js:6465:5)
      at dispatchEvent (node_modules/react-dom/cjs/react-dom.development.js:6457:5)
      at dispatchDiscreteEvent (node_modules/react-dom/cjs/react-dom.development.js:6430:5)
      at HTMLDivElement.callTheUserObjectsOperation 
(node_modules/jsdom/lib/jsdom/living/generated/EventListener.js:26:30)
      at innerInvokeEventListeners (node_modules/jsdom/lib/jsdom/living/events/EventTarget-impl.js:350:25)
      at invokeEventListeners (node_modules/jsdom/lib/jsdom/living/events/EventTarget-impl.js:286:3)
      at HTMLInputElementImpl._dispatch (node_modules/jsdom/lib/jsdom/living/events/EventTarget-impl.js:233:9)
      at HTMLInputElementImpl.dispatchEvent (node_modules/jsdom/lib/jsdom/living/events/EventTarget-impl.js:104:17)
      at HTMLInputElement.dispatchEvent (node_modules/jsdom/lib/jsdom/living/generated/EventTarget.js:241:34)
      at node_modules/@testing-library/user-event/dist/cjs/event/dispatchEvent.js:45:43
      at Object.eventWrapper (node_modules/@testing-library/dom/dist/config.js:25:23)
      at Object.wrapEvent (node_modules/@testing-library/user-event/dist/cjs/event/wrapEvent.js:6:28)
      at Object.dispatchEvent (node_modules/@testing-library/user-event/dist/cjs/event/dispatchEvent.js:45:22)
      at Object.dispatchUIEvent (node_modules/@testing-library/user-event/dist/cjs/event/dispatchEvent.js:22:26)
      at commitInput (node_modules/@testing-library/user-event/dist/cjs/event/input.js:145:14)
      at editInputElement (node_modules/@testing-library/user-event/dist/cjs/event/input.js:115:9)
      at Object.input (node_modules/@testing-library/user-event/dist/cjs/event/input.js:37:9)
      at node_modules/@testing-library/user-event/dist/cjs/event/behavior/keypress.js:31:26
      at Object.dispatchEvent (node_modules/@testing-library/user-event/dist/cjs/event/dispatchEvent.js:41:13)
      at Object.dispatchUIEvent (node_modules/@testing-library/user-event/dist/cjs/event/dispatchEvent.js:22:26)
      at KeyboardHost.keydown (node_modules/@testing-library/user-event/dist/cjs/system/keyboard.js:76:22)
      at keyboardAction (node_modules/@testing-library/user-event/dist/cjs/keyboard/index.js:22:35)
      at Object.keyboard (node_modules/@testing-library/user-event/dist/cjs/keyboard/index.js:11:15)
      at Object.type (node_modules/@testing-library/user-event/dist/cjs/utility/type.js:17:5)
      at Object.<anonymous> (src/client/components/__tests__/PlatformAdmin.test.tsx:428:5)

    console.error
      Warning: An update to FlagCard inside a test was not wrapped in act(...).
      
      When testing, code that causes React state updates should be wrapped into act(...):
      
      act(() => {
        /* fire events that update state */
      });
      /* assert on the output */
      
      This ensures that you're testing the behavior the user would see in the browser. Learn more at 
https://reactjs.org/link/wrap-tests-with-act
          at FlagCard (C:\Users\ryamiller\ASM\ai-poc\AI-Pilot\src\client\components\PlatformAdmin.tsx:1186:3)
          at div
          at section
          at FeatureFlagsSection 
(C:\Users\ryamiller\ASM\ai-poc\AI-Pilot\src\client\components\PlatformAdmin.tsx:1018:55)
          at div
          at main
          at div
          at PlatformAdmin (C:\Users\ryamiller\ASM\ai-poc\AI-Pilot\src\client\components\PlatformAdmin.tsx:141:3)

      933 |   const handleAdd = (value: string) => {
      934 |     if (selectedSet.has(value)) return;
    > 935 |     onChange([...selectedValues, value]);
          |     ^
      936 |     setSearchQuery('');
      937 |   };
      938 |

      at printWarning (node_modules/react-dom/cjs/react-dom.development.js:86:30)
      at error (node_modules/react-dom/cjs/react-dom.development.js:60:7)
      at warnIfUpdatesNotWrappedWithActDEV (node_modules/react-dom/cjs/react-dom.development.js:27628:9)
      at scheduleUpdateOnFiber (node_modules/react-dom/cjs/react-dom.development.js:25547:5)
      at dispatchSetState (node_modules/react-dom/cjs/react-dom.development.js:16708:7)
      at handleAdd (src/client/components/PlatformAdmin.tsx:935:5)
      at onClick (src/client/components/PlatformAdmin.tsx:986:32)
      at HTMLUnknownElement.callCallback (node_modules/react-dom/cjs/react-dom.development.js:4164:14)
      at HTMLUnknownElement.callTheUserObjectsOperation 
(node_modules/jsdom/lib/jsdom/living/generated/EventListener.js:26:30)
      at innerInvokeEventListeners (node_modules/jsdom/lib/jsdom/living/events/EventTarget-impl.js:350:25)
      at invokeEventListeners (node_modules/jsdom/lib/jsdom/living/events/EventTarget-impl.js:286:3)
      at HTMLUnknownElementImpl._dispatch (node_modules/jsdom/lib/jsdom/living/events/EventTarget-impl.js:233:9)
      at HTMLUnknownElementImpl.dispatchEvent (node_modules/jsdom/lib/jsdom/living/events/EventTarget-impl.js:104:17)
      at HTMLUnknownElement.dispatchEvent (node_modules/jsdom/lib/jsdom/living/generated/EventTarget.js:241:34)
      at Object.invokeGuardedCallbackDev (node_modules/react-dom/cjs/react-dom.development.js:4213:16)
      at invokeGuardedCallback (node_modules/react-dom/cjs/react-dom.development.js:4277:31)
      at invokeGuardedCallbackAndCatchFirstError (node_modules/react-dom/cjs/react-dom.development.js:4291:25)
      at executeDispatch (node_modules/react-dom/cjs/react-dom.development.js:9041:3)
      at processDispatchQueueItemsInOrder (node_modules/react-dom/cjs/react-dom.development.js:9073:7)
      at processDispatchQueue (node_modules/react-dom/cjs/react-dom.development.js:9086:5)
      at dispatchEventsForPlugins (node_modules/react-dom/cjs/react-dom.development.js:9097:3)
      at node_modules/react-dom/cjs/react-dom.development.js:9288:12
      at batchedUpdates$1 (node_modules/react-dom/cjs/react-dom.development.js:26179:12)
      at batchedUpdates (node_modules/react-dom/cjs/react-dom.development.js:3991:12)
      at dispatchEventForPluginEventSystem (node_modules/react-dom/cjs/react-dom.development.js:9287:3)
      at dispatchEventWithEnableCapturePhaseSelectiveHydrationWithoutDiscreteEventReplay 
(node_modules/react-dom/cjs/react-dom.development.js:6465:5)
      at dispatchEvent (node_modules/react-dom/cjs/react-dom.development.js:6457:5)
      at dispatchDiscreteEvent (node_modules/react-dom/cjs/react-dom.development.js:6430:5)
      at HTMLDivElement.callTheUserObjectsOperation 
(node_modules/jsdom/lib/jsdom/living/generated/EventListener.js:26:30)
      at innerInvokeEventListeners (node_modules/jsdom/lib/jsdom/living/events/EventTarget-impl.js:350:25)
      at invokeEventListeners (node_modules/jsdom/lib/jsdom/living/events/EventTarget-impl.js:286:3)
      at HTMLButtonElementImpl._dispatch (node_modules/jsdom/lib/jsdom/living/events/EventTarget-impl.js:233:9)
      at HTMLButtonElementImpl.dispatchEvent (node_modules/jsdom/lib/jsdom/living/events/EventTarget-impl.js:104:17)
      at HTMLButtonElement.dispatchEvent (node_modules/jsdom/lib/jsdom/living/generated/EventTarget.js:241:34)
      at node_modules/@testing-library/user-event/dist/cjs/event/dispatchEvent.js:45:43
      at Object.eventWrapper (node_modules/@testing-library/dom/dist/config.js:25:23)
      at Object.wrapEvent (node_modules/@testing-library/user-event/dist/cjs/event/wrapEvent.js:6:28)
      at Object.dispatchEvent (node_modules/@testing-library/user-event/dist/cjs/event/dispatchEvent.js:45:22)
      at Object.dispatchUIEvent (node_modules/@testing-library/user-event/dist/cjs/event/dispatchEvent.js:22:26)
      at Mouse.up (node_modules/@testing-library/user-event/dist/cjs/system/pointer/mouse.js:100:30)
      at PointerHost.release (node_modules/@testing-library/user-event/dist/cjs/system/pointer/index.js:87:24)
      at pointerAction (node_modules/@testing-library/user-event/dist/cjs/pointer/index.js:54:47)
      at Object.pointer (node_modules/@testing-library/user-event/dist/cjs/pointer/index.js:27:9)
      at Object.<anonymous> (src/client/components/__tests__/PlatformAdmin.test.tsx:430:5)

    console.error
      Warning: An update to TypeaheadMultiSelect inside a test was not wrapped in act(...).
      
      When testing, code that causes React state updates should be wrapped into act(...):
      
      act(() => {
        /* fire events that update state */
      });
      /* assert on the output */
      
      This ensures that you're testing the behavior the user would see in the browser. Learn more at 
https://reactjs.org/link/wrap-tests-with-act
          at TypeaheadMultiSelect 
(C:\Users\ryamiller\ASM\ai-poc\AI-Pilot\src\client\components\PlatformAdmin.tsx:907:3)
          at div
          at div
          at article
          at FlagCard (C:\Users\ryamiller\ASM\ai-poc\AI-Pilot\src\client\components\PlatformAdmin.tsx:1186:3)
          at div
          at section
          at FeatureFlagsSection 
(C:\Users\ryamiller\ASM\ai-poc\AI-Pilot\src\client\components\PlatformAdmin.tsx:1018:55)
          at div
          at main
          at div
          at PlatformAdmin (C:\Users\ryamiller\ASM\ai-poc\AI-Pilot\src\client\components\PlatformAdmin.tsx:141:3)

      934 |     if (selectedSet.has(value)) return;
      935 |     onChange([...selectedValues, value]);
    > 936 |     setSearchQuery('');
          |     ^
      937 |   };
      938 |
      939 |   const handleRemove = (value: string) => {

      at printWarning (node_modules/react-dom/cjs/react-dom.development.js:86:30)
      at error (node_modules/react-dom/cjs/react-dom.development.js:60:7)
      at warnIfUpdatesNotWrappedWithActDEV (node_modules/react-dom/cjs/react-dom.development.js:27628:9)
      at scheduleUpdateOnFiber (node_modules/react-dom/cjs/react-dom.development.js:25547:5)
      at dispatchSetState (node_modules/react-dom/cjs/react-dom.development.js:16708:7)
      at handleAdd (src/client/components/PlatformAdmin.tsx:936:5)
      at onClick (src/client/components/PlatformAdmin.tsx:986:32)
      at HTMLUnknownElement.callCallback (node_modules/react-dom/cjs/react-dom.development.js:4164:14)
      at HTMLUnknownElement.callTheUserObjectsOperation 
(node_modules/jsdom/lib/jsdom/living/generated/EventListener.js:26:30)
      at innerInvokeEventListeners (node_modules/jsdom/lib/jsdom/living/events/EventTarget-impl.js:350:25)
      at invokeEventListeners (node_modules/jsdom/lib/jsdom/living/events/EventTarget-impl.js:286:3)
      at HTMLUnknownElementImpl._dispatch (node_modules/jsdom/lib/jsdom/living/events/EventTarget-impl.js:233:9)
      at HTMLUnknownElementImpl.dispatchEvent (node_modules/jsdom/lib/jsdom/living/events/EventTarget-impl.js:104:17)
      at HTMLUnknownElement.dispatchEvent (node_modules/jsdom/lib/jsdom/living/generated/EventTarget.js:241:34)
      at Object.invokeGuardedCallbackDev (node_modules/react-dom/cjs/react-dom.development.js:4213:16)
      at invokeGuardedCallback (node_modules/react-dom/cjs/react-dom.development.js:4277:31)
      at invokeGuardedCallbackAndCatchFirstError (node_modules/react-dom/cjs/react-dom.development.js:4291:25)
      at executeDispatch (node_modules/react-dom/cjs/react-dom.development.js:9041:3)
      at processDispatchQueueItemsInOrder (node_modules/react-dom/cjs/react-dom.development.js:9073:7)
      at processDispatchQueue (node_modules/react-dom/cjs/react-dom.development.js:9086:5)
      at dispatchEventsForPlugins (node_modules/react-dom/cjs/react-dom.development.js:9097:3)
      at node_modules/react-dom/cjs/react-dom.development.js:9288:12
      at batchedUpdates$1 (node_modules/react-dom/cjs/react-dom.development.js:26179:12)
      at batchedUpdates (node_modules/react-dom/cjs/react-dom.development.js:3991:12)
      at dispatchEventForPluginEventSystem (node_modules/react-dom/cjs/react-dom.development.js:9287:3)
      at dispatchEventWithEnableCapturePhaseSelectiveHydrationWithoutDiscreteEventReplay 
(node_modules/react-dom/cjs/react-dom.development.js:6465:5)
      at dispatchEvent (node_modules/react-dom/cjs/react-dom.development.js:6457:5)
      at dispatchDiscreteEvent (node_modules/react-dom/cjs/react-dom.development.js:6430:5)
      at HTMLDivElement.callTheUserObjectsOperation 
(node_modules/jsdom/lib/jsdom/living/generated/EventListener.js:26:30)
      at innerInvokeEventListeners (node_modules/jsdom/lib/jsdom/living/events/EventTarget-impl.js:350:25)
      at invokeEventListeners (node_modules/jsdom/lib/jsdom/living/events/EventTarget-impl.js:286:3)
      at HTMLButtonElementImpl._dispatch (node_modules/jsdom/lib/jsdom/living/events/EventTarget-impl.js:233:9)
      at HTMLButtonElementImpl.dispatchEvent (node_modules/jsdom/lib/jsdom/living/events/EventTarget-impl.js:104:17)
      at HTMLButtonElement.dispatchEvent (node_modules/jsdom/lib/jsdom/living/generated/EventTarget.js:241:34)
      at node_modules/@testing-library/user-event/dist/cjs/event/dispatchEvent.js:45:43
      at Object.eventWrapper (node_modules/@testing-library/dom/dist/config.js:25:23)
      at Object.wrapEvent (node_modules/@testing-library/user-event/dist/cjs/event/wrapEvent.js:6:28)
      at Object.dispatchEvent (node_modules/@testing-library/user-event/dist/cjs/event/dispatchEvent.js:45:22)
      at Object.dispatchUIEvent (node_modules/@testing-library/user-event/dist/cjs/event/dispatchEvent.js:22:26)
      at Mouse.up (node_modules/@testing-library/user-event/dist/cjs/system/pointer/mouse.js:100:30)
      at PointerHost.release (node_modules/@testing-library/user-event/dist/cjs/system/pointer/index.js:87:24)
      at pointerAction (node_modules/@testing-library/user-event/dist/cjs/pointer/index.js:54:47)
      at Object.pointer (node_modules/@testing-library/user-event/dist/cjs/pointer/index.js:27:9)
      at Object.<anonymous> (src/client/components/__tests__/PlatformAdmin.test.tsx:430:5)

    console.error
      Warning: An update to FlagCard inside a test was not wrapped in act(...).
      
      When testing, code that causes React state updates should be wrapped into act(...):
      
      act(() => {
        /* fire events that update state */
      });
      /* assert on the output */
      
      This ensures that you're testing the behavior the user would see in the browser. Learn more at 
https://reactjs.org/link/wrap-tests-with-act
          at FlagCard (C:\Users\ryamiller\ASM\ai-poc\AI-Pilot\src\client\components\PlatformAdmin.tsx:1186:3)
          at div
          at section
          at FeatureFlagsSection 
(C:\Users\ryamiller\ASM\ai-poc\AI-Pilot\src\client\components\PlatformAdmin.tsx:1018:55)
          at div
          at main
          at div
          at PlatformAdmin (C:\Users\ryamiller\ASM\ai-poc\AI-Pilot\src\client\components\PlatformAdmin.tsx:141:3)

      1319 |     }
      1320 |
    > 1321 |     setSelectedTargets([]);
           |     ^
      1322 |   };
      1323 |
      1324 |   const handleRemoveRule = (ruleId: string) => {

      at printWarning (node_modules/react-dom/cjs/react-dom.development.js:86:30)
      at error (node_modules/react-dom/cjs/react-dom.development.js:60:7)
      at warnIfUpdatesNotWrappedWithActDEV (node_modules/react-dom/cjs/react-dom.development.js:27628:9)
      at scheduleUpdateOnFiber (node_modules/react-dom/cjs/react-dom.development.js:25547:5)
      at dispatchSetState (node_modules/react-dom/cjs/react-dom.development.js:16708:7)
      at handleAddRules (src/client/components/PlatformAdmin.tsx:1321:5)

    console.error
      Warning: An update to PlatformAdmin inside a test was not wrapped in act(...).
      
      When testing, code that causes React state updates should be wrapped into act(...):
      
      act(() => {
        /* fire events that update state */
      });
      /* assert on the output */
      
      This ensures that you're testing the behavior the user would see in the browser. Learn more at 
https://reactjs.org/link/wrap-tests-with-act
          at PlatformAdmin (C:\Users\ryamiller\ASM\ai-poc\AI-Pilot\src\client\components\PlatformAdmin.tsx:141:3)

      313 |               aria-controls="platform-admin-panel-flags"
      314 |               className={`${styles.tabButton} ${activeTab === 'flags' ? styles.tabButtonActive : ''}`}
    > 315 |               onClick={() => setActiveTab('flags')}
          |                              ^
      316 |             >
      317 |               Feature Flags
      318 |             </button>

      at printWarning (node_modules/react-dom/cjs/react-dom.development.js:86:30)
      at error (node_modules/react-dom/cjs/react-dom.development.js:60:7)
      at warnIfUpdatesNotWrappedWithActDEV (node_modules/react-dom/cjs/react-dom.development.js:27628:9)
      at scheduleUpdateOnFiber (node_modules/react-dom/cjs/react-dom.development.js:25547:5)
      at dispatchSetState (node_modules/react-dom/cjs/react-dom.development.js:16708:7)
      at onClick (src/client/components/PlatformAdmin.tsx:315:30)
      at HTMLUnknownElement.callCallback (node_modules/react-dom/cjs/react-dom.development.js:4164:14)
      at HTMLUnknownElement.callTheUserObjectsOperation 
(node_modules/jsdom/lib/jsdom/living/generated/EventListener.js:26:30)
      at innerInvokeEventListeners (node_modules/jsdom/lib/jsdom/living/events/EventTarget-impl.js:350:25)
      at invokeEventListeners (node_modules/jsdom/lib/jsdom/living/events/EventTarget-impl.js:286:3)
      at HTMLUnknownElementImpl._dispatch (node_modules/jsdom/lib/jsdom/living/events/EventTarget-impl.js:233:9)
      at HTMLUnknownElementImpl.dispatchEvent (node_modules/jsdom/lib/jsdom/living/events/EventTarget-impl.js:104:17)
      at HTMLUnknownElement.dispatchEvent (node_modules/jsdom/lib/jsdom/living/generated/EventTarget.js:241:34)
      at Object.invokeGuardedCallbackDev (node_modules/react-dom/cjs/react-dom.development.js:4213:16)
      at invokeGuardedCallback (node_modules/react-dom/cjs/react-dom.development.js:4277:31)
      at invokeGuardedCallbackAndCatchFirstError (node_modules/react-dom/cjs/react-dom.development.js:4291:25)
      at executeDispatch (node_modules/react-dom/cjs/react-dom.development.js:9041:3)
      at processDispatchQueueItemsInOrder (node_modules/react-dom/cjs/react-dom.development.js:9073:7)
      at processDispatchQueue (node_modules/react-dom/cjs/react-dom.development.js:9086:5)
      at dispatchEventsForPlugins (node_modules/react-dom/cjs/react-dom.development.js:9097:3)
      at node_modules/react-dom/cjs/react-dom.development.js:9288:12
      at batchedUpdates$1 (node_modules/react-dom/cjs/react-dom.development.js:26179:12)
      at batchedUpdates (node_modules/react-dom/cjs/react-dom.development.js:3991:12)
      at dispatchEventForPluginEventSystem (node_modules/react-dom/cjs/react-dom.development.js:9287:3)
      at dispatchEventWithEnableCapturePhaseSelectiveHydrationWithoutDiscreteEventReplay 
(node_modules/react-dom/cjs/react-dom.development.js:6465:5)
      at dispatchEvent (node_modules/react-dom/cjs/react-dom.development.js:6457:5)
      at dispatchDiscreteEvent (node_modules/react-dom/cjs/react-dom.development.js:6430:5)
      at HTMLDivElement.callTheUserObjectsOperation 
(node_modules/jsdom/lib/jsdom/living/generated/EventListener.js:26:30)
      at innerInvokeEventListeners (node_modules/jsdom/lib/jsdom/living/events/EventTarget-impl.js:350:25)
      at invokeEventListeners (node_modules/jsdom/lib/jsdom/living/events/EventTarget-impl.js:286:3)
      at HTMLButtonElementImpl._dispatch (node_modules/jsdom/lib/jsdom/living/events/EventTarget-impl.js:233:9)
      at HTMLButtonElementImpl.dispatchEvent (node_modules/jsdom/lib/jsdom/living/events/EventTarget-impl.js:104:17)
      at HTMLButtonElement.dispatchEvent (node_modules/jsdom/lib/jsdom/living/generated/EventTarget.js:241:34)
      at node_modules/@testing-library/user-event/dist/cjs/event/dispatchEvent.js:45:43
      at Object.eventWrapper (node_modules/@testing-library/dom/dist/config.js:25:23)
      at Object.wrapEvent (node_modules/@testing-library/user-event/dist/cjs/event/wrapEvent.js:6:28)
      at Object.dispatchEvent (node_modules/@testing-library/user-event/dist/cjs/event/dispatchEvent.js:45:22)
      at Object.dispatchUIEvent (node_modules/@testing-library/user-event/dist/cjs/event/dispatchEvent.js:22:26)
      at Mouse.up (node_modules/@testing-library/user-event/dist/cjs/system/pointer/mouse.js:100:30)
      at PointerHost.release (node_modules/@testing-library/user-event/dist/cjs/system/pointer/index.js:87:24)
      at pointerAction (node_modules/@testing-library/user-event/dist/cjs/pointer/index.js:54:47)
      at Object.pointer (node_modules/@testing-library/user-event/dist/cjs/pointer/index.js:27:9)
      at Object.<anonymous> (src/client/components/__tests__/PlatformAdmin.test.tsx:459:5)

    console.error
      Warning: An update to FeatureFlagsSection inside a test was not wrapped in act(...).
      
      When testing, code that causes React state updates should be wrapped into act(...):
      
      act(() => {
        /* fire events that update state */
      });
      /* assert on the output */
      
      This ensures that you're testing the behavior the user would see in the browser. Learn more at 
https://reactjs.org/link/wrap-tests-with-act
          at FeatureFlagsSection 
(C:\Users\ryamiller\ASM\ai-poc\AI-Pilot\src\client\components\PlatformAdmin.tsx:1018:55)
          at div
          at main
          at div
          at PlatformAdmin (C:\Users\ryamiller\ASM\ai-poc\AI-Pilot\src\client\components\PlatformAdmin.tsx:141:3)

      at printWarning (node_modules/react-dom/cjs/react-dom.development.js:86:30)
      at error (node_modules/react-dom/cjs/react-dom.development.js:60:7)
      at warnIfUpdatesNotWrappedWithActDEV (node_modules/react-dom/cjs/react-dom.development.js:27628:9)
      at scheduleUpdateOnFiber (node_modules/react-dom/cjs/react-dom.development.js:25547:5)
      at dispatchSetState (node_modules/react-dom/cjs/react-dom.development.js:16708:7)
      at control (node_modules/react-hook-form/src/useForm.ts:117:6)
      at commitHookEffectListMount (node_modules/react-dom/cjs/react-dom.development.js:23189:26)
      at commitLayoutEffectOnFiber (node_modules/react-dom/cjs/react-dom.development.js:23312:15)
      at commitLayoutMountEffects_complete (node_modules/react-dom/cjs/react-dom.development.js:24727:9)
      at commitLayoutEffects_begin (node_modules/react-dom/cjs/react-dom.development.js:24713:7)
      at commitLayoutEffects (node_modules/react-dom/cjs/react-dom.development.js:24651:3)
      at commitRootImpl (node_modules/react-dom/cjs/react-dom.development.js:26862:5)
      at commitRoot (node_modules/react-dom/cjs/react-dom.development.js:26721:5)
      at performSyncWorkOnRoot (node_modules/react-dom/cjs/react-dom.development.js:26156:3)
      at flushSyncCallbacks (node_modules/react-dom/cjs/react-dom.development.js:12042:22)
      at node_modules/react-dom/cjs/react-dom.development.js:25690:13
      at invokeTheCallbackFunction (node_modules/jsdom/lib/jsdom/living/generated/Function.js:19:26)
      at node_modules/jsdom/lib/jsdom/browser/Window.js:554:9

    console.error
      Warning: An update to FlagCard inside a test was not wrapped in act(...).
      
      When testing, code that causes React state updates should be wrapped into act(...):
      
      act(() => {
        /* fire events that update state */
      });
      /* assert on the output */
      
      This ensures that you're testing the behavior the user would see in the browser. Learn more at 
https://reactjs.org/link/wrap-tests-with-act
          at FlagCard (C:\Users\ryamiller\ASM\ai-poc\AI-Pilot\src\client\components\PlatformAdmin.tsx:1186:3)
          at div
          at section
          at FeatureFlagsSection 
(C:\Users\ryamiller\ASM\ai-poc\AI-Pilot\src\client\components\PlatformAdmin.tsx:1018:55)
          at div
          at main
          at div
          at PlatformAdmin (C:\Users\ryamiller\ASM\ai-poc\AI-Pilot\src\client\components\PlatformAdmin.tsx:141:3)

      1219 |
      1220 |   useEffect(() => {
    > 1221 |     setSelectedTargets([]);
           |     ^
      1222 |   }, [ruleType]);
      1223 |
      1224 |   const targetOptions = useMemo<TypeaheadOption[]>(() => {

      at printWarning (node_modules/react-dom/cjs/react-dom.development.js:86:30)
      at error (node_modules/react-dom/cjs/react-dom.development.js:60:7)
      at warnIfUpdatesNotWrappedWithActDEV (node_modules/react-dom/cjs/react-dom.development.js:27628:9)
      at scheduleUpdateOnFiber (node_modules/react-dom/cjs/react-dom.development.js:25547:5)
      at dispatchSetState (node_modules/react-dom/cjs/react-dom.development.js:16708:7)
      at src/client/components/PlatformAdmin.tsx:1221:5
      at commitHookEffectListMount (node_modules/react-dom/cjs/react-dom.development.js:23189:26)
      at commitPassiveMountOnFiber (node_modules/react-dom/cjs/react-dom.development.js:24970:11)
      at commitPassiveMountEffects_complete (node_modules/react-dom/cjs/react-dom.development.js:24930:9)
      at commitPassiveMountEffects_begin (node_modules/react-dom/cjs/react-dom.development.js:24917:7)
      at commitPassiveMountEffects (node_modules/react-dom/cjs/react-dom.development.js:24905:3)
      at flushPassiveEffectsImpl (node_modules/react-dom/cjs/react-dom.development.js:27078:3)
      at flushPassiveEffects (node_modules/react-dom/cjs/react-dom.development.js:27023:14)
      at commitRootImpl (node_modules/react-dom/cjs/react-dom.development.js:26974:5)
      at commitRoot (node_modules/react-dom/cjs/react-dom.development.js:26721:5)
      at performSyncWorkOnRoot (node_modules/react-dom/cjs/react-dom.development.js:26156:3)
      at flushSyncCallbacks (node_modules/react-dom/cjs/react-dom.development.js:12042:22)
      at node_modules/react-dom/cjs/react-dom.development.js:25690:13
      at invokeTheCallbackFunction (node_modules/jsdom/lib/jsdom/living/generated/Function.js:19:26)
      at node_modules/jsdom/lib/jsdom/browser/Window.js:554:9

    console.error
      Warning: An update to FeatureFlagsSection inside a test was not wrapped in act(...).
      
      When testing, code that causes React state updates should be wrapped into act(...):
      
      act(() => {
        /* fire events that update state */
      });
      /* assert on the output */
      
      This ensures that you're testing the behavior the user would see in the browser. Learn more at 
https://reactjs.org/link/wrap-tests-with-act
          at FeatureFlagsSection 
(C:\Users\ryamiller\ASM\ai-poc\AI-Pilot\src\client\components\PlatformAdmin.tsx:1018:55)
          at div
          at main
          at div
          at PlatformAdmin (C:\Users\ryamiller\ASM\ai-poc\AI-Pilot\src\client\components\PlatformAdmin.tsx:141:3)

      1056 |
      1057 |   const handleDeleteRequest = (flag: FeatureFlagWithRules) => {
    > 1058 |     setPendingDeleteFlag(flag);
           |     ^
      1059 |   };
      1060 |
      1061 |   const handleConfirmDelete = () => {

      at printWarning (node_modules/react-dom/cjs/react-dom.development.js:86:30)
      at error (node_modules/react-dom/cjs/react-dom.development.js:60:7)
      at warnIfUpdatesNotWrappedWithActDEV (node_modules/react-dom/cjs/react-dom.development.js:27628:9)
      at scheduleUpdateOnFiber (node_modules/react-dom/cjs/react-dom.development.js:25547:5)
      at dispatchSetState (node_modules/react-dom/cjs/react-dom.development.js:16708:7)
      at handleDeleteRequest (src/client/components/PlatformAdmin.tsx:1058:5)
      at onDelete (src/client/components/PlatformAdmin.tsx:1143:31)
      at HTMLUnknownElement.callCallback (node_modules/react-dom/cjs/react-dom.development.js:4164:14)
      at HTMLUnknownElement.callTheUserObjectsOperation 
(node_modules/jsdom/lib/jsdom/living/generated/EventListener.js:26:30)
      at innerInvokeEventListeners (node_modules/jsdom/lib/jsdom/living/events/EventTarget-impl.js:350:25)
      at invokeEventListeners (node_modules/jsdom/lib/jsdom/living/events/EventTarget-impl.js:286:3)
      at HTMLUnknownElementImpl._dispatch (node_modules/jsdom/lib/jsdom/living/events/EventTarget-impl.js:233:9)
      at HTMLUnknownElementImpl.dispatchEvent (node_modules/jsdom/lib/jsdom/living/events/EventTarget-impl.js:104:17)
      at HTMLUnknownElement.dispatchEvent (node_modules/jsdom/lib/jsdom/living/generated/EventTarget.js:241:34)
      at Object.invokeGuardedCallbackDev (node_modules/react-dom/cjs/react-dom.development.js:4213:16)
      at invokeGuardedCallback (node_modules/react-dom/cjs/react-dom.development.js:4277:31)
      at invokeGuardedCallbackAndCatchFirstError (node_modules/react-dom/cjs/react-dom.development.js:4291:25)
      at executeDispatch (node_modules/react-dom/cjs/react-dom.development.js:9041:3)
      at processDispatchQueueItemsInOrder (node_modules/react-dom/cjs/react-dom.development.js:9073:7)
      at processDispatchQueue (node_modules/react-dom/cjs/react-dom.development.js:9086:5)
      at dispatchEventsForPlugins (node_modules/react-dom/cjs/react-dom.development.js:9097:3)
      at node_modules/react-dom/cjs/react-dom.development.js:9288:12
      at batchedUpdates$1 (node_modules/react-dom/cjs/react-dom.development.js:26179:12)
      at batchedUpdates (node_modules/react-dom/cjs/react-dom.development.js:3991:12)
      at dispatchEventForPluginEventSystem (node_modules/react-dom/cjs/react-dom.development.js:9287:3)
      at dispatchEventWithEnableCapturePhaseSelectiveHydrationWithoutDiscreteEventReplay 
(node_modules/react-dom/cjs/react-dom.development.js:6465:5)
      at dispatchEvent (node_modules/react-dom/cjs/react-dom.development.js:6457:5)
      at dispatchDiscreteEvent (node_modules/react-dom/cjs/react-dom.development.js:6430:5)
      at HTMLDivElement.callTheUserObjectsOperation 
(node_modules/jsdom/lib/jsdom/living/generated/EventListener.js:26:30)
      at innerInvokeEventListeners (node_modules/jsdom/lib/jsdom/living/events/EventTarget-impl.js:350:25)
      at invokeEventListeners (node_modules/jsdom/lib/jsdom/living/events/EventTarget-impl.js:286:3)
      at HTMLButtonElementImpl._dispatch (node_modules/jsdom/lib/jsdom/living/events/EventTarget-impl.js:233:9)
      at HTMLButtonElementImpl.dispatchEvent (node_modules/jsdom/lib/jsdom/living/events/EventTarget-impl.js:104:17)
      at HTMLButtonElement.dispatchEvent (node_modules/jsdom/lib/jsdom/living/generated/EventTarget.js:241:34)
      at node_modules/@testing-library/user-event/dist/cjs/event/dispatchEvent.js:45:43
      at Object.eventWrapper (node_modules/@testing-library/dom/dist/config.js:25:23)
      at Object.wrapEvent (node_modules/@testing-library/user-event/dist/cjs/event/wrapEvent.js:6:28)
      at Object.dispatchEvent (node_modules/@testing-library/user-event/dist/cjs/event/dispatchEvent.js:45:22)
      at Object.dispatchUIEvent (node_modules/@testing-library/user-event/dist/cjs/event/dispatchEvent.js:22:26)
      at Mouse.up (node_modules/@testing-library/user-event/dist/cjs/system/pointer/mouse.js:100:30)
      at PointerHost.release (node_modules/@testing-library/user-event/dist/cjs/system/pointer/index.js:87:24)
      at pointerAction (node_modules/@testing-library/user-event/dist/cjs/pointer/index.js:54:47)
      at Object.pointer (node_modules/@testing-library/user-event/dist/cjs/pointer/index.js:27:9)
      at Object.<anonymous> (src/client/components/__tests__/PlatformAdmin.test.tsx:460:5)

PASS server src/server/__tests__/superAdmin.test.ts
  ΓùÅ Console

    console.warn
      [db] DATABASE_URL is not set ΓÇö database queries will fail.

      2 |
      3 | if (!process.env.DATABASE_URL) {
    > 4 |   console.warn('[db] DATABASE_URL is not set ΓÇö database queries will fail.');
        |           ^
      5 | }
      6 |
      7 | const databaseUrl = process.env.DATABASE_URL ?? '';

      at Object.<anonymous> (src/server/db.ts:4:11)
      at Object.<anonymous> (src/server/db/drizzle.ts:2:1)
      at Object.<anonymous> (src/server/services/groupService.ts:1:1)
      at Object.<anonymous> (src/server/middleware/rbac.ts:4:1)
      at Object.<anonymous> (src/server/__tests__/superAdmin.test.ts:6:1)

PASS server src/server/__tests__/uiMock.test.ts
PASS client src/client/hooks/__tests__/useInterviews.test.ts (11.682 s)
